 Frodo

 Timestamp is 58f151ac (Sat Apr 15 00:48:12 2017)

 Preferred load address is 0000000180000000

 Start         Length     Name                   Class
 0001:00000000 000ad558H .textbss                DATA
 0002:00000000 00004d50H .text$di                CODE
 0002:00004d50 001565f0H .text$mn                CODE
 0002:0015b340 00001020H .text$mn$00             CODE
 0002:0015c360 00006f10H .text$x                 CODE
 0002:00163270 00001624H .text$yd                CODE
 0003:00000000 00000110H .CRT$XCA                DATA
 0003:00000110 000001f8H .CRT$XCU                DATA
 0003:00000308 00000110H .CRT$XCZ                DATA
 0003:00000418 00000110H .CRT$XIA                DATA
 0003:00000528 00000110H .CRT$XIZ                DATA
 0003:00000638 00000110H .CRT$XPA                DATA
 0003:00000748 00000110H .CRT$XPZ                DATA
 0003:00000858 00000110H .CRT$XTA                DATA
 0003:00000968 00000118H .CRT$XTZ                DATA
 0003:00000a80 00051638H .rdata                  DATA
 0003:000520b8 00001490H .rdata$r                DATA
 0003:00053548 00000188H .rdata$zzzdbg           DATA
 0003:000536d0 00000110H .rtc$IAA                DATA
 0003:000537e0 00000620H .rtc$IMZ                DATA
 0003:00053e00 00000110H .rtc$IZZ                DATA
 0003:00053f10 00000110H .rtc$TAA                DATA
 0003:00054020 00000620H .rtc$TMZ                DATA
 0003:00054640 00000110H .rtc$TZZ                DATA
 0003:00054750 00014db8H .xdata                  DATA
 0003:00069508 00000218H .xdata$x                DATA
 0003:00069720 0000cc2bH .edata                  DATA
 0004:00000000 00001080H .data                   DATA
 0004:00001080 00000760H .data$r                 DATA
 0004:000017e0 0003a6b9H .bss                    DATA
 0005:00000000 0000c7bcH .pdata                  DATA
 0006:00000000 000007f8H .idata$5                DATA
 0006:000007f8 000000b4H .idata$2                DATA
 0006:000008ac 00000014H .idata$3                DATA
 0006:000008c0 000007f8H .idata$4                DATA
 0006:000010b8 00000baaH .idata$6                DATA
 0007:00000000 00000156H .gfids$y                DATA
 0008:00000000 0000011bH .00cfg                  DATA
 0009:00000000 00000170H .rsrc$01                DATA
 0009:00000170 000002ccH .rsrc$02                DATA

  Address         Publics by Value              Rva+Base               Lib:Object

 0000:00000000       __guard_fids_table         0000000000000000     <absolute>
 0000:00000000       ___safe_se_handler_table   0000000000000000     <absolute>
 0000:00000000       __guard_longjmp_count      0000000000000000     <absolute>
 0000:00000000       __guard_longjmp_table      0000000000000000     <absolute>
 0000:00000000       __dynamic_value_reloc_table 0000000000000000     <absolute>
 0000:00000000       ___safe_se_handler_count   0000000000000000     <absolute>
 0000:00000000       __guard_fids_count         0000000000000000     <absolute>
 0000:00000000       __guard_iat_table          0000000000000000     <absolute>
 0000:00000000       __guard_iat_count          0000000000000000     <absolute>
 0000:00000100       __guard_flags              0000000000000100     <absolute>
 0000:00000000       __ImageBase                0000000180000000     <linker-defined>
 0001:00000000       __enc$textbss$begin        0000000180001000     <linker-defined>
 0001:000ad558       __enc$textbss$end          00000001800ae558     <linker-defined>
 0002:00004d50       ??0?$List@PEAVEventListener@FD@@@FD@@QEAA@XZ 00000001800b3d50 f i eventdispatcher.obj
 0002:00004df0       ??0EventListener@FD@@QEAA@AEBV01@@Z 00000001800b3df0 f i eventdispatcher.obj
 0002:00004e60       ??0EventListener@FD@@QEAA@XZ 00000001800b3e60 f i eventdispatcher.obj
 0002:00004ed0       ??1?$List@PEAVEventListener@FD@@@FD@@QEAA@XZ 00000001800b3ed0 f i eventdispatcher.obj
 0002:00004f40       ??1EventListener@FD@@QEAA@XZ 00000001800b3f40 f i eventdispatcher.obj
 0002:00004fc0       ??4EventDispatcher@FD@@QEAAAEAV01@$$QEAV01@@Z 00000001800b3fc0 f i eventdispatcher.obj
 0002:00005010       ??4EventDispatcher@FD@@QEAAAEAV01@AEBV01@@Z 00000001800b4010 f i eventdispatcher.obj
 0002:00005060       ??4EventListener@FD@@QEAAAEAV01@AEBV01@@Z 00000001800b4060 f i eventdispatcher.obj
 0002:000050b0       ??4ivec2@FD@@QEAAAEAV01@$$QEAV01@@Z 00000001800b40b0 f i eventdispatcher.obj
 0002:00005130       ??4ivec2@FD@@QEAAAEAV01@AEBV01@@Z 00000001800b4130 f i eventdispatcher.obj
 0002:000051a0       ??4vec2@FD@@QEAAAEAV01@$$QEAV01@@Z 00000001800b41a0 f i eventdispatcher.obj
 0002:00005230       ??4vec2@FD@@QEAAAEAV01@AEBV01@@Z 00000001800b4230 f i eventdispatcher.obj
 0002:000052a0       ??A?$List@PEAVEventListener@FD@@@FD@@QEAAAEAPEAVEventListener@1@_K@Z 00000001800b42a0 f i eventdispatcher.obj
 0002:00005300       ??Givec2@FD@@QEAA?AV01@XZ  00000001800b4300 f i eventdispatcher.obj
 0002:00005390       ??Gvec2@FD@@QEAA?AV01@XZ   00000001800b4390 f i eventdispatcher.obj
 0002:00005430       ??Xivec2@FD@@QEAAXAEBV01@@Z 00000001800b4430 f i eventdispatcher.obj
 0002:00005490       ??Xivec2@FD@@QEAAXH@Z      00000001800b4490 f i eventdispatcher.obj
 0002:000054f0       ??Xvec2@FD@@QEAAXAEBV01@@Z 00000001800b44f0 f i eventdispatcher.obj
 0002:00005550       ??Xvec2@FD@@QEAAXM@Z       00000001800b4550 f i eventdispatcher.obj
 0002:000055c0       ??Yivec2@FD@@QEAAXAEBV01@@Z 00000001800b45c0 f i eventdispatcher.obj
 0002:00005620       ??Yivec2@FD@@QEAAXH@Z      00000001800b4620 f i eventdispatcher.obj
 0002:00005680       ??Yvec2@FD@@QEAAXAEBV01@@Z 00000001800b4680 f i eventdispatcher.obj
 0002:000056e0       ??Yvec2@FD@@QEAAXM@Z       00000001800b46e0 f i eventdispatcher.obj
 0002:00005750       ??Zivec2@FD@@QEAAXAEBV01@@Z 00000001800b4750 f i eventdispatcher.obj
 0002:000057b0       ??Zivec2@FD@@QEAAXH@Z      00000001800b47b0 f i eventdispatcher.obj
 0002:00005810       ??Zvec2@FD@@QEAAXAEBV01@@Z 00000001800b4810 f i eventdispatcher.obj
 0002:00005870       ??Zvec2@FD@@QEAAXM@Z       00000001800b4870 f i eventdispatcher.obj
 0002:000058e0       ??_0ivec2@FD@@QEAAXAEBV01@@Z 00000001800b48e0 f i eventdispatcher.obj
 0002:00005940       ??_0ivec2@FD@@QEAAXH@Z     00000001800b4940 f i eventdispatcher.obj
 0002:000059a0       ??_0vec2@FD@@QEAAXAEBV01@@Z 00000001800b49a0 f i eventdispatcher.obj
 0002:00005a00       ??_0vec2@FD@@QEAAXM@Z      00000001800b4a00 f i eventdispatcher.obj
 0002:00005a70       ?AddListener@EventDispatcher@FD@@SAXPEAVEventListener@2@@Z 00000001800b4a70 f   eventdispatcher.obj
 0002:00005ad0       ?DispatchEvent@EventDispatcher@FD@@SAXPEBVEvent@2@@Z 00000001800b4ad0 f   eventdispatcher.obj
 0002:000060a0       ?GetAction@EventKeyboardActionKey@FD@@QEBAIXZ 00000001800b50a0 f i eventdispatcher.obj
 0002:000060f0       ?GetAction@EventMouseActionButton@FD@@QEBA?AW4FD_ACTION@12@XZ 00000001800b50f0 f i eventdispatcher.obj
 0002:00006140       ?GetAction@EventWindowState@FD@@QEBA?AW4FD_ACTION@12@XZ 00000001800b5140 f i eventdispatcher.obj
 0002:00006190       ?GetButton@EventMouseActionButton@FD@@QEBAIXZ 00000001800b5190 f i eventdispatcher.obj
 0002:000061e0       ?GetEventType@Event@FD@@QEBA?AW4FD_TYPE@12@XZ 00000001800b51e0 f i eventdispatcher.obj
 0002:00006230       ?GetKey@EventKeyboardActionKey@FD@@QEBAIXZ 00000001800b5230 f i eventdispatcher.obj
 0002:00006280       ?GetPosition@EventMouseActionMove@FD@@QEBA?AVivec2@2@XZ 00000001800b5280 f i eventdispatcher.obj
 0002:000062f0       ?GetPosition@EventWindowActionMove@FD@@QEBA?AVivec2@2@XZ 00000001800b52f0 f i eventdispatcher.obj
 0002:00006360       ?GetSize@?$List@PEAVEventListener@FD@@@FD@@QEBA?B_KXZ 00000001800b5360 f i eventdispatcher.obj
 0002:000063b0       ?GetSize@EventWindowActionResize@FD@@QEBA?AVivec2@2@XZ 00000001800b53b0 f i eventdispatcher.obj
 0002:00006420       ?GetSizeInBytes@?$List@PEAVEventListener@FD@@@FD@@QEBA?B_KXZ 00000001800b5420 f i eventdispatcher.obj
 0002:00006480       ?OnEvent@EventListener@FD@@UEAA_NPEBVEvent@2@@Z 00000001800b5480 f i eventdispatcher.obj
 0002:000064d0       ?OnEvent@EventListener@FD@@UEAA_NPEBVEventKeyboardActionKey@2@@Z 00000001800b54d0 f i eventdispatcher.obj
 0002:00006520       ?OnEvent@EventListener@FD@@UEAA_NPEBVEventMouseActionButton@2@@Z 00000001800b5520 f i eventdispatcher.obj
 0002:00006570       ?OnEvent@EventListener@FD@@UEAA_NPEBVEventMouseActionMove@2@@Z 00000001800b5570 f i eventdispatcher.obj
 0002:000065c0       ?OnEvent@EventListener@FD@@UEAA_NPEBVEventWindowActionMove@2@@Z 00000001800b55c0 f i eventdispatcher.obj
 0002:00006610       ?OnEvent@EventListener@FD@@UEAA_NPEBVEventWindowActionResize@2@@Z 00000001800b5610 f i eventdispatcher.obj
 0002:00006660       ?OnEvent@EventListener@FD@@UEAA_NPEBVEventWindowState@2@@Z 00000001800b5660 f i eventdispatcher.obj
 0002:000066b0       ?OnKeyboardActionKeyHold@EventListener@FD@@UEAA_NI@Z 00000001800b56b0 f i eventdispatcher.obj
 0002:00006700       ?OnKeyboardActionKeyPressed@EventListener@FD@@UEAA_NI@Z 00000001800b5700 f i eventdispatcher.obj
 0002:00006750       ?OnKeyboardActionKeyReleased@EventListener@FD@@UEAA_NI@Z 00000001800b5750 f i eventdispatcher.obj
 0002:000067a0       ?OnMouseActionButtonHold@EventListener@FD@@UEAA_NI@Z 00000001800b57a0 f i eventdispatcher.obj
 0002:000067f0       ?OnMouseActionButtonPressed@EventListener@FD@@UEAA_NI@Z 00000001800b57f0 f i eventdispatcher.obj
 0002:00006840       ?OnMouseActionButtonReleased@EventListener@FD@@UEAA_NI@Z 00000001800b5840 f i eventdispatcher.obj
 0002:00006890       ?OnMouseActionMove@EventListener@FD@@UEAA_NVivec2@2@@Z 00000001800b5890 f i eventdispatcher.obj
 0002:000068e0       ?OnWindowActionMove@EventListener@FD@@UEAA_NVivec2@2@@Z 00000001800b58e0 f i eventdispatcher.obj
 0002:00006930       ?OnWindowActionResize@EventListener@FD@@UEAA_NVivec2@2@@Z 00000001800b5930 f i eventdispatcher.obj
 0002:00006980       ?OnWindowStateChanged@EventListener@FD@@UEAA_NW4FD_ACTION@EventWindowState@2@@Z 00000001800b5980 f i eventdispatcher.obj
 0002:000069d0       ?Push_back@?$List@PEAVEventListener@FD@@@FD@@QEAAXPEAVEventListener@2@@Z 00000001800b59d0 f i eventdispatcher.obj
 0002:00006ab0       ?Remove@?$List@PEAVEventListener@FD@@@FD@@QEAAPEAVEventListener@2@PEAV32@@Z 00000001800b5ab0 f i eventdispatcher.obj
 0002:00006b70       ?RemoveIndex@?$List@PEAVEventListener@FD@@@FD@@QEAAPEAVEventListener@2@_K@Z 00000001800b5b70 f i eventdispatcher.obj
 0002:00006c80       ?RemoveListener@EventDispatcher@FD@@SAXPEAVEventListener@2@@Z 00000001800b5c80 f   eventdispatcher.obj
 0002:00006ce0       ?Reserve@?$List@PEAVEventListener@FD@@@FD@@QEAAX_K@Z 00000001800b5ce0 f i eventdispatcher.obj
 0002:00006e30       ?__autoclassinit2@?$List@PEAVEventListener@FD@@@FD@@QEAAX_K@Z 00000001800b5e30 f i eventdispatcher.obj
 0002:00006e90       ??$__vcrt_va_start_verify_argument_type@QEB_W@@YAXXZ 00000001800b5e90 f i input.obj
 0002:00006ec0       ??0String@FD@@QEAA@XZ      00000001800b5ec0 f i input.obj
 0002:00006f30       ??0Window@FD@@QEAA@AEBV01@@Z 00000001800b5f30 f i input.obj
 0002:000070b0       ??4D3DContext@FD@@QEAAAEAV01@AEBV01@@Z 00000001800b60b0 f i input.obj
 0002:00007120       ??4Input@FD@@QEAAAEAV01@$$QEAV01@@Z 00000001800b6120 f i input.obj
 0002:00007170       ??4Input@FD@@QEAAAEAV01@AEBV01@@Z 00000001800b6170 f i input.obj
 0002:000071c0       ??4Window@FD@@QEAAAEAV01@AEBV01@@Z 00000001800b61c0 f i input.obj
 0002:00007340       ??6String@FD@@QEAAAEAV01@AEBV01@@Z 00000001800b6340 f i input.obj
 0002:000073a0       ??6String@FD@@QEAAAEAV01@D@Z 00000001800b63a0 f i input.obj
 0002:00007400       ??DString@FD@@QEBAPEADXZ   00000001800b6400 f i input.obj
 0002:00007450       ??YString@FD@@QEAAXAEBV01@@Z 00000001800b6450 f i input.obj
 0002:000074b0       ??YString@FD@@QEAAXD@Z     00000001800b64b0 f i input.obj
 0002:00007510       ?CaptureMouse@Input@FD@@SAXXZ 00000001800b6510 f i input.obj
 0002:00007560       ?GetAspectRatio@Window@FD@@QEBAMXZ 00000001800b6560 f i input.obj
 0002:000075d0       ?GetContext@D3DContext@FD@@SAPEAV12@XZ 00000001800b65d0 f i input.obj
 0002:00007610       ?GetDefaultDepthStencilView@D3DContext@FD@@SAPEAUID3D11DepthStencilView@@XZ 00000001800b6610 f i input.obj
 0002:00007650       ?GetDefaultRenderTarget@D3DContext@FD@@SAPEAUID3D11RenderTargetView@@XZ 00000001800b6650 f i input.obj
 0002:00007690       ?GetDevice@D3DContext@FD@@SAPEAUID3D11Device@@XZ 00000001800b6690 f i input.obj
 0002:000076d0       ?GetDeviceContext@D3DContext@FD@@SAPEAUID3D11DeviceContext@@XZ 00000001800b66d0 f i input.obj
 0002:00007710       ?GetHWND@Window@FD@@QEBAPEAUHWND__@@XZ 00000001800b6710 f i input.obj
 0002:00007760       ?GetHeight@Window@FD@@QEBAHXZ 00000001800b6760 f i input.obj
 0002:000077b0       ?GetMouseX@Input@FD@@SAIXZ 00000001800b67b0 f i input.obj
 0002:000077f0       ?GetMouseY@Input@FD@@SAIXZ 00000001800b67f0 f i input.obj
 0002:00007830       ?GetSwapChain@D3DContext@FD@@SAPEAUIDXGISwapChain@@XZ 00000001800b6830 f i input.obj
 0002:00007870       ?GetTitle@Window@FD@@QEBAAEBVString@2@XZ 00000001800b6870 f i input.obj
 0002:000078c0       ?GetWCHAR@String@FD@@QEBAPEA_WXZ 00000001800b68c0 f i input.obj
 0002:000079c0       ?GetWidth@Window@FD@@QEBAHXZ 00000001800b69c0 f i input.obj
 0002:00007a10       ?GetWindow@D3DContext@FD@@SAPEAVWindow@2@XZ 00000001800b6a10 f i input.obj
 0002:00007a50       ?Init@Input@FD@@SAXPEAVWindow@2@@Z 00000001800b6a50 f   input.obj
 0002:00007ae0       ?IsKeyDown@Input@FD@@SA_NE@Z 00000001800b6ae0 f   input.obj
 0002:00007b40       ?IsKeyDownOnce@Input@FD@@SA_NE@Z 00000001800b6b40 f   input.obj
 0002:00007be0       ?IsMouseCaptured@Input@FD@@SA_NXZ 00000001800b6be0 f i input.obj
 0002:00007c20       ?IsNull@String@FD@@QEBA_NXZ 00000001800b6c20 f i input.obj
 0002:00007cb0       ?IsOpen@Window@FD@@QEBA_NXZ 00000001800b6cb0 f i input.obj
 0002:00007d00       ?IsVisible@Window@FD@@QEBA_NXZ 00000001800b6d00 f i input.obj
 0002:00007d50       ?ReleaseMouse@Input@FD@@SAXXZ 00000001800b6d50 f i input.obj
 0002:00007da0       ?SetActiveDeviceContext@D3DContext@FD@@SAXPEAUID3D11DeviceContext@@@Z 00000001800b6da0 f i input.obj
 0002:00007e30       ?SetClearColor@Window@FD@@QEAAXMMM@Z 00000001800b6e30 f i input.obj
 0002:00007f00       ?SetMousePos@Input@FD@@SAXII@Z 00000001800b6f00 f   input.obj
 0002:00007fd0       ?SetNoDelete@String@FD@@QEAAX_N@Z 00000001800b6fd0 f i input.obj
 0002:00008030       ?SetVSync@Window@FD@@QEAAXI@Z 00000001800b7030 f i input.obj
 0002:000080b0       ?Update@Input@FD@@SAXXZ    00000001800b70b0 f   input.obj
 0002:00008130       ?__autoclassinit2@D3DContext@FD@@QEAAX_K@Z 00000001800b7130 f i input.obj
 0002:00008190       ?__autoclassinit2@String@FD@@QEAAX_K@Z 00000001800b7190 f i input.obj
 0002:000081f0       ?__autoclassinit2@Window@FD@@QEAAX_K@Z 00000001800b71f0 f i input.obj
 0002:00008250       __local_stdio_printf_options 00000001800b7250 f i input.obj
 0002:00008290       _vswprintf_s_l             00000001800b7290 f i input.obj
 0002:00008360       swprintf_s                 00000001800b7360 f i input.obj
 0002:00008450       ??$__vcrt_va_start_verify_argument_type@PEBD@@YAXXZ 00000001800b7450 f i log.obj
 0002:00008480       ??$__vcrt_va_start_verify_argument_type@QEBD@@YAXXZ 00000001800b7480 f i log.obj
 0002:000084b0       ?FDLog@FD@@YAXEPEBDZZ      00000001800b74b0 f   log.obj
 0002:00008700       _vfprintf_l                00000001800b7700 f i log.obj
 0002:00008790       printf                     00000001800b7790 f i log.obj
 0002:00008880       vprintf                    00000001800b7880 f i log.obj
 0002:00008900       ??$Push@H@BufferLayout@FD@@QEAAXPEBDI@Z 00000001800b7900 f i uibutton.obj
 0002:000089b0       ??$Push@I@BufferLayout@FD@@QEAAXPEBDI@Z 00000001800b79b0 f i uibutton.obj
 0002:00008a60       ??$Push@M@BufferLayout@FD@@QEAAXPEBDI@Z 00000001800b7a60 f i uibutton.obj
 0002:00008b10       ??$Push@Vvec2@FD@@@BufferLayout@FD@@QEAAXPEBDI@Z 00000001800b7b10 f i uibutton.obj
 0002:00008bc0       ??$Push@Vvec3@FD@@@BufferLayout@FD@@QEAAXPEBDI@Z 00000001800b7bc0 f i uibutton.obj
 0002:00008c70       ??$Push@Vvec4@FD@@@BufferLayout@FD@@QEAAXPEBDI@Z 00000001800b7c70 f i uibutton.obj
 0002:00008d20       ??0?$List@I@FD@@QEAA@AEBV01@@Z 00000001800b7d20 f i uibutton.obj
 0002:00008e40       ??0?$List@PEAUShaderGenBlock@Shader@FD@@@FD@@QEAA@AEBV01@@Z 00000001800b7e40 f i uibutton.obj
 0002:00008f60       ??0?$List@PEAUShaderGenVariable@Shader@FD@@@FD@@QEAA@AEBV01@@Z 00000001800b7f60 f i uibutton.obj
 0002:00009080       ??0?$List@PEAUShaderStructInfo@Shader@FD@@@FD@@QEAA@AEBV01@@Z 00000001800b8080 f i uibutton.obj
 0002:000091a0       ??0?$List@PEAUShaderTextureInfo@Shader@FD@@@FD@@QEAA@AEBV01@@Z 00000001800b81a0 f i uibutton.obj
 0002:000092c0       ??0?$List@PEAVLight@FD@@@FD@@QEAA@AEBV01@@Z 00000001800b82c0 f i uibutton.obj
 0002:000093e0       ??0?$List@PEAVLight@FD@@@FD@@QEAA@XZ 00000001800b83e0 f i uibutton.obj
 0002:00009480       ??0?$List@PEAVTexture2D@FD@@@FD@@QEAA@AEBV01@@Z 00000001800b8480 f i uibutton.obj
 0002:000095a0       ??0?$List@PEAVTexture@FD@@@FD@@QEAA@AEBV01@@Z 00000001800b85a0 f i uibutton.obj
 0002:000096c0       ??0?$List@PEAVUIItem@FD@@@FD@@QEAA@AEBV01@@Z 00000001800b86c0 f i uibutton.obj
 0002:000097e0       ??0?$List@PEAVUIText@FD@@@FD@@QEAA@AEBV01@@Z 00000001800b87e0 f i uibutton.obj
 0002:00009900       ??0?$List@PEAVUIText@FD@@@FD@@QEAA@XZ 00000001800b8900 f i uibutton.obj
 0002:000099a0       ??0?$List@UBufferLayoutAttrib@BufferLayout@FD@@@FD@@QEAA@AEBV01@@Z 00000001800b89a0 f i uibutton.obj
 0002:00009b70       ??0?$List@UBufferLayoutAttrib@BufferLayout@FD@@@FD@@QEAA@XZ 00000001800b8b70 f i uibutton.obj
 0002:00009c10       ??0?$List@UFD_GLYPH@Font@FD@@@FD@@QEAA@AEBV01@@Z 00000001800b8c10 f i uibutton.obj
 0002:00009da0       ??0?$List@URenderCommand@FD@@@FD@@QEAA@AEBV01@@Z 00000001800b8da0 f i uibutton.obj
 0002:00009f30       ??0?$List@URenderCommand@FD@@@FD@@QEAA@XZ 00000001800b8f30 f i uibutton.obj
 0002:00009fd0       ??0?$Map@IPEAVTexture@FD@@@FD@@QEAA@AEBV01@@Z 00000001800b8fd0 f i uibutton.obj
 0002:0000a080       ??0?$Map@IUFD_GLYPH@Font@FD@@@FD@@QEAA@AEBV01@@Z 00000001800b9080 f i uibutton.obj
 0002:0000a130       ??0BatchRenderer@FD@@QEAA@AEBV01@@Z 00000001800b9130 f i uibutton.obj
 0002:0000a340       ??0Buffer@FD@@IEAA@XZ      00000001800b9340 f i uibutton.obj
 0002:0000a3b0       ??0Buffer@FD@@QEAA@AEBV01@@Z 00000001800b93b0 f i uibutton.obj
 0002:0000a450       ??0BufferLayout@FD@@QEAA@AEBV01@@Z 00000001800b9450 f i uibutton.obj
 0002:0000a4e0       ??0BufferLayout@FD@@QEAA@XZ 00000001800b94e0 f i uibutton.obj
 0002:0000a580       ??0BufferLayoutAttrib@BufferLayout@FD@@QEAA@XZ 00000001800b9580 f i uibutton.obj
 0002:0000a5e0       ??0Camera@FD@@QEAA@$$QEAV01@@Z 00000001800b95e0 f i uibutton.obj
 0002:0000a6e0       ??0Camera@FD@@QEAA@AEBV01@@Z 00000001800b96e0 f i uibutton.obj
 0002:0000a7e0       ??0Camera@FD@@QEAA@AEBVvec3@1@0@Z 00000001800b97e0 f i uibutton.obj
 0002:0000a8d0       ??0ConstantBufferSlot@Shader@FD@@QEAA@AEBU012@@Z 00000001800b98d0 f i uibutton.obj
 0002:0000a990       ??0DirectionalLight@FD@@QEAA@AEBVvec3@1@0@Z 00000001800b9990 f i uibutton.obj
 0002:0000aa40       ??0Entity@FD@@QEAA@AEBV01@@Z 00000001800b9a40 f i uibutton.obj
 0002:0000ab30       ??0Entity@FD@@QEAA@AEBVvec3@1@00@Z 00000001800b9b30 f i uibutton.obj
 0002:0000ac20       ??0Entity@FD@@QEAA@XZ      00000001800b9c20 f i uibutton.obj
 0002:0000ace0       ??0FD_GLYPH@Font@FD@@QEAA@XZ 00000001800b9ce0 f i uibutton.obj
 0002:0000ad90       ??0Font@FD@@QEAA@AEBV01@@Z 00000001800b9d90 f i uibutton.obj
 0002:0000af00       ??0FontRenderer@FD@@QEAA@AEBV01@@Z 00000001800b9f00 f i uibutton.obj
 0002:0000af80       ??0IndexBuffer@FD@@QEAA@$$QEAV01@@Z 00000001800b9f80 f i uibutton.obj
 0002:0000b030       ??0IndexBuffer@FD@@QEAA@AEBV01@@Z 00000001800ba030 f i uibutton.obj
 0002:0000b0e0       ??0Light@FD@@IEAA@AEBVvec3@1@@Z 00000001800ba0e0 f i uibutton.obj
 0002:0000b180       ??0LightStack@FD@@QEAA@AEBV01@@Z 00000001800ba180 f i uibutton.obj
 0002:0000b1f0       ??0LightStack@FD@@QEAA@XZ  00000001800ba1f0 f i uibutton.obj
 0002:0000b250       ??0Material@FD@@QEAA@AEBV01@@Z 00000001800ba250 f i uibutton.obj
 0002:0000b360       ??0MaterialInstance@FD@@QEAA@AEBV01@@Z 00000001800ba360 f i uibutton.obj
 0002:0000b490       ??0Mesh@FD@@QEAA@PEAVVertexBuffer@1@PEAVIndexBuffer@1@PEAVMaterialInstance@1@@Z 00000001800ba490 f i uibutton.obj
 0002:0000b530       ??0PointLight@FD@@QEAA@AEBVvec3@1@00@Z 00000001800ba530 f i uibutton.obj
 0002:0000b600       ??0RenderCommand@FD@@QEAA@XZ 00000001800ba600 f i uibutton.obj
 0002:0000b670       ??0Renderer@FD@@IEAA@PEAVWindow@1@@Z 00000001800ba670 f i uibutton.obj
 0002:0000b730       ??0Renderer@FD@@QEAA@AEBV01@@Z 00000001800ba730 f i uibutton.obj
 0002:0000b800       ??0Shader@FD@@QEAA@AEBV01@@Z 00000001800ba800 f i uibutton.obj
 0002:0000ba80       ??0SpotLight@FD@@QEAA@AEBVvec3@1@000Vvec2@1@@Z 00000001800baa80 f i uibutton.obj
 0002:0000bbb0       ??0Texture2D@FD@@AEAA@XZ   00000001800babb0 f i uibutton.obj
 0002:0000bc50       ??0Texture2D@FD@@QEAA@AEBV01@@Z 00000001800bac50 f i uibutton.obj
 0002:0000bcf0       ??0Texture@FD@@QEAA@AEBV01@@Z 00000001800bacf0 f i uibutton.obj
 0002:0000bda0       ??0Texture@FD@@QEAA@XZ     00000001800bada0 f i uibutton.obj
 0002:0000be10       ??0UIButton@FD@@QEAA@AEBV01@@Z 00000001800bae10 f i uibutton.obj
 0002:0000be90       ??0UIButton@FD@@QEAA@AEBVString@1@Vvec2@1@10@Z 00000001800bae90 f   uibutton.obj
 0002:0000c180       ??0UIHandler@FD@@QEAA@AEBV01@@Z 00000001800bb180 f i uibutton.obj
 0002:0000c250       ??0UIItem@FD@@IEAA@AEBVString@1@Vvec2@1@1@Z 00000001800bb250 f i uibutton.obj
 0002:0000c3f0       ??0UIItem@FD@@QEAA@AEBV01@@Z 00000001800bb3f0 f i uibutton.obj
 0002:0000c5d0       ??0UIText@FD@@QEAA@AEBV01@@Z 00000001800bb5d0 f i uibutton.obj
 0002:0000c760       ??0UIText@FD@@QEAA@AEBVString@1@Vvec2@1@PEAVFont@1@0@Z 00000001800bb760 f i uibutton.obj
 0002:0000c8e0       ??0UITextAutoResize@FD@@QEAA@AEBV01@@Z 00000001800bb8e0 f i uibutton.obj
 0002:0000c9f0       ??0UITextHorizontalScroll@FD@@QEAA@AEBV01@@Z 00000001800bb9f0 f i uibutton.obj
 0002:0000cad0       ??0VertexBuffer@FD@@QEAA@$$QEAV01@@Z 00000001800bbad0 f i uibutton.obj
 0002:0000cb80       ??0VertexBuffer@FD@@QEAA@AEBV01@@Z 00000001800bbb80 f i uibutton.obj
 0002:0000cc30       ??1?$List@PEAUShaderGenBlock@Shader@FD@@@FD@@QEAA@XZ 00000001800bbc30 f i uibutton.obj
 0002:0000cca0       ??1?$List@PEAUShaderGenVariable@Shader@FD@@@FD@@QEAA@XZ 00000001800bbca0 f i uibutton.obj
 0002:0000cd10       ??1?$List@PEAUShaderStructInfo@Shader@FD@@@FD@@QEAA@XZ 00000001800bbd10 f i uibutton.obj
 0002:0000cd80       ??1?$List@PEAVLight@FD@@@FD@@QEAA@XZ 00000001800bbd80 f i uibutton.obj
 0002:0000cdf0       ??1?$List@PEAVTexture@FD@@@FD@@QEAA@XZ 00000001800bbdf0 f i uibutton.obj
 0002:0000ce60       ??1?$List@PEAVUIText@FD@@@FD@@QEAA@XZ 00000001800bbe60 f i uibutton.obj
 0002:0000ced0       ??1?$List@UBufferLayoutAttrib@BufferLayout@FD@@@FD@@QEAA@XZ 00000001800bbed0 f i uibutton.obj
 0002:0000cf80       ??1?$List@UFD_GLYPH@Font@FD@@@FD@@QEAA@XZ 00000001800bbf80 f i uibutton.obj
 0002:0000cff0       ??1?$List@URenderCommand@FD@@@FD@@QEAA@XZ 00000001800bbff0 f i uibutton.obj
 0002:0000d060       ??1Buffer@FD@@UEAA@XZ      00000001800bc060 f i uibutton.obj
 0002:0000d110       ??1BufferLayoutAttrib@BufferLayout@FD@@QEAA@XZ 00000001800bc110 f i uibutton.obj
 0002:0000d170       ??1ConstantBufferSlot@Shader@FD@@QEAA@XZ 00000001800bc170 f i uibutton.obj
 0002:0000d1d0       ??1Entity@FD@@UEAA@XZ      00000001800bc1d0 f i uibutton.obj
 0002:0000d230       ??1IndexBuffer@FD@@UEAA@XZ 00000001800bc230 f i uibutton.obj
 0002:0000d280       ??1LightStack@FD@@QEAA@XZ  00000001800bc280 f i uibutton.obj
 0002:0000d300       ??1Mesh@FD@@QEAA@XZ        00000001800bc300 f i uibutton.obj
 0002:0000d3b0       ??1Renderer@FD@@UEAA@XZ    00000001800bc3b0 f i uibutton.obj
 0002:0000d430       ??1Texture@FD@@UEAA@XZ     00000001800bc430 f i uibutton.obj
 0002:0000d4e0       ??1UIButton@FD@@UEAA@XZ    00000001800bc4e0 f i uibutton.obj
 0002:0000d550       ??1UIItem@FD@@UEAA@XZ      00000001800bc550 f i uibutton.obj
 0002:0000d5e0       ??1UIText@FD@@UEAA@XZ      00000001800bc5e0 f i uibutton.obj
 0002:0000d670       ??1UITextAutoResize@FD@@UEAA@XZ 00000001800bc670 f i uibutton.obj
 0002:0000d6e0       ??1UITextHorizontalScroll@FD@@UEAA@XZ 00000001800bc6e0 f i uibutton.obj
 0002:0000d7d0       ??1VertexBuffer@FD@@UEAA@XZ 00000001800bc7d0 f i uibutton.obj
 0002:0000d820       ??4?$List@I@FD@@QEAAAEAV01@AEBV01@@Z 00000001800bc820 f i uibutton.obj
 0002:0000d960       ??4?$List@PEAUShaderGenBlock@Shader@FD@@@FD@@QEAAAEAV01@AEBV01@@Z 00000001800bc960 f i uibutton.obj
 0002:0000daa0       ??4?$List@PEAUShaderGenVariable@Shader@FD@@@FD@@QEAAAEAV01@AEBV01@@Z 00000001800bcaa0 f i uibutton.obj
 0002:0000dbe0       ??4?$List@PEAUShaderStructInfo@Shader@FD@@@FD@@QEAAAEAV01@AEBV01@@Z 00000001800bcbe0 f i uibutton.obj
 0002:0000dd20       ??4?$List@PEAUShaderTextureInfo@Shader@FD@@@FD@@QEAAAEAV01@AEBV01@@Z 00000001800bcd20 f i uibutton.obj
 0002:0000de60       ??4?$List@PEAVLight@FD@@@FD@@QEAAAEAV01@AEBV01@@Z 00000001800bce60 f i uibutton.obj
 0002:0000dfa0       ??4?$List@PEAVTexture2D@FD@@@FD@@QEAAAEAV01@AEBV01@@Z 00000001800bcfa0 f i uibutton.obj
 0002:0000e0e0       ??4?$List@PEAVTexture@FD@@@FD@@QEAAAEAV01@AEBV01@@Z 00000001800bd0e0 f i uibutton.obj
 0002:0000e220       ??4?$List@PEAVUIItem@FD@@@FD@@QEAAAEAV01@AEBV01@@Z 00000001800bd220 f i uibutton.obj
 0002:0000e360       ??4?$List@PEAVUIText@FD@@@FD@@QEAAAEAV01@AEBV01@@Z 00000001800bd360 f i uibutton.obj
 0002:0000e4a0       ??4?$List@UBufferLayoutAttrib@BufferLayout@FD@@@FD@@QEAAAEAV01@AEBV01@@Z 00000001800bd4a0 f i uibutton.obj
 0002:0000e6d0       ??4?$List@UFD_GLYPH@Font@FD@@@FD@@QEAAAEAV01@AEBV01@@Z 00000001800bd6d0 f i uibutton.obj
 0002:0000e880       ??4?$List@URenderCommand@FD@@@FD@@QEAAAEAV01@AEBV01@@Z 00000001800bd880 f i uibutton.obj
 0002:0000ea30       ??4?$Map@IPEAVTexture@FD@@@FD@@QEAAAEAV01@AEBV01@@Z 00000001800bda30 f i uibutton.obj
 0002:0000ead0       ??4?$Map@IUFD_GLYPH@Font@FD@@@FD@@QEAAAEAV01@AEBV01@@Z 00000001800bdad0 f i uibutton.obj
 0002:0000eb70       ??4BatchRenderer@FD@@QEAAAEAV01@AEBV01@@Z 00000001800bdb70 f i uibutton.obj
 0002:0000edb0       ??4Buffer@FD@@QEAAAEAV01@AEBV01@@Z 00000001800bddb0 f i uibutton.obj
 0002:0000ee40       ??4BufferLayout@FD@@QEAAAEAV01@AEBV01@@Z 00000001800bde40 f i uibutton.obj
 0002:0000eed0       ??4Camera@FD@@QEAAAEAV01@$$QEAV01@@Z 00000001800bded0 f i uibutton.obj
 0002:0000efc0       ??4Camera@FD@@QEAAAEAV01@AEBV01@@Z 00000001800bdfc0 f i uibutton.obj
 0002:0000f0b0       ??4ConstantBufferSlot@Shader@FD@@QEAAAEAU012@AEBU012@@Z 00000001800be0b0 f i uibutton.obj
 0002:0000f170       ??4DirectionalLight@FD@@QEAAAEAV01@$$QEAV01@@Z 00000001800be170 f i uibutton.obj
 0002:0000f220       ??4DirectionalLight@FD@@QEAAAEAV01@AEBV01@@Z 00000001800be220 f i uibutton.obj
 0002:0000f290       ??4Entity@FD@@QEAAAEAV01@AEBV01@@Z 00000001800be290 f i uibutton.obj
 0002:0000f370       ??4Font@FD@@QEAAAEAV01@AEBV01@@Z 00000001800be370 f i uibutton.obj
 0002:0000f4d0       ??4FontRenderer@FD@@QEAAAEAV01@AEBV01@@Z 00000001800be4d0 f i uibutton.obj
 0002:0000f540       ??4IndexBuffer@FD@@QEAAAEAV01@$$QEAV01@@Z 00000001800be540 f i uibutton.obj
 0002:0000f5e0       ??4IndexBuffer@FD@@QEAAAEAV01@AEBV01@@Z 00000001800be5e0 f i uibutton.obj
 0002:0000f680       ??4Light@FD@@QEAAAEAV01@$$QEAV01@@Z 00000001800be680 f i uibutton.obj
 0002:0000f710       ??4Light@FD@@QEAAAEAV01@AEBV01@@Z 00000001800be710 f i uibutton.obj
 0002:0000f780       ??4LightStack@FD@@QEAAAEAV01@AEBV01@@Z 00000001800be780 f i uibutton.obj
 0002:0000f7f0       ??4Material@FD@@QEAAAEAV01@AEBV01@@Z 00000001800be7f0 f i uibutton.obj
 0002:0000f8e0       ??4MaterialInstance@FD@@QEAAAEAV01@AEBV01@@Z 00000001800be8e0 f i uibutton.obj
 0002:0000f9e0       ??4Mesh@FD@@QEAAAEAV01@AEBV01@@Z 00000001800be9e0 f i uibutton.obj
 0002:0000fa50       ??4PointLight@FD@@QEAAAEAV01@$$QEAV01@@Z 00000001800bea50 f i uibutton.obj
 0002:0000fb40       ??4PointLight@FD@@QEAAAEAV01@AEBV01@@Z 00000001800beb40 f i uibutton.obj
 0002:0000fbb0       ??4Renderer@FD@@QEAAAEAV01@AEBV01@@Z 00000001800bebb0 f i uibutton.obj
 0002:0000fc60       ??4Shader@FD@@QEAAAEAV01@AEBV01@@Z 00000001800bec60 f i uibutton.obj
 0002:0000fec0       ??4SpotLight@FD@@QEAAAEAV01@$$QEAV01@@Z 00000001800beec0 f i uibutton.obj
 0002:0000ffb0       ??4SpotLight@FD@@QEAAAEAV01@AEBV01@@Z 00000001800befb0 f i uibutton.obj
 0002:00010020       ??4Texture2D@FD@@QEAAAEAV01@AEBV01@@Z 00000001800bf020 f i uibutton.obj
 0002:000100b0       ??4Texture@FD@@QEAAAEAV01@AEBV01@@Z 00000001800bf0b0 f i uibutton.obj
 0002:00010150       ??4TextureManager@FD@@QEAAAEAV01@$$QEAV01@@Z 00000001800bf150 f i uibutton.obj
 0002:000101a0       ??4TextureManager@FD@@QEAAAEAV01@AEBV01@@Z 00000001800bf1a0 f i uibutton.obj
 0002:000101f0       ??4UIButton@FD@@QEAAAEAV01@AEBV01@@Z 00000001800bf1f0 f i uibutton.obj
 0002:00010260       ??4UIHandler@FD@@QEAAAEAV01@AEBV01@@Z 00000001800bf260 f i uibutton.obj
 0002:00010310       ??4UIItem@FD@@QEAAAEAV01@AEBV01@@Z 00000001800bf310 f i uibutton.obj
 0002:000104d0       ??4UIText@FD@@QEAAAEAV01@AEBV01@@Z 00000001800bf4d0 f i uibutton.obj
 0002:00010640       ??4UITextAutoResize@FD@@QEAAAEAV01@AEBV01@@Z 00000001800bf640 f i uibutton.obj
 0002:00010730       ??4UITextHorizontalScroll@FD@@QEAAAEAV01@AEBV01@@Z 00000001800bf730 f i uibutton.obj
 0002:000107f0       ??4VertexBuffer@FD@@QEAAAEAV01@$$QEAV01@@Z 00000001800bf7f0 f i uibutton.obj
 0002:00010890       ??4VertexBuffer@FD@@QEAAAEAV01@AEBV01@@Z 00000001800bf890 f i uibutton.obj
 0002:00010930       ??4ivec3@FD@@QEAAAEAV01@$$QEAV01@@Z 00000001800bf930 f i uibutton.obj
 0002:000109d0       ??4ivec3@FD@@QEAAAEAV01@AEBV01@@Z 00000001800bf9d0 f i uibutton.obj
 0002:00010a40       ??4ivec4@FD@@QEAAAEAV01@$$QEAV01@@Z 00000001800bfa40 f i uibutton.obj
 0002:00010af0       ??4ivec4@FD@@QEAAAEAV01@AEBV01@@Z 00000001800bfaf0 f i uibutton.obj
 0002:00010b60       ??4mat3@FD@@QEAAAEAV01@$$QEAV01@@Z 00000001800bfb60 f i uibutton.obj
 0002:00010c00       ??4mat3@FD@@QEAAAEAV01@AEBV01@@Z 00000001800bfc00 f i uibutton.obj
 0002:00010c70       ??4mat4@FD@@QEAAAEAV01@$$QEAV01@@Z 00000001800bfc70 f i uibutton.obj
 0002:00010d10       ??4mat4@FD@@QEAAAEAV01@AEBV01@@Z 00000001800bfd10 f i uibutton.obj
 0002:00010d80       ??4vec3@FD@@QEAAAEAV01@$$QEAV01@@Z 00000001800bfd80 f i uibutton.obj
 0002:00010e30       ??4vec3@FD@@QEAAAEAV01@AEBV01@@Z 00000001800bfe30 f i uibutton.obj
 0002:00010ea0       ??4vec4@FD@@QEAAAEAV01@$$QEAV01@@Z 00000001800bfea0 f i uibutton.obj
 0002:00010f70       ??4vec4@FD@@QEAAAEAV01@AEBV01@@Z 00000001800bff70 f i uibutton.obj
 0002:00010fe0       ??AUIHandler@FD@@QEBAPEAVUIItem@1@_K@Z 00000001800bffe0 f i uibutton.obj
 0002:00011050       ??DFD@@YA?AVvec2@0@AEBV10@M@Z 00000001800c0050 f i uibutton.obj
 0002:000110f0       ??Givec3@FD@@QEAA?AV01@XZ  00000001800c00f0 f i uibutton.obj
 0002:00011190       ??Givec4@FD@@QEAA?AV01@XZ  00000001800c0190 f i uibutton.obj
 0002:00011250       ??Gvec3@FD@@QEAA?AV01@XZ   00000001800c0250 f i uibutton.obj
 0002:00011320       ??Gvec4@FD@@QEAA?AV01@XZ   00000001800c0320 f i uibutton.obj
 0002:00011400       ??HFD@@YA?AVvec2@0@AEBV10@0@Z 00000001800c0400 f i uibutton.obj
 0002:000114a0       ??Xivec3@FD@@QEAAXAEBV01@@Z 00000001800c04a0 f i uibutton.obj
 0002:00011500       ??Xivec3@FD@@QEAAXH@Z      00000001800c0500 f i uibutton.obj
 0002:00011560       ??Xivec4@FD@@QEAAXAEBV01@@Z 00000001800c0560 f i uibutton.obj
 0002:000115c0       ??Xivec4@FD@@QEAAXH@Z      00000001800c05c0 f i uibutton.obj
 0002:00011620       ??Xvec3@FD@@QEAAXAEBV01@@Z 00000001800c0620 f i uibutton.obj
 0002:00011680       ??Xvec3@FD@@QEAAXM@Z       00000001800c0680 f i uibutton.obj
 0002:000116f0       ??Xvec4@FD@@QEAAXAEBV01@@Z 00000001800c06f0 f i uibutton.obj
 0002:00011750       ??Xvec4@FD@@QEAAXM@Z       00000001800c0750 f i uibutton.obj
 0002:000117c0       ??Yivec3@FD@@QEAAXAEBV01@@Z 00000001800c07c0 f i uibutton.obj
 0002:00011820       ??Yivec3@FD@@QEAAXH@Z      00000001800c0820 f i uibutton.obj
 0002:00011880       ??Yivec4@FD@@QEAAXAEBV01@@Z 00000001800c0880 f i uibutton.obj
 0002:000118e0       ??Yivec4@FD@@QEAAXH@Z      00000001800c08e0 f i uibutton.obj
 0002:00011940       ??Yvec3@FD@@QEAAXAEBV01@@Z 00000001800c0940 f i uibutton.obj
 0002:000119a0       ??Yvec3@FD@@QEAAXM@Z       00000001800c09a0 f i uibutton.obj
 0002:00011a10       ??Yvec4@FD@@QEAAXAEBV01@@Z 00000001800c0a10 f i uibutton.obj
 0002:00011a70       ??Yvec4@FD@@QEAAXM@Z       00000001800c0a70 f i uibutton.obj
 0002:00011ae0       ??Zivec3@FD@@QEAAXAEBV01@@Z 00000001800c0ae0 f i uibutton.obj
 0002:00011b40       ??Zivec3@FD@@QEAAXH@Z      00000001800c0b40 f i uibutton.obj
 0002:00011ba0       ??Zivec4@FD@@QEAAXAEBV01@@Z 00000001800c0ba0 f i uibutton.obj
 0002:00011c00       ??Zivec4@FD@@QEAAXH@Z      00000001800c0c00 f i uibutton.obj
 0002:00011c60       ??Zvec3@FD@@QEAAXAEBV01@@Z 00000001800c0c60 f i uibutton.obj
 0002:00011cc0       ??Zvec3@FD@@QEAAXM@Z       00000001800c0cc0 f i uibutton.obj
 0002:00011d30       ??Zvec4@FD@@QEAAXAEBV01@@Z 00000001800c0d30 f i uibutton.obj
 0002:00011d90       ??Zvec4@FD@@QEAAXM@Z       00000001800c0d90 f i uibutton.obj
 0002:00011e00       ??_0ivec3@FD@@QEAAXAEBV01@@Z 00000001800c0e00 f i uibutton.obj
 0002:00011e60       ??_0ivec3@FD@@QEAAXH@Z     00000001800c0e60 f i uibutton.obj
 0002:00011ec0       ??_0ivec4@FD@@QEAAXAEBV01@@Z 00000001800c0ec0 f i uibutton.obj
 0002:00011f20       ??_0ivec4@FD@@QEAAXH@Z     00000001800c0f20 f i uibutton.obj
 0002:00011f80       ??_0vec3@FD@@QEAAXAEBV01@@Z 00000001800c0f80 f i uibutton.obj
 0002:00011fe0       ??_0vec3@FD@@QEAAXM@Z      00000001800c0fe0 f i uibutton.obj
 0002:00012050       ??_0vec4@FD@@QEAAXAEBV01@@Z 00000001800c1050 f i uibutton.obj
 0002:000120b0       ??_0vec4@FD@@QEAAXM@Z      00000001800c10b0 f i uibutton.obj
 0002:00012120       ??_EBatchRenderer@FD@@UEAAPEAXI@Z 00000001800c1120 f i uibutton.obj
 0002:00012250       ??_EBuffer@FD@@UEAAPEAXI@Z 00000001800c1250 f i uibutton.obj
 0002:00012370       ??_EBufferLayoutAttrib@BufferLayout@FD@@QEAAPEAXI@Z 00000001800c1370 f i uibutton.obj
 0002:00012490       ??_EEntity@FD@@UEAAPEAXI@Z 00000001800c1490 f i uibutton.obj
 0002:000125b0       ??_EFontRenderer@FD@@UEAAPEAXI@Z 00000001800c15b0 f i uibutton.obj
 0002:000126e0       ??_EIndexBuffer@FD@@UEAAPEAXI@Z 00000001800c16e0 f i uibutton.obj
 0002:00012800       ??_EMaterial@FD@@UEAAPEAXI@Z 00000001800c1800 f i uibutton.obj
 0002:00012930       ??_EMaterialInstance@FD@@UEAAPEAXI@Z 00000001800c1930 f i uibutton.obj
 0002:00012a60       ??_ERenderer@FD@@UEAAPEAXI@Z 00000001800c1a60 f i uibutton.obj
 0002:00012b80       ??_ETexture2D@FD@@UEAAPEAXI@Z 00000001800c1b80 f i uibutton.obj
 0002:00012ca0       ??_ETexture@FD@@UEAAPEAXI@Z 00000001800c1ca0 f i uibutton.obj
 0002:00012dc0       ??_EUIButton@FD@@UEAAPEAXI@Z 00000001800c1dc0 f i uibutton.obj
 0002:00012ef0       ??_EUIItem@FD@@UEAAPEAXI@Z 00000001800c1ef0 f i uibutton.obj
 0002:00013020       ??_EUIText@FD@@UEAAPEAXI@Z 00000001800c2020 f i uibutton.obj
 0002:00013140       ??_EUITextAutoResize@FD@@UEAAPEAXI@Z 00000001800c2140 f i uibutton.obj
 0002:00013270       ??_EUITextHorizontalScroll@FD@@UEAAPEAXI@Z 00000001800c2270 f i uibutton.obj
 0002:000133a0       ??_EVertexBuffer@FD@@UEAAPEAXI@Z 00000001800c23a0 f i uibutton.obj
 0002:000134c0       ??_GBatchRenderer@FD@@UEAAPEAXI@Z 00000001800c24c0 f i uibutton.obj
 0002:00013550       ??_GBuffer@FD@@UEAAPEAXI@Z 00000001800c2550 f i uibutton.obj
 0002:000135e0       ??_GEntity@FD@@UEAAPEAXI@Z 00000001800c25e0 f i uibutton.obj
 0002:00013670       ??_GFontRenderer@FD@@UEAAPEAXI@Z 00000001800c2670 f i uibutton.obj
 0002:00013700       ??_GIndexBuffer@FD@@UEAAPEAXI@Z 00000001800c2700 f i uibutton.obj
 0002:00013790       ??_GMaterial@FD@@UEAAPEAXI@Z 00000001800c2790 f i uibutton.obj
 0002:00013820       ??_GMaterialInstance@FD@@UEAAPEAXI@Z 00000001800c2820 f i uibutton.obj
 0002:000138b0       ??_GRenderer@FD@@UEAAPEAXI@Z 00000001800c28b0 f i uibutton.obj
 0002:00013940       ??_GTexture2D@FD@@UEAAPEAXI@Z 00000001800c2940 f i uibutton.obj
 0002:000139d0       ??_GTexture@FD@@UEAAPEAXI@Z 00000001800c29d0 f i uibutton.obj
 0002:00013a60       ??_GUIButton@FD@@UEAAPEAXI@Z 00000001800c2a60 f i uibutton.obj
 0002:00013af0       ??_GUIItem@FD@@UEAAPEAXI@Z 00000001800c2af0 f i uibutton.obj
 0002:00013b80       ??_GUIText@FD@@UEAAPEAXI@Z 00000001800c2b80 f i uibutton.obj
 0002:00013c10       ??_GUITextAutoResize@FD@@UEAAPEAXI@Z 00000001800c2c10 f i uibutton.obj
 0002:00013ca0       ??_GUITextHorizontalScroll@FD@@UEAAPEAXI@Z 00000001800c2ca0 f i uibutton.obj
 0002:00013d30       ??_GVertexBuffer@FD@@UEAAPEAXI@Z 00000001800c2d30 f i uibutton.obj
 0002:00013dc0       ??_H@YAXPEAX_K1P6APEAX0@Z@Z 00000001800c2dc0 f i uibutton.obj
 0002:00013eb0       ?Add@LightStack@FD@@QEAAXPEAVLight@2@@Z 00000001800c2eb0 f i uibutton.obj
 0002:00013f20       ?AddText@UIItem@FD@@QEAAXPEAVUIText@2@@Z 00000001800c2f20 f i uibutton.obj
 0002:00013f90       ?Find@?$List@I@FD@@QEBA_KI@Z 00000001800c2f90 f i uibutton.obj
 0002:00014040       ?Free@?$List@PEAVLight@FD@@@FD@@QEAAX_N@Z 00000001800c3040 f i uibutton.obj
 0002:00014160       ?Get@?$List@PEAVUIItem@FD@@@FD@@QEBAPEAVUIItem@2@_K@Z 00000001800c3160 f i uibutton.obj
 0002:000141c0       ?Get@?$List@UFD_GLYPH@Font@FD@@@FD@@QEBA?AUFD_GLYPH@Font@2@_K@Z 00000001800c31c0 f i uibutton.obj
 0002:00014250       ?GetAbsolutePosition@UIItem@FD@@QEBA?AVvec2@2@XZ 00000001800c3250 f i uibutton.obj
 0002:00014330       ?GetAdjustSize@UITextAutoResize@FD@@QEBA?AVvec2@2@XZ 00000001800c3330 f i uibutton.obj
 0002:000143a0       ?GetAttenuation@PointLight@FD@@QEAAAEAVvec3@2@XZ 00000001800c33a0 f i uibutton.obj
 0002:000143f0       ?GetBuffer@Buffer@FD@@QEBAPEAUID3D11Buffer@@XZ 00000001800c33f0 f i uibutton.obj
 0002:00014440       ?GetColor@Light@FD@@QEAAAEAVvec3@2@XZ 00000001800c3440 f i uibutton.obj
 0002:00014490       ?GetColor@UIItem@FD@@QEBA?AVvec4@2@XZ 00000001800c3490 f i uibutton.obj
 0002:00014500       ?GetColor@UIText@FD@@QEBA?AVvec4@2@XZ 00000001800c3500 f i uibutton.obj
 0002:00014570       ?GetCommandQueue@Renderer@FD@@QEBA?AV?$List@URenderCommand@FD@@@2@XZ 00000001800c3570 f i uibutton.obj
 0002:00014600       ?GetCount@IndexBuffer@FD@@QEBAIXZ 00000001800c3600 f i uibutton.obj
 0002:00014650       ?GetCursorLocation@UITextHorizontalScroll@FD@@QEBAIXZ 00000001800c3650 f i uibutton.obj
 0002:000146b0       ?GetCutoff@SpotLight@FD@@QEAAAEAMXZ 00000001800c36b0 f i uibutton.obj
 0002:00014700       ?GetCutoffExponent@SpotLight@FD@@QEAAAEAVvec2@2@XZ 00000001800c3700 f i uibutton.obj
 0002:00014750       ?GetData@mat3@FD@@QEBAPEBMXZ 00000001800c3750 f i uibutton.obj
 0002:000147a0       ?GetData@mat4@FD@@QEBAPEBMXZ 00000001800c37a0 f i uibutton.obj
 0002:000147f0       ?GetDefaultFont@Font@FD@@SAPEAV12@XZ 00000001800c37f0 f i uibutton.obj
 0002:00014830       ?GetDirection@DirectionalLight@FD@@QEAAAEAVvec3@2@XZ 00000001800c3830 f i uibutton.obj
 0002:00014880       ?GetDirection@SpotLight@FD@@QEAAAEAVvec3@2@XZ 00000001800c3880 f i uibutton.obj
 0002:000148d0       ?GetExponent@SpotLight@FD@@QEAAAEAMXZ 00000001800c38d0 f i uibutton.obj
 0002:00014920       ?GetFont@UIText@FD@@QEBAPEAVFont@2@XZ 00000001800c3920 f i uibutton.obj
 0002:00014970       ?GetForward@Camera@FD@@QEAA?AVvec3@2@XZ 00000001800c3970 f i uibutton.obj
 0002:00014a90       ?GetGlyph@Font@FD@@QEBA?AUFD_GLYPH@12@I@Z 00000001800c3a90 f i uibutton.obj
 0002:00014b10       ?GetHandler@UIItem@FD@@QEBAPEAVUIHandler@2@XZ 00000001800c3b10 f i uibutton.obj
 0002:00014b60       ?GetHeight@Texture@FD@@QEBAIXZ 00000001800c3b60 f i uibutton.obj
 0002:00014bb0       ?GetIndexBuffer@Mesh@FD@@QEAAPEAVIndexBuffer@2@XZ 00000001800c3bb0 f i uibutton.obj
 0002:00014c00       ?GetInputLayout@Shader@FD@@QEAAPEAUID3D11InputLayout@@XZ 00000001800c3c00 f i uibutton.obj
 0002:00014c50       ?GetItems@UIHandler@FD@@QEBAAEBV?$List@PEAVUIItem@FD@@@2@XZ 00000001800c3c50 f i uibutton.obj
 0002:00014ca0       ?GetLightType@Light@FD@@QEBAIXZ 00000001800c3ca0 f i uibutton.obj
 0002:00014cf0       ?GetLights@LightStack@FD@@QEBA?AV?$List@PEAVLight@FD@@@2@XZ 00000001800c3cf0 f i uibutton.obj
 0002:00014d80       ?GetLocation@UITextHorizontalScroll_Cursor@UITextHorizontalScroll@FD@@QEBAIXZ 00000001800c3d80 f i uibutton.obj
 0002:00014dd0       ?GetMaterial@MaterialInstance@FD@@QEAAPEAVMaterial@2@XZ 00000001800c3dd0 f i uibutton.obj
 0002:00014e20       ?GetMaterial@Mesh@FD@@QEAAPEAVMaterialInstance@2@XZ 00000001800c3e20 f i uibutton.obj
 0002:00014e70       ?GetMaxSimultaneousTextures@BatchRenderer@FD@@QEBAIXZ 00000001800c3e70 f i uibutton.obj
 0002:00014ec0       ?GetMesh@Entity@FD@@QEBAPEAVMesh@2@XZ 00000001800c3ec0 f i uibutton.obj
 0002:00014f10       ?GetName@Font@FD@@QEBAAEBVString@2@XZ 00000001800c3f10 f i uibutton.obj
 0002:00014f60       ?GetName@UIItem@FD@@QEBAAEBVString@2@XZ 00000001800c3f60 f i uibutton.obj
 0002:00014fb0       ?GetName@UIText@FD@@QEBAAEBVString@2@XZ 00000001800c3fb0 f i uibutton.obj
 0002:00015000       ?GetNumRanges@Font@FD@@QEBAIXZ 00000001800c4000 f i uibutton.obj
 0002:00015050       ?GetOffset@UIText@FD@@QEBA?AVvec2@2@XZ 00000001800c4050 f i uibutton.obj
 0002:000150c0       ?GetPCBuffer@Material@FD@@QEBA?AUConstantBufferSlot@Shader@2@XZ 00000001800c40c0 f i uibutton.obj
 0002:00015150       ?GetPCBuffer@MaterialInstance@FD@@QEBA?AUConstantBufferSlot@Shader@2@XZ 00000001800c4150 f i uibutton.obj
 0002:000151e0       ?GetParent@UIItem@FD@@QEBAPEAV12@XZ 00000001800c41e0 f i uibutton.obj
 0002:00015230       ?GetParent@UIText@FD@@QEBAPEAVUIItem@2@XZ 00000001800c4230 f i uibutton.obj
 0002:00015280       ?GetPosition@Camera@FD@@QEBA?AVvec3@2@XZ 00000001800c4280 f i uibutton.obj
 0002:000152f0       ?GetPosition@Entity@FD@@QEAAAEAVvec3@2@XZ 00000001800c42f0 f i uibutton.obj
 0002:00015340       ?GetPosition@PointLight@FD@@QEAAAEAVvec3@2@XZ 00000001800c4340 f i uibutton.obj
 0002:00015390       ?GetPosition@UIItem@FD@@QEBA?AVvec2@2@XZ 00000001800c4390 f i uibutton.obj
 0002:00015400       ?GetPosition@UIText@FD@@QEBA?AVvec2@2@XZ 00000001800c4400 f i uibutton.obj
 0002:00015470       ?GetProjectionMatrix@Camera@FD@@QEBAAEBVmat4@2@XZ 00000001800c4470 f i uibutton.obj
 0002:000154c0       ?GetRanges@Font@FD@@QEBAPEAU?$FD_RANGE@H@12@XZ 00000001800c44c0 f i uibutton.obj
 0002:00015510       ?GetResourceView@Texture@FD@@QEBAPEAUID3D11ShaderResourceView@@XZ 00000001800c4510 f i uibutton.obj
 0002:00015560       ?GetRotation@Camera@FD@@QEBA?AVvec3@2@XZ 00000001800c4560 f i uibutton.obj
 0002:000155d0       ?GetRotation@Entity@FD@@QEAAAEAVvec3@2@XZ 00000001800c45d0 f i uibutton.obj
 0002:00015620       ?GetScale@Entity@FD@@QEAAAEAVvec3@2@XZ 00000001800c4620 f i uibutton.obj
 0002:00015670       ?GetScale@UIText@FD@@QEBA?AVvec2@2@XZ 00000001800c4670 f i uibutton.obj
 0002:000156e0       ?GetShader@Material@FD@@QEAAPEAVShader@2@XZ 00000001800c46e0 f i uibutton.obj
 0002:00015730       ?GetShader@MaterialInstance@FD@@QEAAPEAVShader@2@XZ 00000001800c4730 f i uibutton.obj
 0002:00015780       ?GetSize@?$List@PEAVUIItem@FD@@@FD@@QEBA?B_KXZ 00000001800c4780 f i uibutton.obj
 0002:000157d0       ?GetSize@Buffer@FD@@QEBA_KXZ 00000001800c47d0 f i uibutton.obj
 0002:00015820       ?GetSize@BufferLayout@FD@@QEBAIXZ 00000001800c4820 f i uibutton.obj
 0002:00015870       ?GetSize@Font@FD@@QEBAIXZ  00000001800c4870 f i uibutton.obj
 0002:000158c0       ?GetSize@UIHandler@FD@@QEBA_KXZ 00000001800c48c0 f i uibutton.obj
 0002:00015920       ?GetSize@UIItem@FD@@QEBA?AVvec2@2@XZ 00000001800c4920 f i uibutton.obj
 0002:00015990       ?GetSizeInBytes@?$List@PEAVLight@FD@@@FD@@QEBA?B_KXZ 00000001800c4990 f i uibutton.obj
 0002:000159f0       ?GetSizeInBytes@?$List@PEAVUIText@FD@@@FD@@QEBA?B_KXZ 00000001800c49f0 f i uibutton.obj
 0002:00015a50       ?GetSizeInBytes@?$List@UBufferLayoutAttrib@BufferLayout@FD@@@FD@@QEBA?B_KXZ 00000001800c4a50 f i uibutton.obj
 0002:00015aa0       ?GetText@UIText@FD@@QEBAAEBVString@2@XZ 00000001800c4aa0 f i uibutton.obj
 0002:00015af0       ?GetTextAlignment@UIText@FD@@QEBA?AW4FD_TEXT_ALIGNMENT@2@XZ 00000001800c4af0 f i uibutton.obj
 0002:00015b40       ?GetTexts@UIItem@FD@@QEAAAEAV?$List@PEAVUIText@FD@@@2@XZ 00000001800c4b40 f i uibutton.obj
 0002:00015b90       ?GetTexture@Font@FD@@QEBAPEAVTexture2D@2@XZ 00000001800c4b90 f i uibutton.obj
 0002:00015be0       ?GetTexture@UIItem@FD@@QEBAPEAVTexture2D@2@XZ 00000001800c4be0 f i uibutton.obj
 0002:00015c30       ?GetTextures@Material@FD@@QEBAAEBV?$Map@IPEAVTexture@FD@@@2@XZ 00000001800c4c30 f i uibutton.obj
 0002:00015c80       ?GetTextures@MaterialInstance@FD@@QEBAAEBV?$Map@IPEAVTexture@FD@@@2@XZ 00000001800c4c80 f i uibutton.obj
 0002:00015cd0       ?GetTransform@Entity@FD@@QEBA?AVmat4@2@XZ 00000001800c4cd0 f i uibutton.obj
 0002:00015de0       ?GetVCBuffer@Material@FD@@QEBA?AUConstantBufferSlot@Shader@2@XZ 00000001800c4de0 f i uibutton.obj
 0002:00015e70       ?GetVCBuffer@MaterialInstance@FD@@QEBA?AUConstantBufferSlot@Shader@2@XZ 00000001800c4e70 f i uibutton.obj
 0002:00015f00       ?GetVSBufferPointer@Shader@FD@@QEBAPEBXXZ 00000001800c4f00 f i uibutton.obj
 0002:00015f70       ?GetVSBufferSize@Shader@FD@@QEBA_KXZ 00000001800c4f70 f i uibutton.obj
 0002:00015fe0       ?GetVertexBuffer@Mesh@FD@@QEAAPEAVVertexBuffer@2@XZ 00000001800c4fe0 f i uibutton.obj
 0002:00016030       ?GetViewMatrix@Camera@FD@@QEAA?AVmat4@2@XZ 00000001800c5030 f i uibutton.obj
 0002:000160a0       ?GetWidth@Texture@FD@@QEBAIXZ 00000001800c50a0 f i uibutton.obj
 0002:000160f0       ?GetWindow@Renderer@FD@@QEBAPEAVWindow@2@XZ 00000001800c50f0 f i uibutton.obj
 0002:00016140       ?Identity@mat3@FD@@SA?AV12@XZ 00000001800c5140 f i uibutton.obj
 0002:000161b0       ?Identity@mat4@FD@@SA?AV12@XZ 00000001800c51b0 f i uibutton.obj
 0002:00016220       ?IsInteractable@UIItem@FD@@QEBA_NXZ 00000001800c5220 f i uibutton.obj
 0002:00016270       ?IsMouseOnTop@UIItem@FD@@QEBA_NXZ 00000001800c5270 f i uibutton.obj
 0002:000162c0       ?IsPressed@UIItem@FD@@QEBA_NXZ 00000001800c52c0 f i uibutton.obj
 0002:00016310       ?IsVisible@UIItem@FD@@QEBA_NXZ 00000001800c5310 f i uibutton.obj
 0002:00016360       ?OnAdd@UIButton@FD@@UEAAXXZ 00000001800c5360 f   uibutton.obj
 0002:000163a0       ?OnAdd@UIItem@FD@@UEAAXXZ  00000001800c53a0 f i uibutton.obj
 0002:000163e0       ?OnClick@UIItem@FD@@UEAAXXZ 00000001800c53e0 f i uibutton.obj
 0002:00016420       ?OnDrag@UIItem@FD@@UEAAXVvec2@2@@Z 00000001800c5420 f i uibutton.obj
 0002:00016470       ?OnEntered@UIButton@FD@@UEAAXXZ 00000001800c5470 f   uibutton.obj
 0002:000164f0       ?OnEntered@UIItem@FD@@UEAAXXZ 00000001800c54f0 f i uibutton.obj
 0002:00016530       ?OnHover@UIItem@FD@@UEAAXXZ 00000001800c5530 f i uibutton.obj
 0002:00016570       ?OnKey@UIItem@FD@@UEAAXI@Z 00000001800c5570 f i uibutton.obj
 0002:000165c0       ?OnLeft@UIButton@FD@@UEAAXXZ 00000001800c55c0 f   uibutton.obj
 0002:00016640       ?OnLeft@UIItem@FD@@UEAAXXZ 00000001800c5640 f i uibutton.obj
 0002:00016680       ?OnPressed@UIButton@FD@@UEAAXVvec2@2@@Z 00000001800c5680 f   uibutton.obj
 0002:00016750       ?OnPressed@UIItem@FD@@UEAAXVvec2@2@@Z 00000001800c5750 f i uibutton.obj
 0002:000167a0       ?OnReleased@UIButton@FD@@UEAAXXZ 00000001800c57a0 f   uibutton.obj
 0002:00016820       ?OnReleased@UIItem@FD@@UEAAXXZ 00000001800c5820 f i uibutton.obj
 0002:00016860       ?Push_back@?$List@PEAVLight@FD@@@FD@@QEAAXPEAVLight@2@@Z 00000001800c5860 f i uibutton.obj
 0002:00016940       ?Push_back@?$List@PEAVUIText@FD@@@FD@@QEAAXPEAVUIText@2@@Z 00000001800c5940 f i uibutton.obj
 0002:00016a20       ?Remove@?$List@PEAVLight@FD@@@FD@@QEAAPEAVLight@2@PEAV32@@Z 00000001800c5a20 f i uibutton.obj
 0002:00016ae0       ?Remove@LightStack@FD@@QEAAXPEAVLight@2@@Z 00000001800c5ae0 f i uibutton.obj
 0002:00016b50       ?RemoveIndex@?$List@PEAVLight@FD@@@FD@@QEAAPEAVLight@2@_K@Z 00000001800c5b50 f i uibutton.obj
 0002:00016c60       ?Reserve@?$List@PEAVLight@FD@@@FD@@QEAAX_K@Z 00000001800c5c60 f i uibutton.obj
 0002:00016db0       ?Reserve@?$List@PEAVUIText@FD@@@FD@@QEAAX_K@Z 00000001800c5db0 f i uibutton.obj
 0002:00016f00       ?Reserve@?$List@UBufferLayoutAttrib@BufferLayout@FD@@@FD@@QEAAX_K@Z 00000001800c5f00 f i uibutton.obj
 0002:00017130       ?Retrieve@?$Map@IUFD_GLYPH@Font@FD@@@FD@@QEBA?AUFD_GLYPH@Font@2@I@Z 00000001800c6130 f i uibutton.obj
 0002:00017210       ?SetColor@UIItem@FD@@QEAAXVvec4@2@@Z 00000001800c6210 f i uibutton.obj
 0002:00017280       ?SetColor@UIText@FD@@QEAAXAEBVvec4@2@@Z 00000001800c6280 f i uibutton.obj
 0002:000172f0       ?SetCursorLocation@UITextHorizontalScroll@FD@@QEAAXI@Z 00000001800c62f0 f i uibutton.obj
 0002:00017360       ?SetDefaultFont@Font@FD@@SAXPEAV12@@Z 00000001800c6360 f i uibutton.obj
 0002:000173b0       ?SetFont@UIText@FD@@QEAAXPEAVFont@2@@Z 00000001800c63b0 f i uibutton.obj
 0002:00017410       ?SetHandler@UIItem@FD@@QEAAXPEAVUIHandler@2@@Z 00000001800c6410 f i uibutton.obj
 0002:00017470       ?SetInputLayout@Shader@FD@@QEAAXPEAUID3D11InputLayout@@@Z 00000001800c6470 f i uibutton.obj
 0002:00017530       ?SetInteractable@UIItem@FD@@QEAAX_N@Z 00000001800c6530 f i uibutton.obj
 0002:00017590       ?SetLocation@UITextHorizontalScroll_Cursor@UITextHorizontalScroll@FD@@QEAAXI@Z 00000001800c6590 f i uibutton.obj
 0002:000175f0       ?SetMaxSimultaneousTextures@BatchRenderer@FD@@QEAAXI@Z 00000001800c65f0 f i uibutton.obj
 0002:00017650       ?SetMouseOnTop@UIItem@FD@@QEAAX_N@Z 00000001800c6650 f i uibutton.obj
 0002:000176b0       ?SetName@UIItem@FD@@QEAAXAEBVString@2@@Z 00000001800c66b0 f i uibutton.obj
 0002:00017720       ?SetName@UIText@FD@@QEAAXAEBVString@2@@Z 00000001800c6720 f i uibutton.obj
 0002:00017790       ?SetOffset@UIText@FD@@QEAAXAEBVvec2@2@@Z 00000001800c6790 f i uibutton.obj
 0002:000177f0       ?SetParent@UIItem@FD@@QEAAXPEAV12@@Z 00000001800c67f0 f i uibutton.obj
 0002:00017850       ?SetParent@UIText@FD@@UEAAXPEAVUIItem@2@@Z 00000001800c6850 f i uibutton.obj
 0002:000178b0       ?SetPosition@Camera@FD@@QEAAXAEBVvec3@2@@Z 00000001800c68b0 f i uibutton.obj
 0002:00017930       ?SetPosition@UIItem@FD@@QEAAXVvec2@2@@Z 00000001800c6930 f i uibutton.obj
 0002:00017990       ?SetPosition@UIText@FD@@QEAAXAEBVvec2@2@@Z 00000001800c6990 f i uibutton.obj
 0002:000179f0       ?SetPressed@UIItem@FD@@QEAAX_N@Z 00000001800c69f0 f i uibutton.obj
 0002:00017a50       ?SetProjection@Camera@FD@@QEAAXAEBVmat4@2@@Z 00000001800c6a50 f i uibutton.obj
 0002:00017ac0       ?SetRotation@Camera@FD@@QEAAXAEBVvec3@2@@Z 00000001800c6ac0 f i uibutton.obj
 0002:00017b40       ?SetScale@UIText@FD@@QEAAXAEBVvec2@2@@Z 00000001800c6b40 f i uibutton.obj
 0002:00017ba0       ?SetSize@UIItem@FD@@QEAAXVvec2@2@@Z 00000001800c6ba0 f i uibutton.obj
 0002:00017c00       ?SetText@UIText@FD@@UEAAXAEBVString@2@@Z 00000001800c6c00 f i uibutton.obj
 0002:00017c70       ?SetTextAlignment@UIText@FD@@UEAAXW4FD_TEXT_ALIGNMENT@2@@Z 00000001800c6c70 f i uibutton.obj
 0002:00017cd0       ?SetTexture@UIItem@FD@@QEAAXPEAVTexture2D@2@@Z 00000001800c6cd0 f i uibutton.obj
 0002:00017d30       ?SetVisible@UIItem@FD@@QEAAX_N@Z 00000001800c6d30 f i uibutton.obj
 0002:00017d90       ?Submit@BatchRenderer@FD@@UEAAXAEBVLightStack@2@@Z 00000001800c6d90 f i uibutton.obj
 0002:00017de0       ?Submit@FontRenderer@FD@@UEAAXPEAVEntity@2@@Z 00000001800c6de0 f i uibutton.obj
 0002:00017e30       ?SubmitText@FontRenderer@FD@@QEAAXAEBVString@2@PEAVFont@2@Vvec2@2@Vvec4@2@2W4FD_TEXT_ALIGNMENT@2@@Z 00000001800c6e30 f i uibutton.obj
 0002:00018000       ?Update@Entity@FD@@UEAAXXZ 00000001800c7000 f i uibutton.obj
 0002:00018040       ?Update@UIItem@FD@@UEAAXM@Z 00000001800c7040 f i uibutton.obj
 0002:00018090       ?__autoclassinit2@BatchRenderer@FD@@QEAAX_K@Z 00000001800c7090 f i uibutton.obj
 0002:000180f0       ?__autoclassinit2@Buffer@FD@@QEAAX_K@Z 00000001800c70f0 f i uibutton.obj
 0002:00018150       ?__autoclassinit2@BufferLayout@FD@@QEAAX_K@Z 00000001800c7150 f i uibutton.obj
 0002:000181b0       ?__autoclassinit2@Entity@FD@@QEAAX_K@Z 00000001800c71b0 f i uibutton.obj
 0002:00018210       ?__autoclassinit2@Font@FD@@QEAAX_K@Z 00000001800c7210 f i uibutton.obj
 0002:00018270       ?__autoclassinit2@FontRenderer@FD@@QEAAX_K@Z 00000001800c7270 f i uibutton.obj
 0002:000182d0       ?__autoclassinit2@IndexBuffer@FD@@QEAAX_K@Z 00000001800c72d0 f i uibutton.obj
 0002:00018330       ?__autoclassinit2@LightStack@FD@@QEAAX_K@Z 00000001800c7330 f i uibutton.obj
 0002:00018390       ?__autoclassinit2@Material@FD@@QEAAX_K@Z 00000001800c7390 f i uibutton.obj
 0002:000183f0       ?__autoclassinit2@MaterialInstance@FD@@QEAAX_K@Z 00000001800c73f0 f i uibutton.obj
 0002:00018450       ?__autoclassinit2@Mesh@FD@@QEAAX_K@Z 00000001800c7450 f i uibutton.obj
 0002:000184b0       ?__autoclassinit2@Renderer@FD@@QEAAX_K@Z 00000001800c74b0 f i uibutton.obj
 0002:00018510       ?__autoclassinit2@Shader@FD@@QEAAX_K@Z 00000001800c7510 f i uibutton.obj
 0002:00018570       ?__autoclassinit2@Texture2D@FD@@QEAAX_K@Z 00000001800c7570 f i uibutton.obj
 0002:000185d0       ?__autoclassinit2@Texture@FD@@QEAAX_K@Z 00000001800c75d0 f i uibutton.obj
 0002:00018630       ?__autoclassinit2@UIButton@FD@@QEAAX_K@Z 00000001800c7630 f i uibutton.obj
 0002:00018690       ?__autoclassinit2@UIHandler@FD@@QEAAX_K@Z 00000001800c7690 f i uibutton.obj
 0002:000186f0       ?__autoclassinit2@UIItem@FD@@QEAAX_K@Z 00000001800c76f0 f i uibutton.obj
 0002:00018750       ?__autoclassinit2@UIText@FD@@QEAAX_K@Z 00000001800c7750 f i uibutton.obj
 0002:000187b0       ?__autoclassinit2@UITextAutoResize@FD@@QEAAX_K@Z 00000001800c77b0 f i uibutton.obj
 0002:00018810       ?__autoclassinit2@UITextHorizontalScroll@FD@@QEAAX_K@Z 00000001800c7810 f i uibutton.obj
 0002:00018870       ?__autoclassinit2@VertexBuffer@FD@@QEAAX_K@Z 00000001800c7870 f i uibutton.obj
 0002:000188d0       ??0UIGroup@FD@@QEAA@$$QEAV01@@Z 00000001800c78d0 f i uigroup.obj
 0002:00018950       ??0UIGroup@FD@@QEAA@AEBV01@@Z 00000001800c7950 f i uigroup.obj
 0002:000189d0       ??0UIGroup@FD@@QEAA@AEBVString@1@Vvec2@1@@Z 00000001800c79d0 f   uigroup.obj
 0002:00018ab0       ??1UIGroup@FD@@UEAA@XZ     00000001800c7ab0 f i uigroup.obj
 0002:00018b00       ??4UIGroup@FD@@QEAAAEAV01@$$QEAV01@@Z 00000001800c7b00 f i uigroup.obj
 0002:00018b70       ??4UIGroup@FD@@QEAAAEAV01@AEBV01@@Z 00000001800c7b70 f i uigroup.obj
 0002:00018be0       ??_EUIGroup@FD@@UEAAPEAXI@Z 00000001800c7be0 f i uigroup.obj
 0002:00018d10       ??_GUIGroup@FD@@UEAAPEAXI@Z 00000001800c7d10 f i uigroup.obj
 0002:00018da0       ?Add@UIGroup@FD@@QEAAXPEAVUIItem@2@@Z 00000001800c7da0 f   uigroup.obj
 0002:00018e60       ?__autoclassinit2@UIGroup@FD@@QEAAX_K@Z 00000001800c7e60 f i uigroup.obj
 0002:00018ec0       ??0?$List@PEAVUIItem@FD@@@FD@@QEAA@XZ 00000001800c7ec0 f i uihandler.obj
 0002:00018f60       ??0UIHandler@FD@@QEAA@XZ   00000001800c7f60 f   uihandler.obj
 0002:00019010       ??1?$List@PEAVUIItem@FD@@@FD@@QEAA@XZ 00000001800c8010 f i uihandler.obj
 0002:00019080       ??1UIHandler@FD@@QEAA@XZ   00000001800c8080 f   uihandler.obj
 0002:00019100       ??A?$List@PEAVUIItem@FD@@@FD@@QEAAAEAPEAVUIItem@1@_K@Z 00000001800c8100 f i uihandler.obj
 0002:00019160       ??GFD@@YA?AVvec2@0@AEBV10@0@Z 00000001800c8160 f i uihandler.obj
 0002:00019200       ?Add@UIHandler@FD@@QEAAXPEAVUIItem@2@@Z 00000001800c8200 f   uihandler.obj
 0002:000192a0       ?GetSizeInBytes@?$List@PEAVUIItem@FD@@@FD@@QEBA?B_KXZ 00000001800c82a0 f i uihandler.obj
 0002:00019300       ?OnKeyboardActionKeyPressed@UIHandler@FD@@UEAA_NI@Z 00000001800c8300 f   uihandler.obj
 0002:00019390       ?OnMouseActionButtonPressed@UIHandler@FD@@UEAA_NI@Z 00000001800c8390 f   uihandler.obj
 0002:00019540       ?OnMouseActionButtonReleased@UIHandler@FD@@UEAA_NI@Z 00000001800c8540 f   uihandler.obj
 0002:00019640       ?OnMouseActionMove@UIHandler@FD@@UEAA_NVivec2@2@@Z 00000001800c8640 f   uihandler.obj
 0002:000198b0       ?Push_back@?$List@PEAVUIItem@FD@@@FD@@QEAAXPEAVUIItem@2@@Z 00000001800c88b0 f i uihandler.obj
 0002:00019990       ?Reserve@?$List@PEAVUIItem@FD@@@FD@@QEAAX_K@Z 00000001800c8990 f i uihandler.obj
 0002:00019ae0       ?Update@UIHandler@FD@@QEAAXM@Z 00000001800c8ae0 f   uihandler.obj
 0002:00019d10       ??$Find@AEBVString@FD@@@?$List@PEAVUIText@FD@@@FD@@QEBA_KP6A_NPEAVUIText@1@AEBVString@1@@Z1@Z 00000001800c8d10 f i uiitem.obj
 0002:00019dd0       ??$GetText@VUIText@FD@@@UIItem@FD@@QEAAPEAVUIText@1@AEBVString@1@@Z 00000001800c8dd0 f i uiitem.obj
 0002:00019eb0       ??$GetText@VUITextAutoResize@FD@@@UIItem@FD@@QEAAPEAVUITextAutoResize@1@AEBVString@1@@Z 00000001800c8eb0 f i uiitem.obj
 0002:00019f90       ??$GetText@VUITextHorizontalScroll@FD@@@UIItem@FD@@QEAAPEAVUITextHorizontalScroll@1@AEBVString@1@@Z 00000001800c8f90 f i uiitem.obj
 0002:0001a070       ??A?$List@PEAVUIText@FD@@@FD@@QEAAAEAPEAVUIText@1@_K@Z 00000001800c9070 f i uiitem.obj
 0002:0001a310       ?GetSize@?$List@PEAVUIText@FD@@@FD@@QEBA?B_KXZ 00000001800c9310 f i uiitem.obj
 0002:0001a360       ?SetFont@UIItem@FD@@QEAAXPEAVFont@2@@Z 00000001800c9360 f   uiitem.obj
 0002:0001a420       ?SetFont@UIItem@FD@@QEAAXPEAVFont@2@AEBVString@2@@Z 00000001800c9420 f   uiitem.obj
 0002:0001a4b0       ?SetFont@UIItem@FD@@QEAAXPEAVFont@2@_K@Z 00000001800c94b0 f   uiitem.obj
 0002:0001a570       ??0UISlider@FD@@QEAA@$$QEAV01@@Z 00000001800c9570 f i uislider.obj
 0002:0001a680       ??0UISlider@FD@@QEAA@AEBV01@@Z 00000001800c9680 f i uislider.obj
 0002:0001a790       ??0UISlider@FD@@QEAA@AEBVString@1@Vvec2@1@1PEAVValueAction@1@@Z 00000001800c9790 f   uislider.obj
 0002:0001ab10       ??1UISlider@FD@@UEAA@XZ    00000001800c9b10 f i uislider.obj
 0002:0001ab60       ??4UISlider@FD@@QEAAAEAV01@$$QEAV01@@Z 00000001800c9b60 f i uislider.obj
 0002:0001ac60       ??4UISlider@FD@@QEAAAEAV01@AEBV01@@Z 00000001800c9c60 f i uislider.obj
 0002:0001ad60       ??_EUISlider@FD@@UEAAPEAXI@Z 00000001800c9d60 f i uislider.obj
 0002:0001ae90       ??_GUISlider@FD@@UEAAPEAXI@Z 00000001800c9e90 f i uislider.obj
 0002:0001af20       ?OnAdd@UISlider@FD@@UEAAXXZ 00000001800c9f20 f   uislider.obj
 0002:0001af90       ?OnDrag@UISlider@FD@@UEAAXVvec2@2@@Z 00000001800c9f90 f   uislider.obj
 0002:0001b2b0       ?OnEntered@UISlider@FD@@UEAAXXZ 00000001800ca2b0 f   uislider.obj
 0002:0001b2f0       ?OnLeft@UISlider@FD@@UEAAXXZ 00000001800ca2f0 f   uislider.obj
 0002:0001b350       ?OnPressed@UISlider@FD@@UEAAXVvec2@2@@Z 00000001800ca350 f   uislider.obj
 0002:0001b4c0       ?OnReleased@UISlider@FD@@UEAAXXZ 00000001800ca4c0 f   uislider.obj
 0002:0001b520       ?__autoclassinit2@UISlider@FD@@QEAAX_K@Z 00000001800ca520 f i uislider.obj
 0002:0001b580       ?__autoclassinit2@UISlider_Handle@UISlider@FD@@QEAAX_K@Z 00000001800ca580 f i uislider.obj
 0002:0001b5e0       ??0UISlider_Handle@UISlider@FD@@QEAA@Vvec2@2@0@Z 00000001800ca5e0 f   uislider_handle.obj
 0002:0001b6d0       ??1UISlider_Handle@UISlider@FD@@UEAA@XZ 00000001800ca6d0 f i uislider_handle.obj
 0002:0001b720       ??_GUISlider_Handle@UISlider@FD@@UEAAPEAXI@Z 00000001800ca720 f i uislider_handle.obj
 0002:0001b720       ??_EUISlider_Handle@UISlider@FD@@UEAAPEAXI@Z 00000001800ca720 f i uislider_handle.obj
 0002:0001b7b0       ??0UITextBox@FD@@QEAA@$$QEAV01@@Z 00000001800ca7b0 f i uitextbox.obj
 0002:0001b850       ??0UITextBox@FD@@QEAA@AEBV01@@Z 00000001800ca850 f i uitextbox.obj
 0002:0001b8f0       ??0UITextBox@FD@@QEAA@AEBVString@1@Vvec2@1@1@Z 00000001800ca8f0 f   uitextbox.obj
 0002:0001bbd0       ??1UITextBox@FD@@UEAA@XZ   00000001800cabd0 f i uitextbox.obj
 0002:0001bc20       ??4UITextBox@FD@@QEAAAEAV01@$$QEAV01@@Z 00000001800cac20 f i uitextbox.obj
 0002:0001bcb0       ??4UITextBox@FD@@QEAAAEAV01@AEBV01@@Z 00000001800cacb0 f i uitextbox.obj
 0002:0001bd40       ??_EUITextBox@FD@@UEAAPEAXI@Z 00000001800cad40 f i uitextbox.obj
 0002:0001be70       ??_GUITextBox@FD@@UEAAPEAXI@Z 00000001800cae70 f i uitextbox.obj
 0002:0001bf00       ?GetTextContent@UITextBox@FD@@QEBAAEBVString@2@XZ 00000001800caf00 f i uitextbox.obj
 0002:0001bf60       ?OnAdd@UITextBox@FD@@UEAAXXZ 00000001800caf60 f   uitextbox.obj
 0002:0001bfe0       ?OnKey@UITextBox@FD@@UEAAXI@Z 00000001800cafe0 f   uitextbox.obj
 0002:0001c110       ?SetText@UITextBox@FD@@QEAAXAEBVString@2@@Z 00000001800cb110 f i uitextbox.obj
 0002:0001c190       ?__autoclassinit2@UITextBox@FD@@QEAAX_K@Z 00000001800cb190 f i uitextbox.obj
 0002:0001c1f0       ??0UITextAutoResize@FD@@QEAA@AEBVString@1@Vvec2@1@1PEAVFont@1@0@Z 00000001800cb1f0 f   uitext_autoresize.obj
 0002:0001c370       ??KFD@@YA?AVvec2@0@AEBV10@0@Z 00000001800cb370 f i uitext_autoresize.obj
 0002:0001c410       ?RecalculateScale@UITextAutoResize@FD@@IEAAXW4FD_SCALE_MODE@12@@Z 00000001800cb410 f   uitext_autoresize.obj
 0002:0001c9f0       ?SetAdjustSize@UITextAutoResize@FD@@QEAAXAEBVvec2@2@@Z 00000001800cb9f0 f   uitext_autoresize.obj
 0002:0001ca70       ?SetMargin@UITextAutoResize@FD@@QEAAXAEBVvec2@2@@Z 00000001800cba70 f   uitext_autoresize.obj
 0002:0001caf0       ?SetText@UITextAutoResize@FD@@UEAAXAEBVString@2@@Z 00000001800cbaf0 f   uitext_autoresize.obj
 0002:0001cb70       ?SetTextAlignment@UITextAutoResize@FD@@UEAAXW4FD_TEXT_ALIGNMENT@2@@Z 00000001800cbb70 f   uitext_autoresize.obj
 0002:0001cbe0       ??0UITextHorizontalScroll@FD@@QEAA@AEBVString@1@Vvec2@1@1PEAVFont@1@@Z 00000001800cbbe0 f   uitext_horizontal_scroll.obj
 0002:0001ce10       ?Append@UITextHorizontalScroll@FD@@QEAAXAEBVString@2@@Z 00000001800cbe10 f   uitext_horizontal_scroll.obj
 0002:0001ce90       ?Append@UITextHorizontalScroll@FD@@QEAAXD@Z 00000001800cbe90 f   uitext_horizontal_scroll.obj
 0002:0001cf10       ?CalculateString@UITextHorizontalScroll@FD@@AEAAXXZ 00000001800cbf10 f   uitext_horizontal_scroll.obj
 0002:0001d2e0       ?Remove@UITextHorizontalScroll@FD@@QEAAXAEBVString@2@@Z 00000001800cc2e0 f   uitext_horizontal_scroll.obj
 0002:0001d360       ?Remove@UITextHorizontalScroll@FD@@QEAAXXZ 00000001800cc360 f   uitext_horizontal_scroll.obj
 0002:0001d410       ?Remove@UITextHorizontalScroll@FD@@QEAAX_K0@Z 00000001800cc410 f   uitext_horizontal_scroll.obj
 0002:0001d4a0       ?SetParent@UITextHorizontalScroll@FD@@UEAAXPEAVUIItem@2@@Z 00000001800cc4a0 f   uitext_horizontal_scroll.obj
 0002:0001d530       ?SetText@UITextHorizontalScroll@FD@@UEAAXAEBVString@2@@Z 00000001800cc530 f   uitext_horizontal_scroll.obj
 0002:0001d5b0       ?__autoclassinit2@UITextHorizontalScroll_Cursor@UITextHorizontalScroll@FD@@QEAAX_K@Z 00000001800cc5b0 f i uitext_horizontal_scroll.obj
 0002:0001d610       ??0UITextHorizontalScroll_Cursor@UITextHorizontalScroll@FD@@QEAA@AEBVString@2@IVvec2@2@PEAV12@@Z 00000001800cc610 f   uitext_horizontal_scroll_cursor.obj
 0002:0001d880       ??1UITextHorizontalScroll_Cursor@UITextHorizontalScroll@FD@@UEAA@XZ 00000001800cc880 f i uitext_horizontal_scroll_cursor.obj
 0002:0001d8d0       ??_EUITextHorizontalScroll_Cursor@UITextHorizontalScroll@FD@@UEAAPEAXI@Z 00000001800cc8d0 f i uitext_horizontal_scroll_cursor.obj
 0002:0001d8d0       ??_GUITextHorizontalScroll_Cursor@UITextHorizontalScroll@FD@@UEAAPEAXI@Z 00000001800cc8d0 f i uitext_horizontal_scroll_cursor.obj
 0002:0001da50       ??0?$List@PEAUHWND__@@@FD@@QEAA@XZ 00000001800cca50 f i window.obj
 0002:0001daf0       ??0?$List@PEAVWindow@FD@@@FD@@QEAA@XZ 00000001800ccaf0 f i window.obj
 0002:0001db90       ??0?$Map@PEAUHWND__@@PEAVWindow@FD@@@FD@@QEAA@I@Z 00000001800ccb90 f i window.obj
 0002:0001dc60       ??0Event@FD@@QEAA@W4FD_TYPE@01@@Z 00000001800ccc60 f i window.obj
 0002:0001dcc0       ??0EventKeyboard@FD@@IEAA@W4FD_TYPE@Event@1@@Z 00000001800cccc0 f i window.obj
 0002:0001dd30       ??0EventKeyboardActionKey@FD@@QEAA@W4FD_ACTION@01@I@Z 00000001800ccd30 f i window.obj
 0002:0001de20       ??0EventMouse@FD@@IEAA@W4FD_TYPE@Event@1@@Z 00000001800cce20 f i window.obj
 0002:0001de90       ??0EventMouseActionButton@FD@@QEAA@W4FD_ACTION@01@I@Z 00000001800cce90 f i window.obj
 0002:0001df60       ??0EventMouseActionMove@FD@@QEAA@Vivec2@1@@Z 00000001800ccf60 f i window.obj
 0002:0001e000       ??0EventWindow@FD@@IEAA@W4FD_TYPE@Event@1@@Z 00000001800cd000 f i window.obj
 0002:0001e070       ??0EventWindowActionMove@FD@@QEAA@Vivec2@1@@Z 00000001800cd070 f i window.obj
 0002:0001e110       ??0EventWindowActionResize@FD@@QEAA@Vivec2@1@@Z 00000001800cd110 f i window.obj
 0002:0001e1b0       ??0EventWindowState@FD@@QEAA@W4FD_ACTION@01@@Z 00000001800cd1b0 f i window.obj
 0002:0001e2b0       ??0Window@FD@@QEAA@AEBVString@1@HH@Z 00000001800cd2b0 f   window.obj
 0002:0001e6f0       ??1?$List@PEAUHWND__@@@FD@@QEAA@XZ 00000001800cd6f0 f i window.obj
 0002:0001e760       ??1?$List@PEAVWindow@FD@@@FD@@QEAA@XZ 00000001800cd760 f i window.obj
 0002:0001e7d0       ??1?$Map@PEAUHWND__@@PEAVWindow@FD@@@FD@@QEAA@XZ 00000001800cd7d0 f i window.obj
 0002:0001e840       ??1Window@FD@@QEAA@XZ      00000001800cd840 f   window.obj
 0002:0001e8f0       ??6?$List@PEAUHWND__@@@FD@@QEAAXPEAUHWND__@@@Z 00000001800cd8f0 f i window.obj
 0002:0001e950       ??6?$List@PEAVWindow@FD@@@FD@@QEAAXPEAVWindow@1@@Z 00000001800cd950 f i window.obj
 0002:0001e9b0       ?Add@?$Map@PEAUHWND__@@PEAVWindow@FD@@@FD@@QEAAXPEAVWindow@2@PEAUHWND__@@@Z 00000001800cd9b0 f i window.obj
 0002:0001ea40       ?Clear@Window@FD@@QEAAXXZ  00000001800cda40 f   window.obj
 0002:0001ea90       ?Find@?$List@PEAUHWND__@@@FD@@QEBA_KPEAUHWND__@@@Z 00000001800cda90 f i window.obj
 0002:0001eb40       ?Get@?$List@PEAVWindow@FD@@@FD@@QEBAPEAVWindow@2@_K@Z 00000001800cdb40 f i window.obj
 0002:0001eba0       ?GetMonitorDpi@Window@FD@@SA?AVivec2@2@XZ 00000001800cdba0 f   window.obj
 0002:0001ec50       ?GetSizeInBytes@?$List@PEAUHWND__@@@FD@@QEBA?B_KXZ 00000001800cdc50 f i window.obj
 0002:0001ecb0       ?GetSizeInBytes@?$List@PEAVWindow@FD@@@FD@@QEBA?B_KXZ 00000001800cdcb0 f i window.obj
 0002:0001ed10       ?GetWindowDpi@Window@FD@@QEAA?AVivec2@2@XZ 00000001800cdd10 f   window.obj
 0002:0001ede0       ?OnWindowActionResize@Window@FD@@UEAA_NVivec2@2@@Z 00000001800cdde0 f   window.obj
 0002:0001ee50       ?Push_back@?$List@PEAUHWND__@@@FD@@QEAAXPEAUHWND__@@@Z 00000001800cde50 f i window.obj
 0002:0001ef30       ?Push_back@?$List@PEAVWindow@FD@@@FD@@QEAAXPEAVWindow@2@@Z 00000001800cdf30 f i window.obj
 0002:0001f010       ?Reserve@?$List@PEAUHWND__@@@FD@@QEAAX_K@Z 00000001800ce010 f i window.obj
 0002:0001f160       ?Reserve@?$List@PEAVWindow@FD@@@FD@@QEAAX_K@Z 00000001800ce160 f i window.obj
 0002:0001f2b0       ?Retrieve@?$Map@PEAUHWND__@@PEAVWindow@FD@@@FD@@QEBAPEAVWindow@2@PEAUHWND__@@@Z 00000001800ce2b0 f i window.obj
 0002:0001f350       ?SetVisible@Window@FD@@QEAAX_N@Z 00000001800ce350 f   window.obj
 0002:0001f470       ?SwapBuffers@Window@FD@@QEAAXXZ 00000001800ce470 f   window.obj
 0002:0001f550       ?WndProc@Window@FD@@CA_JPEAUHWND__@@I_K_J@Z 00000001800ce550 f   window.obj
 0002:00020270       ?Update@UITextHorizontalScroll_Cursor@UITextHorizontalScroll@FD@@UEAAXM@Z 00000001800cf270 f   uitext_horizontal_scroll_cursor.obj
 0002:000205b0       ?__autoclassinit2@?$Map@PEAUHWND__@@PEAVWindow@FD@@@FD@@QEAAX_K@Z 00000001800cf5b0 f i window.obj
 0002:00020610       ??$move@AEAV?$List@PEAVAsset@FD@@@FD@@@std@@YA$$QEAV?$List@PEAVAsset@FD@@@FD@@AEAV12@@Z 00000001800cf610 f i frodo.obj
 0002:00020660       ??0?$List@PEAVAsset@FD@@@FD@@QEAA@$$QEAV01@@Z 00000001800cf660 f i frodo.obj
 0002:000206f0       ??0?$List@PEAVAsset@FD@@@FD@@QEAA@AEBV01@@Z 00000001800cf6f0 f i frodo.obj
 0002:00020810       ??0?$List@PEAVAsset@FD@@@FD@@QEAA@XZ 00000001800cf810 f i frodo.obj
 0002:000208b0       ??0?$List@VString@FD@@@FD@@QEAA@AEBV01@@Z 00000001800cf8b0 f i frodo.obj
 0002:00020a80       ??0?$Map@VString@FD@@V12@@FD@@QEAA@AEBV01@@Z 00000001800cfa80 f i frodo.obj
 0002:00020b30       ??0Asset@FD@@QEAA@AEBV01@@Z 00000001800cfb30 f i frodo.obj
 0002:00020c50       ??0Asset@FD@@QEAA@XZ       00000001800cfc50 f i frodo.obj
 0002:00020d20       ??0FDApplication@FD@@QEAA@AEBV01@@Z 00000001800cfd20 f i frodo.obj
 0002:00020de0       ??0FDApplication@FD@@QEAA@PEBDII@Z 00000001800cfde0 f   frodo.obj
 0002:00020fc0       ??0Framebuffer2D@FD@@QEAA@AEBV01@@Z 00000001800cffc0 f i frodo.obj
 0002:00021090       ??0MenuRenderer@FD@@QEAA@AEBV01@@Z 00000001800d0090 f i frodo.obj
 0002:00021130       ??0Package@FD@@QEAA@$$QEAV01@@Z 00000001800d0130 f i frodo.obj
 0002:000211e0       ??0Package@FD@@QEAA@AEBV01@@Z 00000001800d01e0 f i frodo.obj
 0002:00021290       ??0Package@FD@@QEAA@XZ     00000001800d0290 f i frodo.obj
 0002:00021320       ??0UserCamera@FD@@QEAA@AEBV01@@Z 00000001800d0320 f i frodo.obj
 0002:00021490       ??0UserCamera@FD@@QEAA@AEBVvec3@1@0@Z 00000001800d0490 f i frodo.obj
 0002:00021580       ??0VFS@FD@@QEAA@AEBV01@@Z  00000001800d0580 f i frodo.obj
 0002:000215f0       ??1?$List@PEAVAsset@FD@@@FD@@QEAA@XZ 00000001800d05f0 f i frodo.obj
 0002:00021660       ??1?$List@VString@FD@@@FD@@QEAA@XZ 00000001800d0660 f i frodo.obj
 0002:00021710       ??1Asset@FD@@QEAA@XZ       00000001800d0710 f i frodo.obj
 0002:000217c0       ??1FDApplication@FD@@UEAA@XZ 00000001800d07c0 f   frodo.obj
 0002:00021920       ??1Package@FD@@QEAA@XZ     00000001800d0920 f i frodo.obj
 0002:00021990       ??1UserCamera@FD@@QEAA@XZ  00000001800d0990 f i frodo.obj
 0002:00021a20       ??4?$List@PEAVAsset@FD@@@FD@@QEAAAEAV01@$$QEAV01@@Z 00000001800d0a20 f i frodo.obj
 0002:00021b40       ??4?$List@PEAVAsset@FD@@@FD@@QEAAAEAV01@AEBV01@@Z 00000001800d0b40 f i frodo.obj
 0002:00021c80       ??4?$List@VString@FD@@@FD@@QEAAAEAV01@AEBV01@@Z 00000001800d0c80 f i frodo.obj
 0002:00021eb0       ??4?$Map@VString@FD@@V12@@FD@@QEAAAEAV01@AEBV01@@Z 00000001800d0eb0 f i frodo.obj
 0002:00021f50       ??4Asset@FD@@QEAAAEAV01@AEBV01@@Z 00000001800d0f50 f i frodo.obj
 0002:00022060       ??4AssetManager@FD@@QEAAAEAV01@$$QEAV01@@Z 00000001800d1060 f i frodo.obj
 0002:000220b0       ??4AssetManager@FD@@QEAAAEAV01@AEBV01@@Z 00000001800d10b0 f i frodo.obj
 0002:00022100       ??4FDApplication@FD@@QEAAAEAV01@AEBV01@@Z 00000001800d1100 f i frodo.obj
 0002:000221b0       ??4Framebuffer2D@FD@@QEAAAEAV01@AEBV01@@Z 00000001800d11b0 f i frodo.obj
 0002:00022270       ??4MenuRenderer@FD@@QEAAAEAV01@AEBV01@@Z 00000001800d1270 f i frodo.obj
 0002:00022300       ??4MeshFactory@FD@@QEAAAEAV01@$$QEAV01@@Z 00000001800d1300 f i frodo.obj
 0002:00022350       ??4MeshFactory@FD@@QEAAAEAV01@AEBV01@@Z 00000001800d1350 f i frodo.obj
 0002:000223a0       ??4Package@FD@@QEAAAEAV01@$$QEAV01@@Z 00000001800d13a0 f i frodo.obj
 0002:00022440       ??4Package@FD@@QEAAAEAV01@AEBV01@@Z 00000001800d1440 f i frodo.obj
 0002:000224e0       ??4ShaderFactory@FD@@QEAAAEAV01@$$QEAV01@@Z 00000001800d14e0 f i frodo.obj
 0002:00022530       ??4ShaderFactory@FD@@QEAAAEAV01@AEBV01@@Z 00000001800d1530 f i frodo.obj
 0002:00022580       ??4UserCamera@FD@@QEAAAEAV01@AEBV01@@Z 00000001800d1580 f i frodo.obj
 0002:000226c0       ??4VFS@FD@@QEAAAEAV01@AEBV01@@Z 00000001800d16c0 f i frodo.obj
 0002:00022730       ??_EFDApplication@FD@@UEAAPEAXI@Z 00000001800d1730 f i frodo.obj
 0002:00022850       ??_EFramebuffer2D@FD@@UEAAPEAXI@Z 00000001800d1850 f i frodo.obj
 0002:00022970       ??_EMenuRenderer@FD@@UEAAPEAXI@Z 00000001800d1970 f i frodo.obj
 0002:00022aa0       ??_EString@FD@@QEAAPEAXI@Z 00000001800d1aa0 f i frodo.obj
 0002:00022bc0       ??_GFDApplication@FD@@UEAAPEAXI@Z 00000001800d1bc0 f i frodo.obj
 0002:00022c50       ??_GFramebuffer2D@FD@@UEAAPEAXI@Z 00000001800d1c50 f i frodo.obj
 0002:00022ce0       ??_GMenuRenderer@FD@@UEAAPEAXI@Z 00000001800d1ce0 f i frodo.obj
 0002:00022d70       ??_GVFS@FD@@QEAAPEAXI@Z    00000001800d1d70 f i frodo.obj
 0002:00022e00       ??_GWindow@FD@@QEAAPEAXI@Z 00000001800d1e00 f i frodo.obj
 0002:00022e90       ?CreateCube@MeshFactory@FD@@SAPEAVMesh@2@AEBVvec3@2@PEAVMaterialInstance@2@@Z 00000001800d1e90 f i frodo.obj
 0002:00022f20       ?CreatePlane@MeshFactory@FD@@SAPEAVMesh@2@AEBVvec2@2@PEAVMaterialInstance@2@@Z 00000001800d1f20 f i frodo.obj
 0002:00022fa0       ?Dispose@VFS@FD@@SAXXZ     00000001800d1fa0 f i frodo.obj
 0002:00023030       ?Get@VFS@FD@@SAPEAV12@XZ   00000001800d2030 f i frodo.obj
 0002:00023070       ?GetDepthView@Framebuffer2D@FD@@QEBAPEAUID3D11DepthStencilView@@XZ 00000001800d2070 f i frodo.obj
 0002:000230c0       ?GetRenderTargetView@Framebuffer2D@FD@@QEBAPEAUID3D11RenderTargetView@@XZ 00000001800d20c0 f i frodo.obj
 0002:00023110       ?GetResource@Framebuffer2D@FD@@QEBAPEAUID3D11Texture2D@@XZ 00000001800d2110 f i frodo.obj
 0002:00023160       ?Init@VFS@FD@@SAXXZ        00000001800d2160 f i frodo.obj
 0002:00023230       ?OnEvent@UserCamera@FD@@UEAA_NPEBVEvent@2@@Z 00000001800d2230 f i frodo.obj
 0002:00023280       ?OnExit@FDApplication@FD@@MEAAXXZ 00000001800d2280 f   frodo.obj
 0002:000232c0       ?OnInit@FDApplication@FD@@MEAAXXZ 00000001800d22c0 f   frodo.obj
 0002:00023300       ?OnRender@FDApplication@FD@@MEAAXXZ 00000001800d2300 f   frodo.obj
 0002:00023340       ?OnTick@FDApplication@FD@@MEAAXXZ 00000001800d2340 f   frodo.obj
 0002:00023380       ?OnUpdate@FDApplication@FD@@MEAAXM@Z 00000001800d2380 f   frodo.obj
 0002:000233d0       ?Run@FDApplication@FD@@AEAAXXZ 00000001800d23d0 f   frodo.obj
 0002:00023590       ?SetUPS@FDApplication@FD@@QEAAXM@Z 00000001800d2590 f i frodo.obj
 0002:00023600       ?Start@FDApplication@FD@@QEAAXXZ 00000001800d2600 f i frodo.obj
 0002:00023650       ?__autoclassinit2@Asset@FD@@QEAAX_K@Z 00000001800d2650 f i frodo.obj
 0002:000236b0       ?__autoclassinit2@FDApplication@FD@@QEAAX_K@Z 00000001800d26b0 f i frodo.obj
 0002:00023710       ?__autoclassinit2@Framebuffer2D@FD@@QEAAX_K@Z 00000001800d2710 f i frodo.obj
 0002:00023770       ?__autoclassinit2@MenuRenderer@FD@@QEAAX_K@Z 00000001800d2770 f i frodo.obj
 0002:000237d0       ?__autoclassinit2@Package@FD@@QEAAX_K@Z 00000001800d27d0 f i frodo.obj
 0002:00023830       ?__autoclassinit2@VFS@FD@@QEAAX_K@Z 00000001800d2830 f i frodo.obj
 0002:00023890       ??0BufferLayoutAttrib@BufferLayout@FD@@QEAA@$$QEAU012@@Z 00000001800d2890 f i bufferlayout.obj
 0002:00023960       ??0BufferLayoutAttrib@BufferLayout@FD@@QEAA@AEBU012@@Z 00000001800d2960 f i bufferlayout.obj
 0002:00023a30       ??1BufferLayout@FD@@QEAA@XZ 00000001800d2a30 f   bufferlayout.obj
 0002:00023a90       ??4BufferLayoutAttrib@BufferLayout@FD@@QEAAAEAU012@AEBU012@@Z 00000001800d2a90 f i bufferlayout.obj
 0002:00023b60       ??A?$List@UBufferLayoutAttrib@BufferLayout@FD@@@FD@@QEAAAEAUBufferLayoutAttrib@BufferLayout@1@_K@Z 00000001800d2b60 f i bufferlayout.obj
 0002:00023bc0       ?CreateInputLayout@BufferLayout@FD@@QEAAXPEAVShader@2@@Z 00000001800d2bc0 f   bufferlayout.obj
 0002:00023f10       ?GetElementOffset@BufferLayout@FD@@QEAAIAEBVString@2@@Z 00000001800d2f10 f   bufferlayout.obj
 0002:00024090       ?GetElementOffset@BufferLayout@FD@@QEAAII@Z 00000001800d3090 f   bufferlayout.obj
 0002:00024140       ?GetElementSize@BufferLayout@FD@@QEAAIAEBVString@2@@Z 00000001800d3140 f   bufferlayout.obj
 0002:000242c0       ?GetElementSize@BufferLayout@FD@@QEAAII@Z 00000001800d32c0 f   bufferlayout.obj
 0002:00024370       ?GetSize@?$List@UBufferLayoutAttrib@BufferLayout@FD@@@FD@@QEBA?B_KXZ 00000001800d3370 f i bufferlayout.obj
 0002:000243c0       ?Push@BufferLayout@FD@@AEAAXAEBVString@2@W4DXGI_FORMAT@@I@Z 00000001800d33c0 f   bufferlayout.obj
 0002:00024570       ?PushElement@BufferLayout@FD@@QEAAXAEBVString@2@I@Z 00000001800d3570 f   bufferlayout.obj
 0002:000246a0       ?Push_back@?$List@UBufferLayoutAttrib@BufferLayout@FD@@@FD@@QEAAXUBufferLayoutAttrib@BufferLayout@2@@Z 00000001800d36a0 f i bufferlayout.obj
 0002:00024940       ??0IndexBuffer@FD@@QEAA@PEAFI@Z 00000001800d3940 f   indexbuffer.obj
 0002:000249f0       ??0IndexBuffer@FD@@QEAA@PEAGI@Z 00000001800d39f0 f   indexbuffer.obj
 0002:00024aa0       ??0IndexBuffer@FD@@QEAA@PEAHI@Z 00000001800d3aa0 f   indexbuffer.obj
 0002:00024b50       ??0IndexBuffer@FD@@QEAA@PEAII@Z 00000001800d3b50 f   indexbuffer.obj
 0002:00024c00       ??0IndexBuffer@FD@@QEAA@PEAX_KW4FD_INDEXBUFFER_FORMAT@1@@Z 00000001800d3c00 f   indexbuffer.obj
 0002:00024e30       ?Bind@IndexBuffer@FD@@UEAAXXZ 00000001800d3e30 f   indexbuffer.obj
 0002:00024fe0       ??0VertexBuffer@FD@@QEAA@II@Z 00000001800d3fe0 f   vertexbuffer.obj
 0002:00025200       ??0VertexBuffer@FD@@QEAA@PEAX_KI_N@Z 00000001800d4200 f   vertexbuffer.obj
 0002:00025490       ?Bind@VertexBuffer@FD@@QEAAXI@Z 00000001800d4490 f   vertexbuffer.obj
 0002:000255a0       ?Bind@VertexBuffer@FD@@UEAAXXZ 00000001800d45a0 f   vertexbuffer.obj
 0002:000256a0       ?Map@VertexBuffer@FD@@QEAAPEAXW4FD_MAP_FLAG@2@@Z 00000001800d46a0 f   vertexbuffer.obj
 0002:00025800       ?Unmap@VertexBuffer@FD@@QEAAXXZ 00000001800d4800 f   vertexbuffer.obj
 0002:00025880       ??0D3DContext@FD@@AEAA@XZ  00000001800d4880 f   d3dcontext.obj
 0002:000258d0       ??1D3DContext@FD@@AEAA@XZ  00000001800d48d0 f   d3dcontext.obj
 0002:00025a90       ??_GD3DContext@FD@@AEAAPEAXI@Z 00000001800d4a90 f i d3dcontext.obj
 0002:00025b20       ?Clear@D3DContext@FD@@SAXG@Z 00000001800d4b20 f   d3dcontext.obj
 0002:00025c60       ?CreateContext@D3DContext@FD@@SAXPEAVWindow@2@@Z 00000001800d4c60 f   d3dcontext.obj
 0002:00026220       ?Dispose@D3DContext@FD@@SAXXZ 00000001800d5220 f   d3dcontext.obj
 0002:000262d0       ?Present@D3DContext@FD@@SAXII@Z 00000001800d52d0 f   d3dcontext.obj
 0002:00026350       ?SetRenderTarget@D3DContext@FD@@SAXPEAUID3D11RenderTargetView@@@Z 00000001800d5350 f   d3dcontext.obj
 0002:00026440       ?SetRenderTargets@D3DContext@FD@@SAXGPEAPEAUID3D11RenderTargetView@@@Z 00000001800d5440 f   d3dcontext.obj
 0002:000264b0       ?SetRenderTargets@D3DContext@FD@@SAXGPEAPEAUID3D11RenderTargetView@@PEAUID3D11DepthStencilView@@@Z 00000001800d54b0 f   d3dcontext.obj
 0002:000265d0       ?SetTopology@D3DContext@FD@@SAXW4D3D_PRIMITIVE_TOPOLOGY@@@Z 00000001800d55d0 f   d3dcontext.obj
 0002:00026650       ?SetViewPort@D3DContext@FD@@SAXMMMM@Z 00000001800d5650 f   d3dcontext.obj
 0002:00026770       ??0?$List@I@FD@@QEAA@XZ    00000001800d5770 f i font.obj
 0002:00026810       ??0?$List@UFD_GLYPH@Font@FD@@@FD@@QEAA@XZ 00000001800d5810 f i font.obj
 0002:000268b0       ??0?$Map@IUFD_GLYPH@Font@FD@@@FD@@QEAA@I@Z 00000001800d58b0 f i font.obj
 0002:00026980       ??0Font@FD@@QEAA@AEBVString@1@IVivec2@1@PEAU?$FD_RANGE@H@01@I@Z 00000001800d5980 f   font.obj
 0002:00026c20       ??0Font@FD@@QEAA@PEAXIIVivec2@1@PEAU?$FD_RANGE@H@01@I@Z 00000001800d5c20 f   font.obj
 0002:00026e00       ??1?$List@I@FD@@QEAA@XZ    00000001800d5e00 f i font.obj
 0002:00026e70       ??1?$Map@IUFD_GLYPH@Font@FD@@@FD@@QEAA@XZ 00000001800d5e70 f i font.obj
 0002:00026ee0       ??1Font@FD@@QEAA@XZ        00000001800d5ee0 f   font.obj
 0002:00027010       ??6?$List@I@FD@@QEAAXI@Z   00000001800d6010 f i font.obj
 0002:00027070       ??6?$List@UFD_GLYPH@Font@FD@@@FD@@QEAAXUFD_GLYPH@Font@1@@Z 00000001800d6070 f i font.obj
 0002:000270f0       ??A?$List@UFD_GLYPH@Font@FD@@@FD@@QEAAAEAUFD_GLYPH@Font@1@_K@Z 00000001800d60f0 f i font.obj
 0002:00027150       ??A?$Map@IUFD_GLYPH@Font@FD@@@FD@@QEAAAEAUFD_GLYPH@Font@1@I@Z 00000001800d6150 f i font.obj
 0002:00027200       ?Add@?$Map@IUFD_GLYPH@Font@FD@@@FD@@AEAAAEAUFD_GLYPH@Font@2@I@Z 00000001800d6200 f i font.obj
[...]
 0004:00000dc8       __memcpy_nt_iters          000000018028bdc8     MSVCRTD:_cpu_disp_.obj
 0004:00000dd8       ?_RTC_ErrorLevels@@3PAHA   000000018028bdd8     MSVCRTD:_error_.obj
 0004:00000df0       _You_must_link_with_exactly_one_OpenMP_library 000000018028bdf0     VCOMPD:unique.obj
 0004:00000df4       _You_must_link_with_Microsoft_OpenMP_library 000000018028bdf4     VCOMPD:unique.obj
 0004:00000dfc       __scrt_ucrt_dll_is_in_use  000000018028bdfc     MSVCRTD:ucrt_stubs.obj
 0004:00001080       ??_R0?AVEventListener@FD@@@8 000000018028c080     eventdispatcher.obj
 0004:000010b0       ??_R0?AVWindow@FD@@@8      000000018028c0b0     input.obj
 0004:000010d8       ??_R0?AVTexture@FD@@@8     000000018028c0d8     uibutton.obj
 0004:00001100       ??_R0?AVTexture2D@FD@@@8   000000018028c100     uibutton.obj
 0004:00001130       ??_R0?AVCamera@FD@@@8      000000018028c130     uibutton.obj
 0004:00001158       ??_R0?AVBuffer@FD@@@8      000000018028c158     uibutton.obj
 0004:00001180       ??_R0?AVVertexBuffer@FD@@@8 000000018028c180     uibutton.obj
 0004:000011b0       ??_R0?AVIndexBuffer@FD@@@8 000000018028c1b0     uibutton.obj
 0004:000011e0       ??_R0?AVMaterial@FD@@@8    000000018028c1e0     uibutton.obj
 0004:00001208       ??_R0?AVMaterialInstance@FD@@@8 000000018028c208     uibutton.obj
 0004:00001240       ??_R0?AVEntity@FD@@@8      000000018028c240     uibutton.obj
 0004:00001268       ??_R0?AVRenderer@FD@@@8    000000018028c268     uibutton.obj
 0004:00001290       ??_R0?AVBatchRenderer@FD@@@8 000000018028c290     uibutton.obj
 0004:000012c0       ??_R0?AVFontRenderer@FD@@@8 000000018028c2c0     uibutton.obj
 0004:000012f0       ??_R0?AVUIHandler@FD@@@8   000000018028c2f0     uibutton.obj
 0004:00001320       ??_R0?AVUIItem@FD@@@8      000000018028c320     uibutton.obj
 0004:00001348       ??_R0?AVUIText@FD@@@8      000000018028c348     uibutton.obj
 0004:00001370       ??_R0?AVUIButton@FD@@@8    000000018028c370     uibutton.obj
 0004:00001398       ??_R0?AVUITextAutoResize@FD@@@8 000000018028c398     uibutton.obj
 0004:000013d0       ??_R0?AVUITextHorizontalScroll@FD@@@8 000000018028c3d0     uibutton.obj
 0004:00001410       ??_R0?AVUIGroup@FD@@@8     000000018028c410     uigroup.obj
 0004:00001438       ??_R0?AVUISlider@FD@@@8    000000018028c438     uislider.obj
 0004:00001460       ??_R0?AVUISlider_Handle@UISlider@FD@@@8 000000018028c460     uislider_handle.obj
 0004:000014a0       ??_R0?AVUITextBox@FD@@@8   000000018028c4a0     uitextbox.obj
 0004:000014d0       ??_R0?AVUITextHorizontalScroll_Cursor@UITextHorizontalScroll@FD@@@8 000000018028c4d0     uitext_horizontal_scroll_cursor.obj
 0004:00001530       ??_R0?AVFramebuffer2D@FD@@@8 000000018028c530     frodo.obj
 0004:00001560       ??_R0?AVMenuRenderer@FD@@@8 000000018028c560     frodo.obj
 0004:00001590       ??_R0?AVUserCamera@FD@@@8  000000018028c590     frodo.obj
 0004:000015c0       ??_R0?AVFDApplication@FD@@@8 000000018028c5c0     frodo.obj
 0004:000015f0       ??_R0?AVtype_info@@@8      000000018028c5f0     MSVCRTD:std_type_info_static.obj
 0004:00001618       ??_R0?AVbad_alloc@std@@@8  000000018028c618     MSVCRTD:throw_bad_alloc.obj
 0004:00001648       ??_R0?AVexception@std@@@8  000000018028c648     MSVCRTD:throw_bad_alloc.obj
 0004:00001678       ??_R0?AVbad_array_new_length@std@@@8 000000018028c678     MSVCRTD:throw_bad_alloc.obj
 0004:000017e0       ?listeners@EventDispatcher@FD@@0V?$List@PEAVEventListener@FD@@@2@A 000000018028c7e0     eventdispatcher.obj
 0004:00001840       ?window@Input@FD@@0PEAVWindow@2@EA 000000018028c840     input.obj
 0004:00001848       ?mouseX@Input@FD@@2IA      000000018028c848     input.obj
 0004:0000184c       ?mouseY@Input@FD@@2IA      000000018028c84c     input.obj
 0004:00001850       ?prevKeys@Input@FD@@2PA_NA 000000018028c850     input.obj
 0004:0001184f       ?mouseCaptured@Input@FD@@2_NA 000000018029c84f     input.obj
 0004:00011850       ?keys@Input@FD@@2PA_NA     000000018029c850     input.obj
 0004:00027eb8       ?_OptionsStorage@?1??__local_stdio_printf_options@@9@4_KA 00000001802b2eb8     input.obj
 0004:00027f00       ?window_handels@Window@FD@@0V?$Map@PEAUHWND__@@PEAVWindow@FD@@@2@A 00000001802b2f00     window.obj
 0004:0003b290       ?pContext@D3DContext@FD@@0PEAV12@EA 00000001802c6290     d3dcontext.obj
 0004:0003b2a0       ?defaultFont@Font@FD@@0PEAV12@EA 00000001802c62a0     font.obj
 0004:0003b308       ?_OptionsStorage@?1??__local_stdio_scanf_options@@9@4_KA 00000001802c6308     meshfactory.obj
 0004:0003b4d0       ?textures@TextureManager@FD@@0V?$Map@PEADPEAVTexture@FD@@@2@A 00000001802c64d0     texturemanager.obj
 0004:0003b520       ?assets@AssetManager@FD@@2V?$List@PEAVAsset@FD@@@2@A 00000001802c6520     assetmanager.obj
 0004:0003b548       ?instance@VFS@FD@@0PEAV12@EA 00000001802c6548     vfs.obj
 0004:0003b558       __scrt_current_native_startup_state 00000001802c6558     MSVCRTD:utility.obj
 0004:0003b560       __scrt_native_startup_lock 00000001802c6560     MSVCRTD:utility.obj
 0004:0003bc3c       __favor                    00000001802c6c3c     MSVCRTD:_cpu_disp_.obj
 0004:0003bc40       __scrt_debugger_hook_flag  00000001802c6c40     MSVCRTD:utility_desktop.obj
 0004:0003bc60       ?__type_info_root_node@@3U__type_info_node@@A 00000001802c6c60     MSVCRTD:tncleanup.obj
 0004:0003bca0       ft_trace_levels            00000001802c6ca0     <common>
 0004:0003be70       ?_OptionsStorage@?1??__local_stdio_printf_options@@9@9 00000001802c6e70     <common>
 0004:0003be88       __dyn_tls_init_callback    00000001802c6e88     <common>
 0006:00000000       __imp_D3DCompile           00000001802d4000     d3dcompiler:D3DCOMPILER_47.dll
 0006:00000008       \177D3DCOMPILER_47_NULL_THUNK_DATA 00000001802d4008     d3dcompiler:D3DCOMPILER_47.dll
 0006:00000060       __imp_FreeImage_GetHeight  00000001802d4060     FreeImage:FreeImage.dll
 0006:00000068       __imp_FreeImage_FIFSupportsReading 00000001802d4068     FreeImage:FreeImage.dll
 0006:00000070       __imp_FreeImage_Unload     00000001802d4070     FreeImage:FreeImage.dll
 0006:00000078       __imp_FreeImage_LoadFromMemory 00000001802d4078     FreeImage:FreeImage.dll
 0006:00000080       __imp_FreeImage_GetFIFFromFilename 00000001802d4080     FreeImage:FreeImage.dll
 0006:00000088       __imp_FreeImage_GetFileTypeFromMemory 00000001802d4088     FreeImage:FreeImage.dll
 0006:00000090       __imp_FreeImage_GetBits    00000001802d4090     FreeImage:FreeImage.dll
 0006:00000098       __imp_FreeImage_GetBPP     00000001802d4098     FreeImage:FreeImage.dll
 0006:000000a0       __imp_FreeImage_GetWidth   00000001802d40a0     FreeImage:FreeImage.dll
 0006:000000a8       \177FreeImage_NULL_THUNK_DATA 00000001802d40a8     FreeImage:FreeImage.dll
 0006:00000108       __imp_GetDeviceCaps        00000001802d4108     gdi32:GDI32.dll
 0006:00000110       \177GDI32_NULL_THUNK_DATA  00000001802d4110     gdi32:GDI32.dll
 0006:00000168       __imp_GetStdHandle         00000001802d4168     kernel32:KERNEL32.dll
 0006:00000170       __imp_GetConsoleScreenBufferInfo 00000001802d4170     kernel32:KERNEL32.dll
 0006:00000178       __imp_SetConsoleTextAttribute 00000001802d4178     kernel32:KERNEL32.dll
 0006:00000180       __imp_RtlLookupFunctionEntry 00000001802d4180     kernel32:KERNEL32.dll
 0006:00000188       __imp_UnhandledExceptionFilter 00000001802d4188     kernel32:KERNEL32.dll
 0006:00000190       __imp_SetUnhandledExceptionFilter 00000001802d4190     kernel32:KERNEL32.dll
 0006:00000198       __imp_GetCurrentProcess    00000001802d4198     kernel32:KERNEL32.dll
 0006:000001a0       __imp_TerminateProcess     00000001802d41a0     kernel32:KERNEL32.dll
 0006:000001a8       __imp_IsProcessorFeaturePresent 00000001802d41a8     kernel32:KERNEL32.dll
 0006:000001b0       __imp_IsDebuggerPresent    00000001802d41b0     kernel32:KERNEL32.dll
 0006:000001b8       __imp_GetStartupInfoW      00000001802d41b8     kernel32:KERNEL32.dll
 0006:000001c0       __imp_GetModuleHandleW     00000001802d41c0     kernel32:KERNEL32.dll
 0006:000001c8       __imp_RaiseException       00000001802d41c8     kernel32:KERNEL32.dll
 0006:000001d0       __imp_MultiByteToWideChar  00000001802d41d0     kernel32:KERNEL32.dll
 0006:000001d8       __imp_WideCharToMultiByte  00000001802d41d8     kernel32:KERNEL32.dll
 0006:000001e0       __imp_QueryPerformanceCounter 00000001802d41e0     kernel32:KERNEL32.dll
 0006:000001e8       __imp_GetCurrentProcessId  00000001802d41e8     kernel32:KERNEL32.dll
 0006:000001f0       __imp_GetCurrentThreadId   00000001802d41f0     kernel32:KERNEL32.dll
 0006:000001f8       __imp_GetSystemTimeAsFileTime 00000001802d41f8     kernel32:KERNEL32.dll
 0006:00000200       __imp_DisableThreadLibraryCalls 00000001802d4200     kernel32:KERNEL32.dll
 0006:00000208       __imp_RtlVirtualUnwind     00000001802d4208     kernel32:KERNEL32.dll
 0006:00000210       __imp_GetProcAddress       00000001802d4210     kernel32:KERNEL32.dll
 0006:00000218       __imp_InitializeSListHead  00000001802d4218     kernel32:KERNEL32.dll
 0006:00000220       __imp_GetLastError         00000001802d4220     kernel32:KERNEL32.dll
 0006:00000228       __imp_HeapAlloc            00000001802d4228     kernel32:KERNEL32.dll
 0006:00000230       __imp_HeapFree             00000001802d4230     kernel32:KERNEL32.dll
 0006:00000238       __imp_GetProcessHeap       00000001802d4238     kernel32:KERNEL32.dll
 0006:00000240       __imp_VirtualQuery         00000001802d4240     kernel32:KERNEL32.dll
 0006:00000248       __imp_FreeLibrary          00000001802d4248     kernel32:KERNEL32.dll
 0006:00000250       __imp_RtlCaptureContext    00000001802d4250     kernel32:KERNEL32.dll
 0006:00000258       \177KERNEL32_NULL_THUNK_DATA 00000001802d4258     kernel32:KERNEL32.dll
 0006:000002e0       __imp_SetCursorPos         00000001802d42e0     user32:USER32.dll
 0006:000002e8       __imp_ClientToScreen       00000001802d42e8     user32:USER32.dll
 0006:000002f0       __imp_TranslateMessage     00000001802d42f0     user32:USER32.dll
 0006:000002f8       __imp_DispatchMessageA     00000001802d42f8     user32:USER32.dll
 0006:00000300       __imp_PeekMessageA         00000001802d4300     user32:USER32.dll
 0006:00000308       __imp_DefWindowProcA       00000001802d4308     user32:USER32.dll
 0006:00000310       __imp_RegisterClassExA     00000001802d4310     user32:USER32.dll
 0006:00000318       __imp_CreateWindowExA      00000001802d4318     user32:USER32.dll
 0006:00000320       __imp_ShowWindow           00000001802d4320     user32:USER32.dll
 0006:00000328       __imp_GetSystemMetrics     00000001802d4328     user32:USER32.dll
 0006:00000330       __imp_GetDC                00000001802d4330     user32:USER32.dll
 0006:00000338       __imp_ReleaseDC            00000001802d4338     user32:USER32.dll
 0006:00000340       __imp_AdjustWindowRect     00000001802d4340     user32:USER32.dll
 0006:00000348       __imp_ShowCursor           00000001802d4348     user32:USER32.dll
 0006:00000350       __imp_LoadCursorA          00000001802d4350     user32:USER32.dll
 0006:00000358       __imp_LoadIconA            00000001802d4358     user32:USER32.dll
 0006:00000360       \177USER32_NULL_THUNK_DATA 00000001802d4360     user32:USER32.dll
 0006:000003d0       __imp__vcomp_barrier       00000001802d43d0     VCOMPD:VCOMP140D.DLL
 0006:000003d8       __imp__vcomp_for_static_simple_init 00000001802d43d8     VCOMPD:VCOMP140D.DLL
 0006:000003e0       __imp__vcomp_for_static_end 00000001802d43e0     VCOMPD:VCOMP140D.DLL
 0006:000003e8       \177VCOMP140D_NULL_THUNK_DATA 00000001802d43e8     VCOMPD:VCOMP140D.DLL
 0006:00000440       __imp_memcmp               00000001802d4440     vcruntimed:VCRUNTIME140D.dll
 0006:00000448       __imp___CxxFrameHandler3   00000001802d4448     vcruntimed:VCRUNTIME140D.dll
 0006:00000450       __imp_memset               00000001802d4450     vcruntimed:VCRUNTIME140D.dll
 0006:00000458       __imp___vcrt_LoadLibraryExW 00000001802d4458     vcruntimed:VCRUNTIME140D.dll
 0006:00000460       __imp___vcrt_GetModuleHandleW 00000001802d4460     vcruntimed:VCRUNTIME140D.dll
 0006:00000468       __imp___vcrt_GetModuleFileNameW 00000001802d4468     vcruntimed:VCRUNTIME140D.dll
 0006:00000470       __imp___std_type_info_destroy_list 00000001802d4470     vcruntimed:VCRUNTIME140D.dll
 0006:00000478       __imp__CxxThrowException   00000001802d4478     vcruntimed:VCRUNTIME140D.dll
 0006:00000480       __imp___std_exception_destroy 00000001802d4480     vcruntimed:VCRUNTIME140D.dll
 0006:00000488       __imp___std_exception_copy 00000001802d4488     vcruntimed:VCRUNTIME140D.dll
 0006:00000490       __imp___intrinsic_setjmp   00000001802d4490     vcruntimed:VCRUNTIME140D.dll
 0006:00000498       __imp___C_specific_handler 00000001802d4498     vcruntimed:VCRUNTIME140D.dll
 0006:000004a0       __imp_memchr               00000001802d44a0     vcruntimed:VCRUNTIME140D.dll
 0006:000004a8       __imp_strstr               00000001802d44a8     vcruntimed:VCRUNTIME140D.dll
 0006:000004b0       __imp_longjmp              00000001802d44b0     vcruntimed:VCRUNTIME140D.dll
 0006:000004b8       __imp_strrchr              00000001802d44b8     vcruntimed:VCRUNTIME140D.dll
 0006:000004c0       __imp_memmove              00000001802d44c0     vcruntimed:VCRUNTIME140D.dll
 0006:000004c8       __imp_memcpy               00000001802d44c8     vcruntimed:VCRUNTIME140D.dll
 0006:000004d0       __imp__purecall            00000001802d44d0     vcruntimed:VCRUNTIME140D.dll
 0006:000004d8       \177VCRUNTIME140D_NULL_THUNK_DATA 00000001802d44d8     vcruntimed:VCRUNTIME140D.dll
 0006:00000548       __imp_D3D11CreateDeviceAndSwapChain 00000001802d4548     d3d11:d3d11.dll
 0006:00000550       \177d3d11_NULL_THUNK_DATA  00000001802d4550     d3d11:d3d11.dll
 0006:000005a8       __imp_fseek                00000001802d45a8     ucrtd:ucrtbased.dll
 0006:000005b0       __imp_ftell                00000001802d45b0     ucrtd:ucrtbased.dll
 0006:000005b8       __imp_free                 00000001802d45b8     ucrtd:ucrtbased.dll
 0006:000005c0       __imp_malloc               00000001802d45c0     ucrtd:ucrtbased.dll
 0006:000005c8       __imp_realloc              00000001802d45c8     ucrtd:ucrtbased.dll
 0006:000005d0       __imp_exit                 00000001802d45d0     ucrtd:ucrtbased.dll
 0006:000005d8       __imp__seh_filter_dll      00000001802d45d8     ucrtd:ucrtbased.dll
 0006:000005e0       __imp__configure_narrow_argv 00000001802d45e0     ucrtd:ucrtbased.dll
 0006:000005e8       __imp__initialize_narrow_environment 00000001802d45e8     ucrtd:ucrtbased.dll
 0006:000005f0       __imp__initialize_onexit_table 00000001802d45f0     ucrtd:ucrtbased.dll
 0006:000005f8       __imp__register_onexit_function 00000001802d45f8     ucrtd:ucrtbased.dll
 0006:00000600       __imp__execute_onexit_table 00000001802d4600     ucrtd:ucrtbased.dll
 0006:00000608       __imp__crt_atexit          00000001802d4608     ucrtd:ucrtbased.dll
 0006:00000610       __imp__crt_at_quick_exit   00000001802d4610     ucrtd:ucrtbased.dll
 0006:00000618       __imp__cexit               00000001802d4618     ucrtd:ucrtbased.dll
 0006:00000620       __imp__CrtDbgReport        00000001802d4620     ucrtd:ucrtbased.dll
 0006:00000628       __imp__CrtDbgReportW       00000001802d4628     ucrtd:ucrtbased.dll
 0006:00000630       __imp_terminate            00000001802d4630     ucrtd:ucrtbased.dll
 0006:00000638       __imp__callnewh            00000001802d4638     ucrtd:ucrtbased.dll
 0006:00000640       __imp__initterm            00000001802d4640     ucrtd:ucrtbased.dll
 0006:00000648       __imp__initterm_e          00000001802d4648     ucrtd:ucrtbased.dll
 0006:00000650       __imp__free_dbg            00000001802d4650     ucrtd:ucrtbased.dll
 0006:00000658       __imp___stdio_common_vsprintf_s 00000001802d4658     ucrtd:ucrtbased.dll
 0006:00000660       __imp__wmakepath_s         00000001802d4660     ucrtd:ucrtbased.dll
 0006:00000668       __imp__wsplitpath_s        00000001802d4668     ucrtd:ucrtbased.dll
 0006:00000670       __imp_wcscpy_s             00000001802d4670     ucrtd:ucrtbased.dll
 0006:00000678       __imp_strncmp              00000001802d4678     ucrtd:ucrtbased.dll
 0006:00000680       __imp_strtol               00000001802d4680     ucrtd:ucrtbased.dll
 0006:00000688       __imp_qsort                00000001802d4688     ucrtd:ucrtbased.dll
 0006:00000690       __imp_strncpy              00000001802d4690     ucrtd:ucrtbased.dll
 0006:00000698       __imp_strcmp               00000001802d4698     ucrtd:ucrtbased.dll
 0006:000006a0       __imp_strcat               00000001802d46a0     ucrtd:ucrtbased.dll
 0006:000006a8       __imp_getenv               00000001802d46a8     ucrtd:ucrtbased.dll
 0006:000006b0       __imp_strlen               00000001802d46b0     ucrtd:ucrtbased.dll
 0006:000006b8       __imp_fwrite               00000001802d46b8     ucrtd:ucrtbased.dll
 0006:000006c0       __imp__ftelli64            00000001802d46c0     ucrtd:ucrtbased.dll
 0006:000006c8       __imp__fseeki64            00000001802d46c8     ucrtd:ucrtbased.dll
 0006:000006d0       __imp_fread                00000001802d46d0     ucrtd:ucrtbased.dll
 0006:000006d8       __imp_fclose               00000001802d46d8     ucrtd:ucrtbased.dll
 0006:000006e0       __imp_fopen                00000001802d46e0     ucrtd:ucrtbased.dll
 0006:000006e8       __imp_tanhf                00000001802d46e8     ucrtd:ucrtbased.dll
 0006:000006f0       __imp_sinf                 00000001802d46f0     ucrtd:ucrtbased.dll
 0006:000006f8       __imp___stdio_common_vsprintf 00000001802d46f8     ucrtd:ucrtbased.dll
 0006:00000700       __imp_atof                 00000001802d4700     ucrtd:ucrtbased.dll
 0006:00000708       __imp___stdio_common_vsscanf 00000001802d4708     ucrtd:ucrtbased.dll
 0006:00000710       __imp_sqrtf                00000001802d4710     ucrtd:ucrtbased.dll
 0006:00000718       __imp_ceilf                00000001802d4718     ucrtd:ucrtbased.dll
 0006:00000720       __imp_clock                00000001802d4720     ucrtd:ucrtbased.dll
 0006:00000728       __imp_cosf                 00000001802d4728     ucrtd:ucrtbased.dll
 0006:00000730       __imp___stdio_common_vfprintf 00000001802d4730     ucrtd:ucrtbased.dll
 0006:00000738       __imp___acrt_iob_func      00000001802d4738     ucrtd:ucrtbased.dll
 0006:00000740       __imp___stdio_common_vswprintf_s 00000001802d4740     ucrtd:ucrtbased.dll
 0006:00000748       __imp_atoi                 00000001802d4748     ucrtd:ucrtbased.dll
 0006:00000750       \177ucrtbased_NULL_THUNK_DATA 00000001802d4750     ucrtd:ucrtbased.dll
 0006:000007f8       __IMPORT_DESCRIPTOR_d3d11  00000001802d47f8     d3d11:d3d11.dll
 0006:0000080c       __IMPORT_DESCRIPTOR_D3DCOMPILER_47 00000001802d480c     d3dcompiler:D3DCOMPILER_47.dll
 0006:00000820       __IMPORT_DESCRIPTOR_FreeImage 00000001802d4820     FreeImage:FreeImage.dll
 0006:00000834       __IMPORT_DESCRIPTOR_KERNEL32 00000001802d4834     kernel32:KERNEL32.dll
 0006:00000848       __IMPORT_DESCRIPTOR_USER32 00000001802d4848     user32:USER32.dll
 0006:0000085c       __IMPORT_DESCRIPTOR_GDI32  00000001802d485c     gdi32:GDI32.dll
 0006:00000870       __IMPORT_DESCRIPTOR_VCOMP140D 00000001802d4870     VCOMPD:VCOMP140D.DLL
 0006:00000884       __IMPORT_DESCRIPTOR_VCRUNTIME140D 00000001802d4884     vcruntimed:VCRUNTIME140D.dll
 0006:00000898       __IMPORT_DESCRIPTOR_ucrtbased 00000001802d4898     ucrtd:ucrtbased.dll
 0006:000008ac       __NULL_IMPORT_DESCRIPTOR   00000001802d48ac     d3d11:d3d11.dll
 0008:00000000       __guard_check_icall_fptr   00000001802d7000     MSVCRTD:guard_support.obj
 0008:00000010       __guard_dispatch_icall_fptr 00000001802d7010     MSVCRTD:guard_support.obj
