 Frodo

 Timestamp is 58f0d7ca (Fri Apr 14 16:08:10 2017)

 Preferred load address is 0000000180000000

 Start         Length     Name                   Class
 0001:00000000 000ad028H .textbss                DATA
 0002:00000000 00004d10H .text$di                CODE
 0002:00004d10 00155c00H .text$mn                CODE
 0002:0015a910 00001020H .text$mn$00             CODE
 0002:0015b930 00006e90H .text$x                 CODE
 0002:001627c0 00001624H .text$yd                CODE
 0003:00000000 00000110H .CRT$XCA                DATA
 0003:00000110 000001f8H .CRT$XCU                DATA
 0003:00000308 00000110H .CRT$XCZ                DATA
 0003:00000418 00000110H .CRT$XIA                DATA
 0003:00000528 00000110H .CRT$XIZ                DATA
 0003:00000638 00000110H .CRT$XPA                DATA
 0003:00000748 00000110H .CRT$XPZ                DATA
 0003:00000858 00000110H .CRT$XTA                DATA
 0003:00000968 00000118H .CRT$XTZ                DATA
 0003:00000a80 00051698H .rdata                  DATA
 0003:00052118 00001490H .rdata$r                DATA
 0003:000535a8 00000188H .rdata$zzzdbg           DATA
 0003:00053730 00000110H .rtc$IAA                DATA
 0003:00053840 00000620H .rtc$IMZ                DATA
 0003:00053e60 00000110H .rtc$IZZ                DATA
 0003:00053f70 00000110H .rtc$TAA                DATA
 0003:00054080 00000620H .rtc$TMZ                DATA
 0003:000546a0 00000110H .rtc$TZZ                DATA
 0003:000547b0 00014cd0H .xdata                  DATA
 0003:00069480 00000210H .xdata$x                DATA
 0003:00069690 0000cb26H .edata                  DATA
 0004:00000000 00001080H .data                   DATA
 0004:00001080 00000760H .data$r                 DATA
 0004:000017e0 0003a6b9H .bss                    DATA
 0005:00000000 0000c744H .pdata                  DATA
 0006:00000000 000007f8H .idata$5                DATA
 0006:000007f8 000000b4H .idata$2                DATA
 0006:000008ac 00000014H .idata$3                DATA
 0006:000008c0 000007f8H .idata$4                DATA
 0006:000010b8 00000baaH .idata$6                DATA
 0007:00000000 00000156H .gfids$y                DATA
 0008:00000000 0000011bH .00cfg                  DATA
 0009:00000000 00000170H .rsrc$01                DATA
 0009:00000170 000002ccH .rsrc$02                DATA

  Address         Publics by Value              Rva+Base               Lib:Object

 0000:00000000       __dynamic_value_reloc_table 0000000000000000     <absolute>
 0000:00000000       ___safe_se_handler_count   0000000000000000     <absolute>
 0000:00000000       __guard_fids_table         0000000000000000     <absolute>
 0000:00000000       __guard_fids_count         0000000000000000     <absolute>
 0000:00000000       ___safe_se_handler_table   0000000000000000     <absolute>
 0000:00000000       __guard_iat_count          0000000000000000     <absolute>
 0000:00000000       __guard_iat_table          0000000000000000     <absolute>
 0000:00000000       __guard_longjmp_count      0000000000000000     <absolute>
 0000:00000000       __guard_longjmp_table      0000000000000000     <absolute>
 0000:00000100       __guard_flags              0000000000000100     <absolute>
 0000:00000000       __ImageBase                0000000180000000     <linker-defined>
 0001:00000000       __enc$textbss$begin        0000000180001000     <linker-defined>
 0001:000ad028       __enc$textbss$end          00000001800ae028     <linker-defined>
 0002:00004d10       ??0?$List@PEAVEventListener@FD@@@FD@@QEAA@XZ 00000001800b3d10 f i eventdispatcher.obj
 0002:00004db0       ??0EventListener@FD@@QEAA@AEBV01@@Z 00000001800b3db0 f i eventdispatcher.obj
 0002:00004e20       ??0EventListener@FD@@QEAA@XZ 00000001800b3e20 f i eventdispatcher.obj
 0002:00004e90       ??1?$List@PEAVEventListener@FD@@@FD@@QEAA@XZ 00000001800b3e90 f i eventdispatcher.obj
 0002:00004f00       ??1EventListener@FD@@QEAA@XZ 00000001800b3f00 f i eventdispatcher.obj
 0002:00004f80       ??4EventDispatcher@FD@@QEAAAEAV01@$$QEAV01@@Z 00000001800b3f80 f i eventdispatcher.obj
 0002:00004fd0       ??4EventDispatcher@FD@@QEAAAEAV01@AEBV01@@Z 00000001800b3fd0 f i eventdispatcher.obj
 0002:00005020       ??4EventListener@FD@@QEAAAEAV01@AEBV01@@Z 00000001800b4020 f i eventdispatcher.obj
 0002:00005070       ??4ivec2@FD@@QEAAAEAV01@$$QEAV01@@Z 00000001800b4070 f i eventdispatcher.obj
 0002:000050f0       ??4ivec2@FD@@QEAAAEAV01@AEBV01@@Z 00000001800b40f0 f i eventdispatcher.obj
 0002:00005160       ??4vec2@FD@@QEAAAEAV01@$$QEAV01@@Z 00000001800b4160 f i eventdispatcher.obj
 0002:000051f0       ??4vec2@FD@@QEAAAEAV01@AEBV01@@Z 00000001800b41f0 f i eventdispatcher.obj
 0002:00005260       ??A?$List@PEAVEventListener@FD@@@FD@@QEAAAEAPEAVEventListener@1@_K@Z 00000001800b4260 f i eventdispatcher.obj
 0002:000052c0       ??Givec2@FD@@QEAA?AV01@XZ  00000001800b42c0 f i eventdispatcher.obj
 0002:00005350       ??Gvec2@FD@@QEAA?AV01@XZ   00000001800b4350 f i eventdispatcher.obj
 0002:000053f0       ??Xivec2@FD@@QEAAXAEBV01@@Z 00000001800b43f0 f i eventdispatcher.obj
 0002:00005450       ??Xivec2@FD@@QEAAXH@Z      00000001800b4450 f i eventdispatcher.obj
 0002:000054b0       ??Xvec2@FD@@QEAAXAEBV01@@Z 00000001800b44b0 f i eventdispatcher.obj
 0002:00005510       ??Xvec2@FD@@QEAAXM@Z       00000001800b4510 f i eventdispatcher.obj
 0002:00005580       ??Yivec2@FD@@QEAAXAEBV01@@Z 00000001800b4580 f i eventdispatcher.obj
 0002:000055e0       ??Yivec2@FD@@QEAAXH@Z      00000001800b45e0 f i eventdispatcher.obj
 0002:00005640       ??Yvec2@FD@@QEAAXAEBV01@@Z 00000001800b4640 f i eventdispatcher.obj
 0002:000056a0       ??Yvec2@FD@@QEAAXM@Z       00000001800b46a0 f i eventdispatcher.obj
 0002:00005710       ??Zivec2@FD@@QEAAXAEBV01@@Z 00000001800b4710 f i eventdispatcher.obj
 0002:00005770       ??Zivec2@FD@@QEAAXH@Z      00000001800b4770 f i eventdispatcher.obj
 0002:000057d0       ??Zvec2@FD@@QEAAXAEBV01@@Z 00000001800b47d0 f i eventdispatcher.obj
 0002:00005830       ??Zvec2@FD@@QEAAXM@Z       00000001800b4830 f i eventdispatcher.obj
 0002:000058a0       ??_0ivec2@FD@@QEAAXAEBV01@@Z 00000001800b48a0 f i eventdispatcher.obj
 0002:00005900       ??_0ivec2@FD@@QEAAXH@Z     00000001800b4900 f i eventdispatcher.obj
 0002:00005960       ??_0vec2@FD@@QEAAXAEBV01@@Z 00000001800b4960 f i eventdispatcher.obj
 0002:000059c0       ??_0vec2@FD@@QEAAXM@Z      00000001800b49c0 f i eventdispatcher.obj
 0002:00005a30       ?AddListener@EventDispatcher@FD@@SAXPEAVEventListener@2@@Z 00000001800b4a30 f   eventdispatcher.obj
 0002:00005a90       ?DispatchEvent@EventDispatcher@FD@@SAXPEBVEvent@2@@Z 00000001800b4a90 f   eventdispatcher.obj
 0002:00006060       ?GetAction@EventKeyboardActionKey@FD@@QEBAIXZ 00000001800b5060 f i eventdispatcher.obj
 0002:000060b0       ?GetAction@EventMouseActionButton@FD@@QEBA?AW4FD_ACTION@12@XZ 00000001800b50b0 f i eventdispatcher.obj
 0002:00006100       ?GetAction@EventWindowState@FD@@QEBA?AW4FD_ACTION@12@XZ 00000001800b5100 f i eventdispatcher.obj
 0002:00006150       ?GetButton@EventMouseActionButton@FD@@QEBAIXZ 00000001800b5150 f i eventdispatcher.obj
 0002:000061a0       ?GetEventType@Event@FD@@QEBA?AW4FD_TYPE@12@XZ 00000001800b51a0 f i eventdispatcher.obj
 0002:000061f0       ?GetKey@EventKeyboardActionKey@FD@@QEBAIXZ 00000001800b51f0 f i eventdispatcher.obj
 0002:00006240       ?GetPosition@EventMouseActionMove@FD@@QEBA?AVivec2@2@XZ 00000001800b5240 f i eventdispatcher.obj
 0002:000062b0       ?GetPosition@EventWindowActionMove@FD@@QEBA?AVivec2@2@XZ 00000001800b52b0 f i eventdispatcher.obj
 0002:00006320       ?GetSize@?$List@PEAVEventListener@FD@@@FD@@QEBA?B_KXZ 00000001800b5320 f i eventdispatcher.obj
 0002:00006370       ?GetSize@EventWindowActionResize@FD@@QEBA?AVivec2@2@XZ 00000001800b5370 f i eventdispatcher.obj
 0002:000063e0       ?GetSizeInBytes@?$List@PEAVEventListener@FD@@@FD@@QEBA?B_KXZ 00000001800b53e0 f i eventdispatcher.obj
 0002:00006440       ?OnEvent@EventListener@FD@@UEAA_NPEBVEvent@2@@Z 00000001800b5440 f i eventdispatcher.obj
 0002:00006490       ?OnEvent@EventListener@FD@@UEAA_NPEBVEventKeyboardActionKey@2@@Z 00000001800b5490 f i eventdispatcher.obj
 0002:000064e0       ?OnEvent@EventListener@FD@@UEAA_NPEBVEventMouseActionButton@2@@Z 00000001800b54e0 f i eventdispatcher.obj
 0002:00006530       ?OnEvent@EventListener@FD@@UEAA_NPEBVEventMouseActionMove@2@@Z 00000001800b5530 f i eventdispatcher.obj
 0002:00006580       ?OnEvent@EventListener@FD@@UEAA_NPEBVEventWindowActionMove@2@@Z 00000001800b5580 f i eventdispatcher.obj
 0002:000065d0       ?OnEvent@EventListener@FD@@UEAA_NPEBVEventWindowActionResize@2@@Z 00000001800b55d0 f i eventdispatcher.obj
 0002:00006620       ?OnEvent@EventListener@FD@@UEAA_NPEBVEventWindowState@2@@Z 00000001800b5620 f i eventdispatcher.obj
 0002:00006670       ?OnKeyboardActionKeyHold@EventListener@FD@@UEAA_NI@Z 00000001800b5670 f i eventdispatcher.obj
 0002:000066c0       ?OnKeyboardActionKeyPressed@EventListener@FD@@UEAA_NI@Z 00000001800b56c0 f i eventdispatcher.obj
 0002:00006710       ?OnKeyboardActionKeyReleased@EventListener@FD@@UEAA_NI@Z 00000001800b5710 f i eventdispatcher.obj
 0002:00006760       ?OnMouseActionButtonHold@EventListener@FD@@UEAA_NI@Z 00000001800b5760 f i eventdispatcher.obj
 0002:000067b0       ?OnMouseActionButtonPressed@EventListener@FD@@UEAA_NI@Z 00000001800b57b0 f i eventdispatcher.obj
 0002:00006800       ?OnMouseActionButtonReleased@EventListener@FD@@UEAA_NI@Z 00000001800b5800 f i eventdispatcher.obj
 0002:00006850       ?OnMouseActionMove@EventListener@FD@@UEAA_NVivec2@2@@Z 00000001800b5850 f i eventdispatcher.obj
 0002:000068a0       ?OnWindowActionMove@EventListener@FD@@UEAA_NVivec2@2@@Z 00000001800b58a0 f i eventdispatcher.obj
 0002:000068f0       ?OnWindowActionResize@EventListener@FD@@UEAA_NVivec2@2@@Z 00000001800b58f0 f i eventdispatcher.obj
 0002:00006940       ?OnWindowStateChanged@EventListener@FD@@UEAA_NW4FD_ACTION@EventWindowState@2@@Z 00000001800b5940 f i eventdispatcher.obj
 0002:00006990       ?Push_back@?$List@PEAVEventListener@FD@@@FD@@QEAAXPEAVEventListener@2@@Z 00000001800b5990 f i eventdispatcher.obj
 0002:00006a70       ?Remove@?$List@PEAVEventListener@FD@@@FD@@QEAAPEAVEventListener@2@PEAV32@@Z 00000001800b5a70 f i eventdispatcher.obj
 0002:00006b30       ?RemoveIndex@?$List@PEAVEventListener@FD@@@FD@@QEAAPEAVEventListener@2@_K@Z 00000001800b5b30 f i eventdispatcher.obj
 0002:00006c40       ?RemoveListener@EventDispatcher@FD@@SAXPEAVEventListener@2@@Z 00000001800b5c40 f   eventdispatcher.obj
 0002:00006ca0       ?Reserve@?$List@PEAVEventListener@FD@@@FD@@QEAAX_K@Z 00000001800b5ca0 f i eventdispatcher.obj
 0002:00006df0       ?__autoclassinit2@?$List@PEAVEventListener@FD@@@FD@@QEAAX_K@Z 00000001800b5df0 f i eventdispatcher.obj
 0002:00006e50       ??$__vcrt_va_start_verify_argument_type@QEB_W@@YAXXZ 00000001800b5e50 f i input.obj
 0002:00006e80       ??0String@FD@@QEAA@XZ      00000001800b5e80 f i input.obj
 0002:00006ef0       ??0Window@FD@@QEAA@AEBV01@@Z 00000001800b5ef0 f i input.obj
 0002:00007070       ??4D3DContext@FD@@QEAAAEAV01@AEBV01@@Z 00000001800b6070 f i input.obj
 0002:000070e0       ??4Input@FD@@QEAAAEAV01@$$QEAV01@@Z 00000001800b60e0 f i input.obj
 0002:00007130       ??4Input@FD@@QEAAAEAV01@AEBV01@@Z 00000001800b6130 f i input.obj
 0002:00007180       ??4Window@FD@@QEAAAEAV01@AEBV01@@Z 00000001800b6180 f i input.obj
 0002:00007300       ??6String@FD@@QEAAAEAV01@AEBV01@@Z 00000001800b6300 f i input.obj
 0002:00007360       ??6String@FD@@QEAAAEAV01@D@Z 00000001800b6360 f i input.obj
 0002:000073c0       ??DString@FD@@QEBAPEADXZ   00000001800b63c0 f i input.obj
 0002:00007410       ??YString@FD@@QEAAXAEBV01@@Z 00000001800b6410 f i input.obj
 0002:00007470       ??YString@FD@@QEAAXD@Z     00000001800b6470 f i input.obj
 0002:000074d0       ?CaptureMouse@Input@FD@@SAXXZ 00000001800b64d0 f i input.obj
 0002:00007520       ?GetAspectRatio@Window@FD@@QEBAMXZ 00000001800b6520 f i input.obj
 0002:00007590       ?GetContext@D3DContext@FD@@SAPEAV12@XZ 00000001800b6590 f i input.obj
 0002:000075d0       ?GetDefaultDepthStencilView@D3DContext@FD@@SAPEAUID3D11DepthStencilView@@XZ 00000001800b65d0 f i input.obj
 0002:00007610       ?GetDefaultRenderTarget@D3DContext@FD@@SAPEAUID3D11RenderTargetView@@XZ 00000001800b6610 f i input.obj
 0002:00007650       ?GetDevice@D3DContext@FD@@SAPEAUID3D11Device@@XZ 00000001800b6650 f i input.obj
 0002:00007690       ?GetDeviceContext@D3DContext@FD@@SAPEAUID3D11DeviceContext@@XZ 00000001800b6690 f i input.obj
 0002:000076d0       ?GetHWND@Window@FD@@QEBAPEAUHWND__@@XZ 00000001800b66d0 f i input.obj
 0002:00007720       ?GetHeight@Window@FD@@QEBAHXZ 00000001800b6720 f i input.obj
 0002:00007770       ?GetMouseX@Input@FD@@SAIXZ 00000001800b6770 f i input.obj
 0002:000077b0       ?GetMouseY@Input@FD@@SAIXZ 00000001800b67b0 f i input.obj
 0002:000077f0       ?GetSwapChain@D3DContext@FD@@SAPEAUIDXGISwapChain@@XZ 00000001800b67f0 f i input.obj
 0002:00007830       ?GetTitle@Window@FD@@QEBAAEBVString@2@XZ 00000001800b6830 f i input.obj
 0002:00007880       ?GetWCHAR@String@FD@@QEBAPEA_WXZ 00000001800b6880 f i input.obj
 0002:00007980       ?GetWidth@Window@FD@@QEBAHXZ 00000001800b6980 f i input.obj
 0002:000079d0       ?GetWindow@D3DContext@FD@@SAPEAVWindow@2@XZ 00000001800b69d0 f i input.obj
 0002:00007a10       ?Init@Input@FD@@SAXPEAVWindow@2@@Z 00000001800b6a10 f   input.obj
 0002:00007aa0       ?IsKeyDown@Input@FD@@SA_NE@Z 00000001800b6aa0 f   input.obj
 0002:00007b00       ?IsKeyDownOnce@Input@FD@@SA_NE@Z 00000001800b6b00 f   input.obj
 0002:00007ba0       ?IsMouseCaptured@Input@FD@@SA_NXZ 00000001800b6ba0 f i input.obj
 0002:00007be0       ?IsNull@String@FD@@QEBA_NXZ 00000001800b6be0 f i input.obj
 0002:00007c70       ?IsOpen@Window@FD@@QEBA_NXZ 00000001800b6c70 f i input.obj
 0002:00007cc0       ?IsVisible@Window@FD@@QEBA_NXZ 00000001800b6cc0 f i input.obj
 0002:00007d10       ?ReleaseMouse@Input@FD@@SAXXZ 00000001800b6d10 f i input.obj
 0002:00007d60       ?SetActiveDeviceContext@D3DContext@FD@@SAXPEAUID3D11DeviceContext@@@Z 00000001800b6d60 f i input.obj
 0002:00007df0       ?SetClearColor@Window@FD@@QEAAXMMM@Z 00000001800b6df0 f i input.obj
 0002:00007ec0       ?SetMousePos@Input@FD@@SAXII@Z 00000001800b6ec0 f   input.obj
 0002:00007f90       ?SetNoDelete@String@FD@@QEAAX_N@Z 00000001800b6f90 f i input.obj
 0002:00007ff0       ?SetVSync@Window@FD@@QEAAXI@Z 00000001800b6ff0 f i input.obj
 0002:00008070       ?Update@Input@FD@@SAXXZ    00000001800b7070 f   input.obj
 0002:000080f0       ?__autoclassinit2@D3DContext@FD@@QEAAX_K@Z 00000001800b70f0 f i input.obj
 0002:00008150       ?__autoclassinit2@String@FD@@QEAAX_K@Z 00000001800b7150 f i input.obj
 0002:000081b0       ?__autoclassinit2@Window@FD@@QEAAX_K@Z 00000001800b71b0 f i input.obj
 0002:00008210       __local_stdio_printf_options 00000001800b7210 f i input.obj
 0002:00008250       _vswprintf_s_l             00000001800b7250 f i input.obj
 0002:00008320       swprintf_s                 00000001800b7320 f i input.obj
 0002:00008410       ??$__vcrt_va_start_verify_argument_type@PEBD@@YAXXZ 00000001800b7410 f i log.obj
 0002:00008440       ??$__vcrt_va_start_verify_argument_type@QEBD@@YAXXZ 00000001800b7440 f i log.obj
 0002:00008470       ?FDLog@FD@@YAXEPEBDZZ      00000001800b7470 f   log.obj
 0002:000086c0       _vfprintf_l                00000001800b76c0 f i log.obj
 0002:00008750       printf                     00000001800b7750 f i log.obj
 0002:00008840       vprintf                    00000001800b7840 f i log.obj
 0002:000088c0       ??$Push@H@BufferLayout@FD@@QEAAXPEBDI@Z 00000001800b78c0 f i uibutton.obj
 0002:00008970       ??$Push@I@BufferLayout@FD@@QEAAXPEBDI@Z 00000001800b7970 f i uibutton.obj
 0002:00008a20       ??$Push@M@BufferLayout@FD@@QEAAXPEBDI@Z 00000001800b7a20 f i uibutton.obj
 0002:00008ad0       ??$Push@Vvec2@FD@@@BufferLayout@FD@@QEAAXPEBDI@Z 00000001800b7ad0 f i uibutton.obj
 0002:00008b80       ??$Push@Vvec3@FD@@@BufferLayout@FD@@QEAAXPEBDI@Z 00000001800b7b80 f i uibutton.obj
 0002:00008c30       ??$Push@Vvec4@FD@@@BufferLayout@FD@@QEAAXPEBDI@Z 00000001800b7c30 f i uibutton.obj
 0002:00008ce0       ??0?$List@I@FD@@QEAA@AEBV01@@Z 00000001800b7ce0 f i uibutton.obj
 0002:00008e00       ??0?$List@PEAUShaderGenBlock@Shader@FD@@@FD@@QEAA@AEBV01@@Z 00000001800b7e00 f i uibutton.obj
 0002:00008f20       ??0?$List@PEAUShaderGenVariable@Shader@FD@@@FD@@QEAA@AEBV01@@Z 00000001800b7f20 f i uibutton.obj
 0002:00009040       ??0?$List@PEAUShaderStructInfo@Shader@FD@@@FD@@QEAA@AEBV01@@Z 00000001800b8040 f i uibutton.obj
 0002:00009160       ??0?$List@PEAUShaderTextureInfo@Shader@FD@@@FD@@QEAA@AEBV01@@Z 00000001800b8160 f i uibutton.obj
 0002:00009280       ??0?$List@PEAVLight@FD@@@FD@@QEAA@AEBV01@@Z 00000001800b8280 f i uibutton.obj
 0002:000093a0       ??0?$List@PEAVLight@FD@@@FD@@QEAA@XZ 00000001800b83a0 f i uibutton.obj
 0002:00009440       ??0?$List@PEAVTexture2D@FD@@@FD@@QEAA@AEBV01@@Z 00000001800b8440 f i uibutton.obj
 0002:00009560       ??0?$List@PEAVTexture@FD@@@FD@@QEAA@AEBV01@@Z 00000001800b8560 f i uibutton.obj
 0002:00009680       ??0?$List@PEAVUIItem@FD@@@FD@@QEAA@AEBV01@@Z 00000001800b8680 f i uibutton.obj
 0002:000097a0       ??0?$List@PEAVUIText@FD@@@FD@@QEAA@AEBV01@@Z 00000001800b87a0 f i uibutton.obj
 0002:000098c0       ??0?$List@PEAVUIText@FD@@@FD@@QEAA@XZ 00000001800b88c0 f i uibutton.obj
 0002:00009960       ??0?$List@UBufferLayoutAttrib@BufferLayout@FD@@@FD@@QEAA@AEBV01@@Z 00000001800b8960 f i uibutton.obj
 0002:00009b30       ??0?$List@UBufferLayoutAttrib@BufferLayout@FD@@@FD@@QEAA@XZ 00000001800b8b30 f i uibutton.obj
 0002:00009bd0       ??0?$List@UFD_GLYPH@Font@FD@@@FD@@QEAA@AEBV01@@Z 00000001800b8bd0 f i uibutton.obj
 0002:00009d60       ??0?$List@URenderCommand@FD@@@FD@@QEAA@AEBV01@@Z 00000001800b8d60 f i uibutton.obj
 0002:00009ef0       ??0?$List@URenderCommand@FD@@@FD@@QEAA@XZ 00000001800b8ef0 f i uibutton.obj
 0002:00009f90       ??0?$Map@IPEAVTexture@FD@@@FD@@QEAA@AEBV01@@Z 00000001800b8f90 f i uibutton.obj
 0002:0000a040       ??0?$Map@IUFD_GLYPH@Font@FD@@@FD@@QEAA@AEBV01@@Z 00000001800b9040 f i uibutton.obj
 0002:0000a0f0       ??0BatchRenderer@FD@@QEAA@AEBV01@@Z 00000001800b90f0 f i uibutton.obj
 0002:0000a300       ??0Buffer@FD@@IEAA@XZ      00000001800b9300 f i uibutton.obj
 0002:0000a370       ??0Buffer@FD@@QEAA@AEBV01@@Z 00000001800b9370 f i uibutton.obj
 0002:0000a410       ??0BufferLayout@FD@@QEAA@AEBV01@@Z 00000001800b9410 f i uibutton.obj
 0002:0000a4a0       ??0BufferLayout@FD@@QEAA@XZ 00000001800b94a0 f i uibutton.obj
 0002:0000a540       ??0BufferLayoutAttrib@BufferLayout@FD@@QEAA@XZ 00000001800b9540 f i uibutton.obj
 0002:0000a5a0       ??0Camera@FD@@QEAA@$$QEAV01@@Z 00000001800b95a0 f i uibutton.obj
 0002:0000a6a0       ??0Camera@FD@@QEAA@AEBV01@@Z 00000001800b96a0 f i uibutton.obj
 0002:0000a7a0       ??0Camera@FD@@QEAA@AEBVvec3@1@0@Z 00000001800b97a0 f i uibutton.obj
 0002:0000a890       ??0ConstantBufferSlot@Shader@FD@@QEAA@AEBU012@@Z 00000001800b9890 f i uibutton.obj
 0002:0000a950       ??0DirectionalLight@FD@@QEAA@AEBVvec3@1@0@Z 00000001800b9950 f i uibutton.obj
 0002:0000aa00       ??0Entity@FD@@QEAA@AEBV01@@Z 00000001800b9a00 f i uibutton.obj
 0002:0000aaf0       ??0Entity@FD@@QEAA@AEBVvec3@1@00@Z 00000001800b9af0 f i uibutton.obj
 0002:0000abe0       ??0Entity@FD@@QEAA@XZ      00000001800b9be0 f i uibutton.obj
 0002:0000aca0       ??0FD_GLYPH@Font@FD@@QEAA@XZ 00000001800b9ca0 f i uibutton.obj
 0002:0000ad50       ??0Font@FD@@QEAA@AEBV01@@Z 00000001800b9d50 f i uibutton.obj
 0002:0000ae80       ??0FontRenderer@FD@@QEAA@AEBV01@@Z 00000001800b9e80 f i uibutton.obj
 0002:0000af00       ??0IndexBuffer@FD@@QEAA@$$QEAV01@@Z 00000001800b9f00 f i uibutton.obj
 0002:0000afb0       ??0IndexBuffer@FD@@QEAA@AEBV01@@Z 00000001800b9fb0 f i uibutton.obj
 0002:0000b060       ??0Light@FD@@IEAA@AEBVvec3@1@@Z 00000001800ba060 f i uibutton.obj
 0002:0000b100       ??0LightStack@FD@@QEAA@AEBV01@@Z 00000001800ba100 f i uibutton.obj
 0002:0000b170       ??0LightStack@FD@@QEAA@XZ  00000001800ba170 f i uibutton.obj
 0002:0000b1d0       ??0Material@FD@@QEAA@AEBV01@@Z 00000001800ba1d0 f i uibutton.obj
 0002:0000b2e0       ??0MaterialInstance@FD@@QEAA@AEBV01@@Z 00000001800ba2e0 f i uibutton.obj
 0002:0000b410       ??0Mesh@FD@@QEAA@PEAVVertexBuffer@1@PEAVIndexBuffer@1@PEAVMaterialInstance@1@@Z 00000001800ba410 f i uibutton.obj
 0002:0000b4b0       ??0PointLight@FD@@QEAA@AEBVvec3@1@00@Z 00000001800ba4b0 f i uibutton.obj
 0002:0000b580       ??0RenderCommand@FD@@QEAA@XZ 00000001800ba580 f i uibutton.obj
 0002:0000b5f0       ??0Renderer@FD@@IEAA@PEAVWindow@1@@Z 00000001800ba5f0 f i uibutton.obj
 0002:0000b6b0       ??0Renderer@FD@@QEAA@AEBV01@@Z 00000001800ba6b0 f i uibutton.obj
 0002:0000b780       ??0Shader@FD@@QEAA@AEBV01@@Z 00000001800ba780 f i uibutton.obj
 0002:0000ba00       ??0SpotLight@FD@@QEAA@AEBVvec3@1@000Vvec2@1@@Z 00000001800baa00 f i uibutton.obj
 0002:0000bb30       ??0Texture2D@FD@@AEAA@XZ   00000001800bab30 f i uibutton.obj
 0002:0000bbd0       ??0Texture2D@FD@@QEAA@AEBV01@@Z 00000001800babd0 f i uibutton.obj
 0002:0000bc70       ??0Texture@FD@@QEAA@AEBV01@@Z 00000001800bac70 f i uibutton.obj
 0002:0000bd20       ??0Texture@FD@@QEAA@XZ     00000001800bad20 f i uibutton.obj
 0002:0000bd90       ??0UIButton@FD@@QEAA@AEBV01@@Z 00000001800bad90 f i uibutton.obj
 0002:0000be10       ??0UIButton@FD@@QEAA@AEBVString@1@Vvec2@1@10@Z 00000001800bae10 f   uibutton.obj
 0002:0000c0f0       ??0UIHandler@FD@@QEAA@AEBV01@@Z 00000001800bb0f0 f i uibutton.obj
 0002:0000c1c0       ??0UIItem@FD@@IEAA@AEBVString@1@Vvec2@1@1@Z 00000001800bb1c0 f i uibutton.obj
 0002:0000c360       ??0UIItem@FD@@QEAA@AEBV01@@Z 00000001800bb360 f i uibutton.obj
 0002:0000c540       ??0UIText@FD@@QEAA@AEBV01@@Z 00000001800bb540 f i uibutton.obj
 0002:0000c6d0       ??0UIText@FD@@QEAA@AEBVString@1@Vvec2@1@PEAVFont@1@0@Z 00000001800bb6d0 f i uibutton.obj
 0002:0000c850       ??0UITextAutoResize@FD@@QEAA@$$QEAV01@@Z 00000001800bb850 f i uibutton.obj
 0002:0000c960       ??0UITextAutoResize@FD@@QEAA@AEBV01@@Z 00000001800bb960 f i uibutton.obj
 0002:0000ca70       ??0UITextHorizontalScroll@FD@@QEAA@$$QEAV01@@Z 00000001800bba70 f i uibutton.obj
 0002:0000cb50       ??0UITextHorizontalScroll@FD@@QEAA@AEBV01@@Z 00000001800bbb50 f i uibutton.obj
 0002:0000cc30       ??0VertexBuffer@FD@@QEAA@$$QEAV01@@Z 00000001800bbc30 f i uibutton.obj
 0002:0000cce0       ??0VertexBuffer@FD@@QEAA@AEBV01@@Z 00000001800bbce0 f i uibutton.obj
 0002:0000cd90       ??1?$List@PEAUShaderGenBlock@Shader@FD@@@FD@@QEAA@XZ 00000001800bbd90 f i uibutton.obj
 0002:0000ce00       ??1?$List@PEAUShaderGenVariable@Shader@FD@@@FD@@QEAA@XZ 00000001800bbe00 f i uibutton.obj
 0002:0000ce70       ??1?$List@PEAUShaderStructInfo@Shader@FD@@@FD@@QEAA@XZ 00000001800bbe70 f i uibutton.obj
 0002:0000cee0       ??1?$List@PEAVLight@FD@@@FD@@QEAA@XZ 00000001800bbee0 f i uibutton.obj
 0002:0000cf50       ??1?$List@PEAVTexture@FD@@@FD@@QEAA@XZ 00000001800bbf50 f i uibutton.obj
 0002:0000cfc0       ??1?$List@PEAVUIText@FD@@@FD@@QEAA@XZ 00000001800bbfc0 f i uibutton.obj
 0002:0000d030       ??1?$List@UBufferLayoutAttrib@BufferLayout@FD@@@FD@@QEAA@XZ 00000001800bc030 f i uibutton.obj
 0002:0000d0e0       ??1?$List@UFD_GLYPH@Font@FD@@@FD@@QEAA@XZ 00000001800bc0e0 f i uibutton.obj
 0002:0000d150       ??1?$List@URenderCommand@FD@@@FD@@QEAA@XZ 00000001800bc150 f i uibutton.obj
 0002:0000d1c0       ??1Buffer@FD@@UEAA@XZ      00000001800bc1c0 f i uibutton.obj
 0002:0000d270       ??1BufferLayoutAttrib@BufferLayout@FD@@QEAA@XZ 00000001800bc270 f i uibutton.obj
 0002:0000d2d0       ??1ConstantBufferSlot@Shader@FD@@QEAA@XZ 00000001800bc2d0 f i uibutton.obj
 0002:0000d330       ??1Entity@FD@@UEAA@XZ      00000001800bc330 f i uibutton.obj
 0002:0000d390       ??1IndexBuffer@FD@@UEAA@XZ 00000001800bc390 f i uibutton.obj
 0002:0000d3e0       ??1LightStack@FD@@QEAA@XZ  00000001800bc3e0 f i uibutton.obj
 0002:0000d460       ??1Mesh@FD@@QEAA@XZ        00000001800bc460 f i uibutton.obj
 0002:0000d510       ??1Renderer@FD@@UEAA@XZ    00000001800bc510 f i uibutton.obj
 0002:0000d590       ??1Texture@FD@@UEAA@XZ     00000001800bc590 f i uibutton.obj
 0002:0000d640       ??1UIButton@FD@@UEAA@XZ    00000001800bc640 f i uibutton.obj
 0002:0000d6b0       ??1UIItem@FD@@UEAA@XZ      00000001800bc6b0 f i uibutton.obj
 0002:0000d740       ??1UIText@FD@@UEAA@XZ      00000001800bc740 f i uibutton.obj
 0002:0000d7d0       ??1UITextAutoResize@FD@@UEAA@XZ 00000001800bc7d0 f i uibutton.obj
 0002:0000d820       ??1UITextHorizontalScroll@FD@@UEAA@XZ 00000001800bc820 f i uibutton.obj
 0002:0000d890       ??1VertexBuffer@FD@@UEAA@XZ 00000001800bc890 f i uibutton.obj
 0002:0000d8e0       ??4?$List@I@FD@@QEAAAEAV01@AEBV01@@Z 00000001800bc8e0 f i uibutton.obj
 0002:0000da20       ??4?$List@PEAUShaderGenBlock@Shader@FD@@@FD@@QEAAAEAV01@AEBV01@@Z 00000001800bca20 f i uibutton.obj
 0002:0000db60       ??4?$List@PEAUShaderGenVariable@Shader@FD@@@FD@@QEAAAEAV01@AEBV01@@Z 00000001800bcb60 f i uibutton.obj
 0002:0000dca0       ??4?$List@PEAUShaderStructInfo@Shader@FD@@@FD@@QEAAAEAV01@AEBV01@@Z 00000001800bcca0 f i uibutton.obj
 0002:0000dde0       ??4?$List@PEAUShaderTextureInfo@Shader@FD@@@FD@@QEAAAEAV01@AEBV01@@Z 00000001800bcde0 f i uibutton.obj
 0002:0000df20       ??4?$List@PEAVLight@FD@@@FD@@QEAAAEAV01@AEBV01@@Z 00000001800bcf20 f i uibutton.obj
 0002:0000e060       ??4?$List@PEAVTexture2D@FD@@@FD@@QEAAAEAV01@AEBV01@@Z 00000001800bd060 f i uibutton.obj
 0002:0000e1a0       ??4?$List@PEAVTexture@FD@@@FD@@QEAAAEAV01@AEBV01@@Z 00000001800bd1a0 f i uibutton.obj
 0002:0000e2e0       ??4?$List@PEAVUIItem@FD@@@FD@@QEAAAEAV01@AEBV01@@Z 00000001800bd2e0 f i uibutton.obj
 0002:0000e420       ??4?$List@PEAVUIText@FD@@@FD@@QEAAAEAV01@AEBV01@@Z 00000001800bd420 f i uibutton.obj
 0002:0000e560       ??4?$List@UBufferLayoutAttrib@BufferLayout@FD@@@FD@@QEAAAEAV01@AEBV01@@Z 00000001800bd560 f i uibutton.obj
 0002:0000e790       ??4?$List@UFD_GLYPH@Font@FD@@@FD@@QEAAAEAV01@AEBV01@@Z 00000001800bd790 f i uibutton.obj
 0002:0000e940       ??4?$List@URenderCommand@FD@@@FD@@QEAAAEAV01@AEBV01@@Z 00000001800bd940 f i uibutton.obj
 0002:0000eaf0       ??4?$Map@IPEAVTexture@FD@@@FD@@QEAAAEAV01@AEBV01@@Z 00000001800bdaf0 f i uibutton.obj
 0002:0000eb90       ??4?$Map@IUFD_GLYPH@Font@FD@@@FD@@QEAAAEAV01@AEBV01@@Z 00000001800bdb90 f i uibutton.obj
 0002:0000ec30       ??4BatchRenderer@FD@@QEAAAEAV01@AEBV01@@Z 00000001800bdc30 f i uibutton.obj
 0002:0000ee70       ??4Buffer@FD@@QEAAAEAV01@AEBV01@@Z 00000001800bde70 f i uibutton.obj
 0002:0000ef00       ??4BufferLayout@FD@@QEAAAEAV01@AEBV01@@Z 00000001800bdf00 f i uibutton.obj
 0002:0000ef90       ??4Camera@FD@@QEAAAEAV01@$$QEAV01@@Z 00000001800bdf90 f i uibutton.obj
 0002:0000f080       ??4Camera@FD@@QEAAAEAV01@AEBV01@@Z 00000001800be080 f i uibutton.obj
 0002:0000f170       ??4ConstantBufferSlot@Shader@FD@@QEAAAEAU012@AEBU012@@Z 00000001800be170 f i uibutton.obj
 0002:0000f230       ??4DirectionalLight@FD@@QEAAAEAV01@$$QEAV01@@Z 00000001800be230 f i uibutton.obj
 0002:0000f2e0       ??4DirectionalLight@FD@@QEAAAEAV01@AEBV01@@Z 00000001800be2e0 f i uibutton.obj
 0002:0000f350       ??4Entity@FD@@QEAAAEAV01@AEBV01@@Z 00000001800be350 f i uibutton.obj
 0002:0000f430       ??4Font@FD@@QEAAAEAV01@AEBV01@@Z 00000001800be430 f i uibutton.obj
 0002:0000f550       ??4FontRenderer@FD@@QEAAAEAV01@AEBV01@@Z 00000001800be550 f i uibutton.obj
 0002:0000f5c0       ??4IndexBuffer@FD@@QEAAAEAV01@$$QEAV01@@Z 00000001800be5c0 f i uibutton.obj
 0002:0000f660       ??4IndexBuffer@FD@@QEAAAEAV01@AEBV01@@Z 00000001800be660 f i uibutton.obj
 0002:0000f700       ??4Light@FD@@QEAAAEAV01@$$QEAV01@@Z 00000001800be700 f i uibutton.obj
 0002:0000f790       ??4Light@FD@@QEAAAEAV01@AEBV01@@Z 00000001800be790 f i uibutton.obj
 0002:0000f800       ??4LightStack@FD@@QEAAAEAV01@AEBV01@@Z 00000001800be800 f i uibutton.obj
 0002:0000f870       ??4Material@FD@@QEAAAEAV01@AEBV01@@Z 00000001800be870 f i uibutton.obj
 0002:0000f960       ??4MaterialInstance@FD@@QEAAAEAV01@AEBV01@@Z 00000001800be960 f i uibutton.obj
 0002:0000fa60       ??4Mesh@FD@@QEAAAEAV01@AEBV01@@Z 00000001800bea60 f i uibutton.obj
 0002:0000fad0       ??4PointLight@FD@@QEAAAEAV01@$$QEAV01@@Z 00000001800bead0 f i uibutton.obj
 0002:0000fbc0       ??4PointLight@FD@@QEAAAEAV01@AEBV01@@Z 00000001800bebc0 f i uibutton.obj
 0002:0000fc30       ??4Renderer@FD@@QEAAAEAV01@AEBV01@@Z 00000001800bec30 f i uibutton.obj
 0002:0000fce0       ??4Shader@FD@@QEAAAEAV01@AEBV01@@Z 00000001800bece0 f i uibutton.obj
 0002:0000ff40       ??4SpotLight@FD@@QEAAAEAV01@$$QEAV01@@Z 00000001800bef40 f i uibutton.obj
 0002:00010030       ??4SpotLight@FD@@QEAAAEAV01@AEBV01@@Z 00000001800bf030 f i uibutton.obj
 0002:000100a0       ??4Texture2D@FD@@QEAAAEAV01@AEBV01@@Z 00000001800bf0a0 f i uibutton.obj
 0002:00010130       ??4Texture@FD@@QEAAAEAV01@AEBV01@@Z 00000001800bf130 f i uibutton.obj
 0002:000101d0       ??4TextureManager@FD@@QEAAAEAV01@$$QEAV01@@Z 00000001800bf1d0 f i uibutton.obj
 0002:00010220       ??4TextureManager@FD@@QEAAAEAV01@AEBV01@@Z 00000001800bf220 f i uibutton.obj
 0002:00010270       ??4UIButton@FD@@QEAAAEAV01@AEBV01@@Z 00000001800bf270 f i uibutton.obj
 0002:000102e0       ??4UIHandler@FD@@QEAAAEAV01@AEBV01@@Z 00000001800bf2e0 f i uibutton.obj
 0002:00010390       ??4UIItem@FD@@QEAAAEAV01@AEBV01@@Z 00000001800bf390 f i uibutton.obj
 0002:00010550       ??4UIText@FD@@QEAAAEAV01@AEBV01@@Z 00000001800bf550 f i uibutton.obj
 0002:000106c0       ??4UITextAutoResize@FD@@QEAAAEAV01@$$QEAV01@@Z 00000001800bf6c0 f i uibutton.obj
 0002:000107b0       ??4UITextAutoResize@FD@@QEAAAEAV01@AEBV01@@Z 00000001800bf7b0 f i uibutton.obj
 0002:000108a0       ??4UITextHorizontalScroll@FD@@QEAAAEAV01@$$QEAV01@@Z 00000001800bf8a0 f i uibutton.obj
 0002:00010960       ??4UITextHorizontalScroll@FD@@QEAAAEAV01@AEBV01@@Z 00000001800bf960 f i uibutton.obj
 0002:00010a20       ??4VertexBuffer@FD@@QEAAAEAV01@$$QEAV01@@Z 00000001800bfa20 f i uibutton.obj
 0002:00010ac0       ??4VertexBuffer@FD@@QEAAAEAV01@AEBV01@@Z 00000001800bfac0 f i uibutton.obj
 0002:00010b60       ??4ivec3@FD@@QEAAAEAV01@$$QEAV01@@Z 00000001800bfb60 f i uibutton.obj
 0002:00010c00       ??4ivec3@FD@@QEAAAEAV01@AEBV01@@Z 00000001800bfc00 f i uibutton.obj
 0002:00010c70       ??4ivec4@FD@@QEAAAEAV01@$$QEAV01@@Z 00000001800bfc70 f i uibutton.obj
 0002:00010d20       ??4ivec4@FD@@QEAAAEAV01@AEBV01@@Z 00000001800bfd20 f i uibutton.obj
 0002:00010d90       ??4mat3@FD@@QEAAAEAV01@$$QEAV01@@Z 00000001800bfd90 f i uibutton.obj
 0002:00010e30       ??4mat3@FD@@QEAAAEAV01@AEBV01@@Z 00000001800bfe30 f i uibutton.obj
 0002:00010ea0       ??4mat4@FD@@QEAAAEAV01@$$QEAV01@@Z 00000001800bfea0 f i uibutton.obj
 0002:00010f40       ??4mat4@FD@@QEAAAEAV01@AEBV01@@Z 00000001800bff40 f i uibutton.obj
 0002:00010fb0       ??4vec3@FD@@QEAAAEAV01@$$QEAV01@@Z 00000001800bffb0 f i uibutton.obj
 0002:00011060       ??4vec3@FD@@QEAAAEAV01@AEBV01@@Z 00000001800c0060 f i uibutton.obj
 0002:000110d0       ??4vec4@FD@@QEAAAEAV01@$$QEAV01@@Z 00000001800c00d0 f i uibutton.obj
 0002:000111a0       ??4vec4@FD@@QEAAAEAV01@AEBV01@@Z 00000001800c01a0 f i uibutton.obj
 0002:00011210       ??AUIHandler@FD@@QEBAPEAVUIItem@1@_K@Z 00000001800c0210 f i uibutton.obj
 0002:00011280       ??DFD@@YA?AVvec2@0@AEBV10@M@Z 00000001800c0280 f i uibutton.obj
 0002:00011320       ??Givec3@FD@@QEAA?AV01@XZ  00000001800c0320 f i uibutton.obj
 0002:000113c0       ??Givec4@FD@@QEAA?AV01@XZ  00000001800c03c0 f i uibutton.obj
 0002:00011480       ??Gvec3@FD@@QEAA?AV01@XZ   00000001800c0480 f i uibutton.obj
 0002:00011550       ??Gvec4@FD@@QEAA?AV01@XZ   00000001800c0550 f i uibutton.obj
 0002:00011630       ??HFD@@YA?AVvec2@0@AEBV10@0@Z 00000001800c0630 f i uibutton.obj
 0002:000116d0       ??Xivec3@FD@@QEAAXAEBV01@@Z 00000001800c06d0 f i uibutton.obj
 0002:00011730       ??Xivec3@FD@@QEAAXH@Z      00000001800c0730 f i uibutton.obj
 0002:00011790       ??Xivec4@FD@@QEAAXAEBV01@@Z 00000001800c0790 f i uibutton.obj
 0002:000117f0       ??Xivec4@FD@@QEAAXH@Z      00000001800c07f0 f i uibutton.obj
 0002:00011850       ??Xvec3@FD@@QEAAXAEBV01@@Z 00000001800c0850 f i uibutton.obj
 0002:000118b0       ??Xvec3@FD@@QEAAXM@Z       00000001800c08b0 f i uibutton.obj
 0002:00011920       ??Xvec4@FD@@QEAAXAEBV01@@Z 00000001800c0920 f i uibutton.obj
 0002:00011980       ??Xvec4@FD@@QEAAXM@Z       00000001800c0980 f i uibutton.obj
 0002:000119f0       ??Yivec3@FD@@QEAAXAEBV01@@Z 00000001800c09f0 f i uibutton.obj
 0002:00011a50       ??Yivec3@FD@@QEAAXH@Z      00000001800c0a50 f i uibutton.obj
 0002:00011ab0       ??Yivec4@FD@@QEAAXAEBV01@@Z 00000001800c0ab0 f i uibutton.obj
 0002:00011b10       ??Yivec4@FD@@QEAAXH@Z      00000001800c0b10 f i uibutton.obj
 0002:00011b70       ??Yvec3@FD@@QEAAXAEBV01@@Z 00000001800c0b70 f i uibutton.obj
 0002:00011bd0       ??Yvec3@FD@@QEAAXM@Z       00000001800c0bd0 f i uibutton.obj
 0002:00011c40       ??Yvec4@FD@@QEAAXAEBV01@@Z 00000001800c0c40 f i uibutton.obj
 0002:00011ca0       ??Yvec4@FD@@QEAAXM@Z       00000001800c0ca0 f i uibutton.obj
 0002:00011d10       ??Zivec3@FD@@QEAAXAEBV01@@Z 00000001800c0d10 f i uibutton.obj
 0002:00011d70       ??Zivec3@FD@@QEAAXH@Z      00000001800c0d70 f i uibutton.obj
 0002:00011dd0       ??Zivec4@FD@@QEAAXAEBV01@@Z 00000001800c0dd0 f i uibutton.obj
 0002:00011e30       ??Zivec4@FD@@QEAAXH@Z      00000001800c0e30 f i uibutton.obj
 0002:00011e90       ??Zvec3@FD@@QEAAXAEBV01@@Z 00000001800c0e90 f i uibutton.obj
 0002:00011ef0       ??Zvec3@FD@@QEAAXM@Z       00000001800c0ef0 f i uibutton.obj
 0002:00011f60       ??Zvec4@FD@@QEAAXAEBV01@@Z 00000001800c0f60 f i uibutton.obj
 0002:00011fc0       ??Zvec4@FD@@QEAAXM@Z       00000001800c0fc0 f i uibutton.obj
 0002:00012030       ??_0ivec3@FD@@QEAAXAEBV01@@Z 00000001800c1030 f i uibutton.obj
 0002:00012090       ??_0ivec3@FD@@QEAAXH@Z     00000001800c1090 f i uibutton.obj
 0002:000120f0       ??_0ivec4@FD@@QEAAXAEBV01@@Z 00000001800c10f0 f i uibutton.obj
 0002:00012150       ??_0ivec4@FD@@QEAAXH@Z     00000001800c1150 f i uibutton.obj
 0002:000121b0       ??_0vec3@FD@@QEAAXAEBV01@@Z 00000001800c11b0 f i uibutton.obj
 0002:00012210       ??_0vec3@FD@@QEAAXM@Z      00000001800c1210 f i uibutton.obj
 0002:00012280       ??_0vec4@FD@@QEAAXAEBV01@@Z 00000001800c1280 f i uibutton.obj
 0002:000122e0       ??_0vec4@FD@@QEAAXM@Z      00000001800c12e0 f i uibutton.obj
 0002:00012350       ??_EBatchRenderer@FD@@UEAAPEAXI@Z 00000001800c1350 f i uibutton.obj
 0002:00012480       ??_EBuffer@FD@@UEAAPEAXI@Z 00000001800c1480 f i uibutton.obj
 0002:000125a0       ??_EBufferLayoutAttrib@BufferLayout@FD@@QEAAPEAXI@Z 00000001800c15a0 f i uibutton.obj
 0002:000126c0       ??_EEntity@FD@@UEAAPEAXI@Z 00000001800c16c0 f i uibutton.obj
 0002:000127e0       ??_EFontRenderer@FD@@UEAAPEAXI@Z 00000001800c17e0 f i uibutton.obj
 0002:00012910       ??_EIndexBuffer@FD@@UEAAPEAXI@Z 00000001800c1910 f i uibutton.obj
 0002:00012a30       ??_EMaterial@FD@@UEAAPEAXI@Z 00000001800c1a30 f i uibutton.obj
 0002:00012b60       ??_EMaterialInstance@FD@@UEAAPEAXI@Z 00000001800c1b60 f i uibutton.obj
 0002:00012c90       ??_ERenderer@FD@@UEAAPEAXI@Z 00000001800c1c90 f i uibutton.obj
 0002:00012db0       ??_ETexture2D@FD@@UEAAPEAXI@Z 00000001800c1db0 f i uibutton.obj
 0002:00012ed0       ??_ETexture@FD@@UEAAPEAXI@Z 00000001800c1ed0 f i uibutton.obj
 0002:00012ff0       ??_EUIButton@FD@@UEAAPEAXI@Z 00000001800c1ff0 f i uibutton.obj
 0002:00013120       ??_EUIItem@FD@@UEAAPEAXI@Z 00000001800c2120 f i uibutton.obj
 0002:00013250       ??_EUIText@FD@@UEAAPEAXI@Z 00000001800c2250 f i uibutton.obj
 0002:00013370       ??_EUITextAutoResize@FD@@UEAAPEAXI@Z 00000001800c2370 f i uibutton.obj
 0002:000134a0       ??_EUITextHorizontalScroll@FD@@UEAAPEAXI@Z 00000001800c24a0 f i uibutton.obj
 0002:000135d0       ??_EVertexBuffer@FD@@UEAAPEAXI@Z 00000001800c25d0 f i uibutton.obj
 0002:000136f0       ??_GBatchRenderer@FD@@UEAAPEAXI@Z 00000001800c26f0 f i uibutton.obj
 0002:00013780       ??_GBuffer@FD@@UEAAPEAXI@Z 00000001800c2780 f i uibutton.obj
 0002:00013810       ??_GEntity@FD@@UEAAPEAXI@Z 00000001800c2810 f i uibutton.obj
 0002:000138a0       ??_GFontRenderer@FD@@UEAAPEAXI@Z 00000001800c28a0 f i uibutton.obj
 0002:00013930       ??_GIndexBuffer@FD@@UEAAPEAXI@Z 00000001800c2930 f i uibutton.obj
 0002:000139c0       ??_GMaterial@FD@@UEAAPEAXI@Z 00000001800c29c0 f i uibutton.obj
 0002:00013a50       ??_GMaterialInstance@FD@@UEAAPEAXI@Z 00000001800c2a50 f i uibutton.obj
 0002:00013ae0       ??_GRenderer@FD@@UEAAPEAXI@Z 00000001800c2ae0 f i uibutton.obj
 0002:00013b70       ??_GTexture2D@FD@@UEAAPEAXI@Z 00000001800c2b70 f i uibutton.obj
 0002:00013c00       ??_GTexture@FD@@UEAAPEAXI@Z 00000001800c2c00 f i uibutton.obj
 0002:00013c90       ??_GUIButton@FD@@UEAAPEAXI@Z 00000001800c2c90 f i uibutton.obj
 0002:00013d20       ??_GUIItem@FD@@UEAAPEAXI@Z 00000001800c2d20 f i uibutton.obj
 0002:00013db0       ??_GUIText@FD@@UEAAPEAXI@Z 00000001800c2db0 f i uibutton.obj
 0002:00013e40       ??_GUITextAutoResize@FD@@UEAAPEAXI@Z 00000001800c2e40 f i uibutton.obj
 0002:00013ed0       ??_GUITextHorizontalScroll@FD@@UEAAPEAXI@Z 00000001800c2ed0 f i uibutton.obj
 0002:00013f60       ??_GVertexBuffer@FD@@UEAAPEAXI@Z 00000001800c2f60 f i uibutton.obj
 0002:00013ff0       ??_H@YAXPEAX_K1P6APEAX0@Z@Z 00000001800c2ff0 f i uibutton.obj
 0002:000140e0       ?Add@LightStack@FD@@QEAAXPEAVLight@2@@Z 00000001800c30e0 f i uibutton.obj
 0002:00014150       ?AddText@UIItem@FD@@QEAAXPEAVUIText@2@@Z 00000001800c3150 f i uibutton.obj
 0002:000141c0       ?Find@?$List@I@FD@@QEBA_KI@Z 00000001800c31c0 f i uibutton.obj
 0002:00014270       ?Free@?$List@PEAVLight@FD@@@FD@@QEAAX_N@Z 00000001800c3270 f i uibutton.obj
 0002:00014390       ?Get@?$List@PEAVUIItem@FD@@@FD@@QEBAPEAVUIItem@2@_K@Z 00000001800c3390 f i uibutton.obj
 0002:000143f0       ?Get@?$List@UFD_GLYPH@Font@FD@@@FD@@QEBA?AUFD_GLYPH@Font@2@_K@Z 00000001800c33f0 f i uibutton.obj
 0002:00014480       ?GetAbsolutePosition@UIItem@FD@@QEBA?AVvec2@2@XZ 00000001800c3480 f i uibutton.obj
 0002:00014560       ?GetAdjustSize@UITextAutoResize@FD@@QEBA?AVvec2@2@XZ 00000001800c3560 f i uibutton.obj
 0002:000145d0       ?GetAttenuation@PointLight@FD@@QEAAAEAVvec3@2@XZ 00000001800c35d0 f i uibutton.obj
 0002:00014620       ?GetBuffer@Buffer@FD@@QEBAPEAUID3D11Buffer@@XZ 00000001800c3620 f i uibutton.obj
 0002:00014670       ?GetColor@Light@FD@@QEAAAEAVvec3@2@XZ 00000001800c3670 f i uibutton.obj
 0002:000146c0       ?GetColor@UIItem@FD@@QEBA?AVvec4@2@XZ 00000001800c36c0 f i uibutton.obj
 0002:00014730       ?GetColor@UIText@FD@@QEBA?AVvec4@2@XZ 00000001800c3730 f i uibutton.obj
 0002:000147a0       ?GetCommandQueue@Renderer@FD@@QEBA?AV?$List@URenderCommand@FD@@@2@XZ 00000001800c37a0 f i uibutton.obj
 0002:00014830       ?GetCount@IndexBuffer@FD@@QEBAIXZ 00000001800c3830 f i uibutton.obj
 0002:00014880       ?GetCursorLocation@UITextHorizontalScroll@FD@@QEBAIXZ 00000001800c3880 f i uibutton.obj
 0002:000148d0       ?GetCutoff@SpotLight@FD@@QEAAAEAMXZ 00000001800c38d0 f i uibutton.obj
 0002:00014920       ?GetCutoffExponent@SpotLight@FD@@QEAAAEAVvec2@2@XZ 00000001800c3920 f i uibutton.obj
 0002:00014970       ?GetData@mat3@FD@@QEBAPEBMXZ 00000001800c3970 f i uibutton.obj
 0002:000149c0       ?GetData@mat4@FD@@QEBAPEBMXZ 00000001800c39c0 f i uibutton.obj
 0002:00014a10       ?GetDefaultFont@Font@FD@@SAPEAV12@XZ 00000001800c3a10 f i uibutton.obj
 0002:00014a50       ?GetDirection@DirectionalLight@FD@@QEAAAEAVvec3@2@XZ 00000001800c3a50 f i uibutton.obj
 0002:00014aa0       ?GetDirection@SpotLight@FD@@QEAAAEAVvec3@2@XZ 00000001800c3aa0 f i uibutton.obj
 0002:00014af0       ?GetExponent@SpotLight@FD@@QEAAAEAMXZ 00000001800c3af0 f i uibutton.obj
 0002:00014b40       ?GetFont@UIText@FD@@QEBAPEAVFont@2@XZ 00000001800c3b40 f i uibutton.obj
 0002:00014b90       ?GetForward@Camera@FD@@QEAA?AVvec3@2@XZ 00000001800c3b90 f i uibutton.obj
 0002:00014cb0       ?GetGlyph@Font@FD@@QEBA?AUFD_GLYPH@12@I@Z 00000001800c3cb0 f i uibutton.obj
 0002:00014d30       ?GetHandler@UIItem@FD@@QEBAPEAVUIHandler@2@XZ 00000001800c3d30 f i uibutton.obj
 0002:00014d80       ?GetHeight@Texture@FD@@QEBAIXZ 00000001800c3d80 f i uibutton.obj
 0002:00014dd0       ?GetIndexBuffer@Mesh@FD@@QEAAPEAVIndexBuffer@2@XZ 00000001800c3dd0 f i uibutton.obj
 0002:00014e20       ?GetInputLayout@Shader@FD@@QEAAPEAUID3D11InputLayout@@XZ 00000001800c3e20 f i uibutton.obj
 0002:00014e70       ?GetItems@UIHandler@FD@@QEBAAEBV?$List@PEAVUIItem@FD@@@2@XZ 00000001800c3e70 f i uibutton.obj
 0002:00014ec0       ?GetLightType@Light@FD@@QEBAIXZ 00000001800c3ec0 f i uibutton.obj
 0002:00014f10       ?GetLights@LightStack@FD@@QEBA?AV?$List@PEAVLight@FD@@@2@XZ 00000001800c3f10 f i uibutton.obj
 0002:00014fa0       ?GetMaterial@MaterialInstance@FD@@QEAAPEAVMaterial@2@XZ 00000001800c3fa0 f i uibutton.obj
 0002:00014ff0       ?GetMaterial@Mesh@FD@@QEAAPEAVMaterialInstance@2@XZ 00000001800c3ff0 f i uibutton.obj
 0002:00015040       ?GetMaxSimultaneousTextures@BatchRenderer@FD@@QEBAIXZ 00000001800c4040 f i uibutton.obj
 0002:00015090       ?GetMesh@Entity@FD@@QEBAPEAVMesh@2@XZ 00000001800c4090 f i uibutton.obj
 0002:000150e0       ?GetName@Font@FD@@QEBAAEBVString@2@XZ 00000001800c40e0 f i uibutton.obj
 0002:00015130       ?GetName@UIItem@FD@@QEBAAEBVString@2@XZ 00000001800c4130 f i uibutton.obj
 0002:00015180       ?GetName@UIText@FD@@QEBAAEBVString@2@XZ 00000001800c4180 f i uibutton.obj
 0002:000151d0       ?GetOffset@UIText@FD@@QEBA?AVvec2@2@XZ 00000001800c41d0 f i uibutton.obj
 0002:00015240       ?GetPCBuffer@Material@FD@@QEBA?AUConstantBufferSlot@Shader@2@XZ 00000001800c4240 f i uibutton.obj
 0002:000152d0       ?GetPCBuffer@MaterialInstance@FD@@QEBA?AUConstantBufferSlot@Shader@2@XZ 00000001800c42d0 f i uibutton.obj
 0002:00015360       ?GetParent@UIItem@FD@@QEBAPEAV12@XZ 00000001800c4360 f i uibutton.obj
 0002:000153b0       ?GetParent@UIText@FD@@QEBAPEAVUIItem@2@XZ 00000001800c43b0 f i uibutton.obj
 0002:00015400       ?GetPosition@Camera@FD@@QEBA?AVvec3@2@XZ 00000001800c4400 f i uibutton.obj
 0002:00015470       ?GetPosition@Entity@FD@@QEAAAEAVvec3@2@XZ 00000001800c4470 f i uibutton.obj
 0002:000154c0       ?GetPosition@PointLight@FD@@QEAAAEAVvec3@2@XZ 00000001800c44c0 f i uibutton.obj
 0002:00015510       ?GetPosition@UIItem@FD@@QEBA?AVvec2@2@XZ 00000001800c4510 f i uibutton.obj
 0002:00015580       ?GetPosition@UIText@FD@@QEBA?AVvec2@2@XZ 00000001800c4580 f i uibutton.obj
 0002:000155f0       ?GetProjectionMatrix@Camera@FD@@QEBAAEBVmat4@2@XZ 00000001800c45f0 f i uibutton.obj
 0002:00015640       ?GetResourceView@Texture@FD@@QEBAPEAUID3D11ShaderResourceView@@XZ 00000001800c4640 f i uibutton.obj
 0002:00015690       ?GetRotation@Camera@FD@@QEBA?AVvec3@2@XZ 00000001800c4690 f i uibutton.obj
 0002:00015700       ?GetRotation@Entity@FD@@QEAAAEAVvec3@2@XZ 00000001800c4700 f i uibutton.obj
 0002:00015750       ?GetScale@Entity@FD@@QEAAAEAVvec3@2@XZ 00000001800c4750 f i uibutton.obj
 0002:000157a0       ?GetScale@UIText@FD@@QEBA?AVvec2@2@XZ 00000001800c47a0 f i uibutton.obj
 0002:00015810       ?GetShader@Material@FD@@QEAAPEAVShader@2@XZ 00000001800c4810 f i uibutton.obj
 0002:00015860       ?GetShader@MaterialInstance@FD@@QEAAPEAVShader@2@XZ 00000001800c4860 f i uibutton.obj
 0002:000158b0       ?GetSize@?$List@PEAVUIItem@FD@@@FD@@QEBA?B_KXZ 00000001800c48b0 f i uibutton.obj
 0002:00015900       ?GetSize@Buffer@FD@@QEBA_KXZ 00000001800c4900 f i uibutton.obj
 0002:00015950       ?GetSize@BufferLayout@FD@@QEBAIXZ 00000001800c4950 f i uibutton.obj
 0002:000159a0       ?GetSize@Font@FD@@QEBAIXZ  00000001800c49a0 f i uibutton.obj
 0002:000159f0       ?GetSize@UIHandler@FD@@QEBA_KXZ 00000001800c49f0 f i uibutton.obj
 0002:00015a50       ?GetSize@UIItem@FD@@QEBA?AVvec2@2@XZ 00000001800c4a50 f i uibutton.obj
 0002:00015ac0       ?GetSizeInBytes@?$List@PEAVLight@FD@@@FD@@QEBA?B_KXZ 00000001800c4ac0 f i uibutton.obj
 0002:00015b20       ?GetSizeInBytes@?$List@PEAVUIText@FD@@@FD@@QEBA?B_KXZ 00000001800c4b20 f i uibutton.obj
 0002:00015b80       ?GetSizeInBytes@?$List@UBufferLayoutAttrib@BufferLayout@FD@@@FD@@QEBA?B_KXZ 00000001800c4b80 f i uibutton.obj
 0002:00015bd0       ?GetText@UIText@FD@@QEBAAEBVString@2@XZ 00000001800c4bd0 f i uibutton.obj
 0002:00015c20       ?GetTextAlignment@UIText@FD@@QEBA?AW4FD_TEXT_ALIGNMENT@2@XZ 00000001800c4c20 f i uibutton.obj
 0002:00015c70       ?GetTexts@UIItem@FD@@QEAAAEAV?$List@PEAVUIText@FD@@@2@XZ 00000001800c4c70 f i uibutton.obj
 0002:00015cc0       ?GetTexture@Font@FD@@QEBAPEAVTexture2D@2@XZ 00000001800c4cc0 f i uibutton.obj
 0002:00015d10       ?GetTexture@UIItem@FD@@QEBAPEAVTexture2D@2@XZ 00000001800c4d10 f i uibutton.obj
 0002:00015d60       ?GetTextures@Material@FD@@QEBAAEBV?$Map@IPEAVTexture@FD@@@2@XZ 00000001800c4d60 f i uibutton.obj
 0002:00015db0       ?GetTextures@MaterialInstance@FD@@QEBAAEBV?$Map@IPEAVTexture@FD@@@2@XZ 00000001800c4db0 f i uibutton.obj
 0002:00015e00       ?GetTransform@Entity@FD@@QEBA?AVmat4@2@XZ 00000001800c4e00 f i uibutton.obj
 0002:00015f10       ?GetVCBuffer@Material@FD@@QEBA?AUConstantBufferSlot@Shader@2@XZ 00000001800c4f10 f i uibutton.obj
 0002:00015fa0       ?GetVCBuffer@MaterialInstance@FD@@QEBA?AUConstantBufferSlot@Shader@2@XZ 00000001800c4fa0 f i uibutton.obj
 0002:00016030       ?GetVSBufferPointer@Shader@FD@@QEBAPEBXXZ 00000001800c5030 f i uibutton.obj
 0002:000160a0       ?GetVSBufferSize@Shader@FD@@QEBA_KXZ 00000001800c50a0 f i uibutton.obj
 0002:00016110       ?GetVertexBuffer@Mesh@FD@@QEAAPEAVVertexBuffer@2@XZ 00000001800c5110 f i uibutton.obj
 0002:00016160       ?GetViewMatrix@Camera@FD@@QEAA?AVmat4@2@XZ 00000001800c5160 f i uibutton.obj
 0002:000161d0       ?GetWidth@Texture@FD@@QEBAIXZ 00000001800c51d0 f i uibutton.obj
 0002:00016220       ?GetWindow@Renderer@FD@@QEBAPEAVWindow@2@XZ 00000001800c5220 f i uibutton.obj
 0002:00016270       ?Identity@mat3@FD@@SA?AV12@XZ 00000001800c5270 f i uibutton.obj
 0002:000162e0       ?Identity@mat4@FD@@SA?AV12@XZ 00000001800c52e0 f i uibutton.obj
 0002:00016350       ?IsInteractable@UIItem@FD@@QEBA_NXZ 00000001800c5350 f i uibutton.obj
 0002:000163a0       ?IsMouseOnTop@UIItem@FD@@QEBA_NXZ 00000001800c53a0 f i uibutton.obj
 0002:000163f0       ?IsPressed@UIItem@FD@@QEBA_NXZ 00000001800c53f0 f i uibutton.obj
 0002:00016440       ?IsVisible@UIItem@FD@@QEBA_NXZ 00000001800c5440 f i uibutton.obj
 0002:00016490       ?OnAdd@UIButton@FD@@UEAAXXZ 00000001800c5490 f   uibutton.obj
 0002:000164d0       ?OnAdd@UIItem@FD@@UEAAXXZ  00000001800c54d0 f i uibutton.obj
 0002:00016510       ?OnClick@UIItem@FD@@UEAAXXZ 00000001800c5510 f i uibutton.obj
 0002:00016550       ?OnDrag@UIItem@FD@@UEAAXVvec2@2@@Z 00000001800c5550 f i uibutton.obj
 0002:000165a0       ?OnEntered@UIButton@FD@@UEAAXXZ 00000001800c55a0 f   uibutton.obj
 0002:00016620       ?OnEntered@UIItem@FD@@UEAAXXZ 00000001800c5620 f i uibutton.obj
 0002:00016660       ?OnHover@UIItem@FD@@UEAAXXZ 00000001800c5660 f i uibutton.obj
 0002:000166a0       ?OnKey@UIItem@FD@@UEAAXI@Z 00000001800c56a0 f i uibutton.obj
 0002:000166f0       ?OnLeft@UIButton@FD@@UEAAXXZ 00000001800c56f0 f   uibutton.obj
 0002:00016770       ?OnLeft@UIItem@FD@@UEAAXXZ 00000001800c5770 f i uibutton.obj
 0002:000167b0       ?OnPressed@UIButton@FD@@UEAAXVvec2@2@@Z 00000001800c57b0 f   uibutton.obj
 0002:00016880       ?OnPressed@UIItem@FD@@UEAAXVvec2@2@@Z 00000001800c5880 f i uibutton.obj
 0002:000168d0       ?OnReleased@UIButton@FD@@UEAAXXZ 00000001800c58d0 f   uibutton.obj
 0002:00016950       ?OnReleased@UIItem@FD@@UEAAXXZ 00000001800c5950 f i uibutton.obj
 0002:00016990       ?Push_back@?$List@PEAVLight@FD@@@FD@@QEAAXPEAVLight@2@@Z 00000001800c5990 f i uibutton.obj
 0002:00016a70       ?Push_back@?$List@PEAVUIText@FD@@@FD@@QEAAXPEAVUIText@2@@Z 00000001800c5a70 f i uibutton.obj
 0002:00016b50       ?Remove@?$List@PEAVLight@FD@@@FD@@QEAAPEAVLight@2@PEAV32@@Z 00000001800c5b50 f i uibutton.obj
 0002:00016c10       ?Remove@LightStack@FD@@QEAAXPEAVLight@2@@Z 00000001800c5c10 f i uibutton.obj
 0002:00016c80       ?RemoveIndex@?$List@PEAVLight@FD@@@FD@@QEAAPEAVLight@2@_K@Z 00000001800c5c80 f i uibutton.obj
 0002:00016d90       ?Reserve@?$List@PEAVLight@FD@@@FD@@QEAAX_K@Z 00000001800c5d90 f i uibutton.obj
 0002:00016ee0       ?Reserve@?$List@PEAVUIText@FD@@@FD@@QEAAX_K@Z 00000001800c5ee0 f i uibutton.obj
 0002:00017030       ?Reserve@?$List@UBufferLayoutAttrib@BufferLayout@FD@@@FD@@QEAAX_K@Z 00000001800c6030 f i uibutton.obj
 0002:00017260       ?Retrieve@?$Map@IUFD_GLYPH@Font@FD@@@FD@@QEBA?AUFD_GLYPH@Font@2@I@Z 00000001800c6260 f i uibutton.obj
 0002:00017340       ?SetColor@UIItem@FD@@QEAAXVvec4@2@@Z 00000001800c6340 f i uibutton.obj
 0002:000173b0       ?SetColor@UIText@FD@@QEAAXAEBVvec4@2@@Z 00000001800c63b0 f i uibutton.obj
 0002:00017420       ?SetCursorLocation@UITextHorizontalScroll@FD@@QEAAXI@Z 00000001800c6420 f i uibutton.obj
 0002:00017480       ?SetDefaultFont@Font@FD@@SAXPEAV12@@Z 00000001800c6480 f i uibutton.obj
 0002:000174d0       ?SetFont@UIText@FD@@QEAAXPEAVFont@2@@Z 00000001800c64d0 f i uibutton.obj
 0002:00017530       ?SetHandler@UIItem@FD@@QEAAXPEAVUIHandler@2@@Z 00000001800c6530 f i uibutton.obj
 0002:00017590       ?SetInputLayout@Shader@FD@@QEAAXPEAUID3D11InputLayout@@@Z 00000001800c6590 f i uibutton.obj
 0002:00017650       ?SetInteractable@UIItem@FD@@QEAAX_N@Z 00000001800c6650 f i uibutton.obj
 0002:000176b0       ?SetMaxSimultaneousTextures@BatchRenderer@FD@@QEAAXI@Z 00000001800c66b0 f i uibutton.obj
 0002:00017710       ?SetMouseOnTop@UIItem@FD@@QEAAX_N@Z 00000001800c6710 f i uibutton.obj
 0002:00017770       ?SetName@UIItem@FD@@QEAAXAEBVString@2@@Z 00000001800c6770 f i uibutton.obj
 0002:000177e0       ?SetName@UIText@FD@@QEAAXAEBVString@2@@Z 00000001800c67e0 f i uibutton.obj
 0002:00017850       ?SetOffset@UIText@FD@@QEAAXAEBVvec2@2@@Z 00000001800c6850 f i uibutton.obj
 0002:000178b0       ?SetParent@UIItem@FD@@QEAAXPEAV12@@Z 00000001800c68b0 f i uibutton.obj
 0002:00017910       ?SetParent@UIText@FD@@QEAAXPEAVUIItem@2@@Z 00000001800c6910 f i uibutton.obj
 0002:00017970       ?SetPosition@Camera@FD@@QEAAXAEBVvec3@2@@Z 00000001800c6970 f i uibutton.obj
 0002:000179f0       ?SetPosition@UIItem@FD@@QEAAXVvec2@2@@Z 00000001800c69f0 f i uibutton.obj
 0002:00017a50       ?SetPosition@UIText@FD@@QEAAXAEBVvec2@2@@Z 00000001800c6a50 f i uibutton.obj
 0002:00017ab0       ?SetPressed@UIItem@FD@@QEAAX_N@Z 00000001800c6ab0 f i uibutton.obj
 0002:00017b10       ?SetProjection@Camera@FD@@QEAAXAEBVmat4@2@@Z 00000001800c6b10 f i uibutton.obj
 0002:00017b80       ?SetRotation@Camera@FD@@QEAAXAEBVvec3@2@@Z 00000001800c6b80 f i uibutton.obj
 0002:00017c00       ?SetScale@UIText@FD@@QEAAXAEBVvec2@2@@Z 00000001800c6c00 f i uibutton.obj
 0002:00017c60       ?SetSize@UIItem@FD@@QEAAXVvec2@2@@Z 00000001800c6c60 f i uibutton.obj
 0002:00017cc0       ?SetText@UIText@FD@@UEAAXAEBVString@2@@Z 00000001800c6cc0 f i uibutton.obj
 0002:00017d30       ?SetTextAlignment@UIText@FD@@UEAAXW4FD_TEXT_ALIGNMENT@2@@Z 00000001800c6d30 f i uibutton.obj
 0002:00017d90       ?SetTexture@UIItem@FD@@QEAAXPEAVTexture2D@2@@Z 00000001800c6d90 f i uibutton.obj
 0002:00017df0       ?SetVisible@UIItem@FD@@QEAAX_N@Z 00000001800c6df0 f i uibutton.obj
 0002:00017e50       ?Submit@BatchRenderer@FD@@UEAAXAEBVLightStack@2@@Z 00000001800c6e50 f i uibutton.obj
 0002:00017ea0       ?Submit@FontRenderer@FD@@UEAAXPEAVEntity@2@@Z 00000001800c6ea0 f i uibutton.obj
 0002:00017ef0       ?SubmitText@FontRenderer@FD@@QEAAXAEBVString@2@PEAVFont@2@Vvec2@2@Vvec4@2@2W4FD_TEXT_ALIGNMENT@2@@Z 00000001800c6ef0 f i uibutton.obj
 0002:000180c0       ?Update@Entity@FD@@UEAAXXZ 00000001800c70c0 f i uibutton.obj
 0002:00018100       ?Update@UIItem@FD@@UEAAXXZ 00000001800c7100 f i uibutton.obj
 0002:00018140       ?__autoclassinit2@BatchRenderer@FD@@QEAAX_K@Z 00000001800c7140 f i uibutton.obj
 0002:000181a0       ?__autoclassinit2@Buffer@FD@@QEAAX_K@Z 00000001800c71a0 f i uibutton.obj
 0002:00018200       ?__autoclassinit2@BufferLayout@FD@@QEAAX_K@Z 00000001800c7200 f i uibutton.obj
 0002:00018260       ?__autoclassinit2@Entity@FD@@QEAAX_K@Z 00000001800c7260 f i uibutton.obj
 0002:000182c0       ?__autoclassinit2@Font@FD@@QEAAX_K@Z 00000001800c72c0 f i uibutton.obj
 0002:00018320       ?__autoclassinit2@FontRenderer@FD@@QEAAX_K@Z 00000001800c7320 f i uibutton.obj
 0002:00018380       ?__autoclassinit2@IndexBuffer@FD@@QEAAX_K@Z 00000001800c7380 f i uibutton.obj
 0002:000183e0       ?__autoclassinit2@LightStack@FD@@QEAAX_K@Z 00000001800c73e0 f i uibutton.obj
 0002:00018440       ?__autoclassinit2@Material@FD@@QEAAX_K@Z 00000001800c7440 f i uibutton.obj
 0002:000184a0       ?__autoclassinit2@MaterialInstance@FD@@QEAAX_K@Z 00000001800c74a0 f i uibutton.obj
 0002:00018500       ?__autoclassinit2@Mesh@FD@@QEAAX_K@Z 00000001800c7500 f i uibutton.obj
 0002:00018560       ?__autoclassinit2@Renderer@FD@@QEAAX_K@Z 00000001800c7560 f i uibutton.obj
 0002:000185c0       ?__autoclassinit2@Shader@FD@@QEAAX_K@Z 00000001800c75c0 f i uibutton.obj
 0002:00018620       ?__autoclassinit2@Texture2D@FD@@QEAAX_K@Z 00000001800c7620 f i uibutton.obj
 0002:00018680       ?__autoclassinit2@Texture@FD@@QEAAX_K@Z 00000001800c7680 f i uibutton.obj
 0002:000186e0       ?__autoclassinit2@UIButton@FD@@QEAAX_K@Z 00000001800c76e0 f i uibutton.obj
 0002:00018740       ?__autoclassinit2@UIHandler@FD@@QEAAX_K@Z 00000001800c7740 f i uibutton.obj
 0002:000187a0       ?__autoclassinit2@UIItem@FD@@QEAAX_K@Z 00000001800c77a0 f i uibutton.obj
 0002:00018800       ?__autoclassinit2@UIText@FD@@QEAAX_K@Z 00000001800c7800 f i uibutton.obj
 0002:00018860       ?__autoclassinit2@UITextAutoResize@FD@@QEAAX_K@Z 00000001800c7860 f i uibutton.obj
 0002:000188c0       ?__autoclassinit2@UITextHorizontalScroll@FD@@QEAAX_K@Z 00000001800c78c0 f i uibutton.obj
 0002:00018920       ?__autoclassinit2@VertexBuffer@FD@@QEAAX_K@Z 00000001800c7920 f i uibutton.obj
 0002:00018980       ??0UIGroup@FD@@QEAA@$$QEAV01@@Z 00000001800c7980 f i uigroup.obj
 0002:00018a00       ??0UIGroup@FD@@QEAA@AEBV01@@Z 00000001800c7a00 f i uigroup.obj
 0002:00018a80       ??0UIGroup@FD@@QEAA@AEBVString@1@Vvec2@1@@Z 00000001800c7a80 f   uigroup.obj
 0002:00018b60       ??1UIGroup@FD@@UEAA@XZ     00000001800c7b60 f i uigroup.obj
 0002:00018bb0       ??4UIGroup@FD@@QEAAAEAV01@$$QEAV01@@Z 00000001800c7bb0 f i uigroup.obj
 0002:00018c20       ??4UIGroup@FD@@QEAAAEAV01@AEBV01@@Z 00000001800c7c20 f i uigroup.obj
 0002:00018c90       ??_EUIGroup@FD@@UEAAPEAXI@Z 00000001800c7c90 f i uigroup.obj
 0002:00018dc0       ??_GUIGroup@FD@@UEAAPEAXI@Z 00000001800c7dc0 f i uigroup.obj
 0002:00018e50       ?Add@UIGroup@FD@@QEAAXPEAVUIItem@2@@Z 00000001800c7e50 f   uigroup.obj
 0002:00018f10       ?__autoclassinit2@UIGroup@FD@@QEAAX_K@Z 00000001800c7f10 f i uigroup.obj
 0002:00018f70       ??0?$List@PEAVUIItem@FD@@@FD@@QEAA@XZ 00000001800c7f70 f i uihandler.obj
 0002:00019010       ??0UIHandler@FD@@QEAA@XZ   00000001800c8010 f   uihandler.obj
 0002:000190c0       ??1?$List@PEAVUIItem@FD@@@FD@@QEAA@XZ 00000001800c80c0 f i uihandler.obj
 0002:00019130       ??1UIHandler@FD@@QEAA@XZ   00000001800c8130 f   uihandler.obj
 0002:000191b0       ??A?$List@PEAVUIItem@FD@@@FD@@QEAAAEAPEAVUIItem@1@_K@Z 00000001800c81b0 f i uihandler.obj
 0002:00019210       ??GFD@@YA?AVvec2@0@AEBV10@0@Z 00000001800c8210 f i uihandler.obj
 0002:000192b0       ?Add@UIHandler@FD@@QEAAXPEAVUIItem@2@@Z 00000001800c82b0 f   uihandler.obj
 0002:00019350       ?GetSizeInBytes@?$List@PEAVUIItem@FD@@@FD@@QEBA?B_KXZ 00000001800c8350 f i uihandler.obj
 0002:000193b0       ?OnKeyboardActionKeyPressed@UIHandler@FD@@UEAA_NI@Z 00000001800c83b0 f   uihandler.obj
 0002:00019440       ?OnMouseActionButtonPressed@UIHandler@FD@@UEAA_NI@Z 00000001800c8440 f   uihandler.obj
 0002:000195f0       ?OnMouseActionButtonReleased@UIHandler@FD@@UEAA_NI@Z 00000001800c85f0 f   uihandler.obj
 0002:000196f0       ?OnMouseActionMove@UIHandler@FD@@UEAA_NVivec2@2@@Z 00000001800c86f0 f   uihandler.obj
 0002:00019960       ?Push_back@?$List@PEAVUIItem@FD@@@FD@@QEAAXPEAVUIItem@2@@Z 00000001800c8960 f i uihandler.obj
 0002:00019a40       ?Reserve@?$List@PEAVUIItem@FD@@@FD@@QEAAX_K@Z 00000001800c8a40 f i uihandler.obj
 0002:00019b90       ?Update@UIHandler@FD@@QEAAXXZ 00000001800c8b90 f   uihandler.obj
 0002:00019db0       ??$Find@AEBVString@FD@@@?$List@PEAVUIText@FD@@@FD@@QEBA_KP6A_NPEAVUIText@1@AEBVString@1@@Z1@Z 00000001800c8db0 f i uiitem.obj
 0002:00019e70       ??$GetText@VUIText@FD@@@UIItem@FD@@QEAAPEAVUIText@1@AEBVString@1@@Z 00000001800c8e70 f i uiitem.obj
 0002:00019f50       ??$GetText@VUITextAutoResize@FD@@@UIItem@FD@@QEAAPEAVUITextAutoResize@1@AEBVString@1@@Z 00000001800c8f50 f i uiitem.obj
 0002:0001a030       ??$GetText@VUITextHorizontalScroll@FD@@@UIItem@FD@@QEAAPEAVUITextHorizontalScroll@1@AEBVString@1@@Z 00000001800c9030 f i uiitem.obj
 0002:0001a110       ??A?$List@PEAVUIText@FD@@@FD@@QEAAAEAPEAVUIText@1@_K@Z 00000001800c9110 f i uiitem.obj
 0002:0001a3b0       ?GetSize@?$List@PEAVUIText@FD@@@FD@@QEBA?B_KXZ 00000001800c93b0 f i uiitem.obj
 0002:0001a400       ?SetFont@UIItem@FD@@QEAAXPEAVFont@2@@Z 00000001800c9400 f   uiitem.obj
 0002:0001a4c0       ?SetFont@UIItem@FD@@QEAAXPEAVFont@2@AEBVString@2@@Z 00000001800c94c0 f   uiitem.obj
 0002:0001a550       ?SetFont@UIItem@FD@@QEAAXPEAVFont@2@_K@Z 00000001800c9550 f   uiitem.obj
 0002:0001a610       ??0UISlider@FD@@QEAA@$$QEAV01@@Z 00000001800c9610 f i uislider.obj
 0002:0001a720       ??0UISlider@FD@@QEAA@AEBV01@@Z 00000001800c9720 f i uislider.obj
 0002:0001a830       ??0UISlider@FD@@QEAA@AEBVString@1@Vvec2@1@1PEAVValueAction@1@@Z 00000001800c9830 f   uislider.obj
 0002:0001abb0       ??1UISlider@FD@@UEAA@XZ    00000001800c9bb0 f i uislider.obj
 0002:0001ac00       ??4UISlider@FD@@QEAAAEAV01@$$QEAV01@@Z 00000001800c9c00 f i uislider.obj
 0002:0001ad00       ??4UISlider@FD@@QEAAAEAV01@AEBV01@@Z 00000001800c9d00 f i uislider.obj
 0002:0001ae00       ??_EUISlider@FD@@UEAAPEAXI@Z 00000001800c9e00 f i uislider.obj
 0002:0001af30       ??_GUISlider@FD@@UEAAPEAXI@Z 00000001800c9f30 f i uislider.obj
 0002:0001afc0       ?OnAdd@UISlider@FD@@UEAAXXZ 00000001800c9fc0 f   uislider.obj
 0002:0001b030       ?OnDrag@UISlider@FD@@UEAAXVvec2@2@@Z 00000001800ca030 f   uislider.obj
 0002:0001b350       ?OnEntered@UISlider@FD@@UEAAXXZ 00000001800ca350 f   uislider.obj
 0002:0001b390       ?OnLeft@UISlider@FD@@UEAAXXZ 00000001800ca390 f   uislider.obj
 0002:0001b3f0       ?OnPressed@UISlider@FD@@UEAAXVvec2@2@@Z 00000001800ca3f0 f   uislider.obj
 0002:0001b560       ?OnReleased@UISlider@FD@@UEAAXXZ 00000001800ca560 f   uislider.obj
 0002:0001b5c0       ?__autoclassinit2@UISlider@FD@@QEAAX_K@Z 00000001800ca5c0 f i uislider.obj
 0002:0001b620       ?__autoclassinit2@UISlider_Handle@UISlider@FD@@QEAAX_K@Z 00000001800ca620 f i uislider.obj
 0002:0001b680       ??0UISlider_Handle@UISlider@FD@@QEAA@Vvec2@2@0@Z 00000001800ca680 f   uislider_handle.obj
 0002:0001b770       ??1UISlider_Handle@UISlider@FD@@UEAA@XZ 00000001800ca770 f i uislider_handle.obj
 0002:0001b7c0       ??_EUISlider_Handle@UISlider@FD@@UEAAPEAXI@Z 00000001800ca7c0 f i uislider_handle.obj
 0002:0001b7c0       ??_GUISlider_Handle@UISlider@FD@@UEAAPEAXI@Z 00000001800ca7c0 f i uislider_handle.obj
 0002:0001b850       ??0UITextBox@FD@@QEAA@$$QEAV01@@Z 00000001800ca850 f i uitextbox.obj
 0002:0001b8f0       ??0UITextBox@FD@@QEAA@AEBV01@@Z 00000001800ca8f0 f i uitextbox.obj
 0002:0001b990       ??0UITextBox@FD@@QEAA@AEBVString@1@Vvec2@1@1@Z 00000001800ca990 f   uitextbox.obj
 0002:0001bd60       ??1UITextBox@FD@@UEAA@XZ   00000001800cad60 f i uitextbox.obj
 0002:0001bdb0       ??4UITextBox@FD@@QEAAAEAV01@$$QEAV01@@Z 00000001800cadb0 f i uitextbox.obj
 0002:0001be40       ??4UITextBox@FD@@QEAAAEAV01@AEBV01@@Z 00000001800cae40 f i uitextbox.obj
 0002:0001bed0       ??_EUITextBox@FD@@UEAAPEAXI@Z 00000001800caed0 f i uitextbox.obj
 0002:0001c000       ??_GUITextBox@FD@@UEAAPEAXI@Z 00000001800cb000 f i uitextbox.obj
 0002:0001c090       ?GetTextContent@UITextBox@FD@@QEBAAEBVString@2@XZ 00000001800cb090 f i uitextbox.obj
 0002:0001c0f0       ?OnKey@UITextBox@FD@@UEAAXI@Z 00000001800cb0f0 f   uitextbox.obj
 0002:0001c160       ?SetText@UITextBox@FD@@QEAAXAEBVString@2@@Z 00000001800cb160 f i uitextbox.obj
 0002:0001c1e0       ?__autoclassinit2@UITextBox@FD@@QEAAX_K@Z 00000001800cb1e0 f i uitextbox.obj
 0002:0001c240       ??0UITextAutoResize@FD@@QEAA@AEBVString@1@Vvec2@1@1PEAVFont@1@0@Z 00000001800cb240 f   uitext_autoresize.obj
 0002:0001c3c0       ??KFD@@YA?AVvec2@0@AEBV10@0@Z 00000001800cb3c0 f i uitext_autoresize.obj
 0002:0001c460       ?RecalculateScale@UITextAutoResize@FD@@IEAAXW4FD_SCALE_MODE@12@@Z 00000001800cb460 f   uitext_autoresize.obj
 0002:0001c8c0       ?SetAdjustSize@UITextAutoResize@FD@@QEAAXAEBVvec2@2@@Z 00000001800cb8c0 f   uitext_autoresize.obj
 0002:0001c940       ?SetMargin@UITextAutoResize@FD@@QEAAXAEBVvec2@2@@Z 00000001800cb940 f   uitext_autoresize.obj
 0002:0001c9c0       ?SetText@UITextAutoResize@FD@@UEAAXAEBVString@2@@Z 00000001800cb9c0 f   uitext_autoresize.obj
 0002:0001ca40       ?SetTextAlignment@UITextAutoResize@FD@@UEAAXW4FD_TEXT_ALIGNMENT@2@@Z 00000001800cba40 f   uitext_autoresize.obj
 0002:0001cab0       ??0UITextHorizontalScroll@FD@@QEAA@AEBVString@1@Vvec2@1@1PEAVFont@1@@Z 00000001800cbab0 f   uitext_horizontal_scroll.obj
 0002:0001cbc0       ?Append@UITextHorizontalScroll@FD@@QEAAXAEBVString@2@@Z 00000001800cbbc0 f   uitext_horizontal_scroll.obj
 0002:0001cc40       ?Append@UITextHorizontalScroll@FD@@QEAAXD@Z 00000001800cbc40 f   uitext_horizontal_scroll.obj
 0002:0001ccc0       ?CalculateString@UITextHorizontalScroll@FD@@AEAAXXZ 00000001800cbcc0 f   uitext_horizontal_scroll.obj
 0002:0001cee0       ?SetText@UITextHorizontalScroll@FD@@UEAAXAEBVString@2@@Z 00000001800cbee0 f   uitext_horizontal_scroll.obj
 0002:0001cf60       ??0UITextHorizontalScroll_Cursor@UITextHorizontalScroll@FD@@QEAA@AEBVString@2@Vvec2@2@1@Z 00000001800cbf60 f   uitext_horizontal_scroll_cursor.obj
 0002:0001d080       ??1UITextHorizontalScroll_Cursor@UITextHorizontalScroll@FD@@UEAA@XZ 00000001800cc080 f i uitext_horizontal_scroll_cursor.obj
 0002:0001d0d0       ??_EUITextHorizontalScroll_Cursor@UITextHorizontalScroll@FD@@UEAAPEAXI@Z 00000001800cc0d0 f i uitext_horizontal_scroll_cursor.obj
 0002:0001d0d0       ??_GUITextHorizontalScroll_Cursor@UITextHorizontalScroll@FD@@UEAAPEAXI@Z 00000001800cc0d0 f i uitext_horizontal_scroll_cursor.obj
 0002:0001d160       ??0?$List@PEAUHWND__@@@FD@@QEAA@XZ 00000001800cc160 f i window.obj
 0002:0001d200       ??0?$List@PEAVWindow@FD@@@FD@@QEAA@XZ 00000001800cc200 f i window.obj
 0002:0001d2a0       ??0?$Map@PEAUHWND__@@PEAVWindow@FD@@@FD@@QEAA@I@Z 00000001800cc2a0 f i window.obj
 0002:0001d370       ??0Event@FD@@QEAA@W4FD_TYPE@01@@Z 00000001800cc370 f i window.obj
 0002:0001d3d0       ??0EventKeyboard@FD@@IEAA@W4FD_TYPE@Event@1@@Z 00000001800cc3d0 f i window.obj
 0002:0001d440       ??0EventKeyboardActionKey@FD@@QEAA@W4FD_ACTION@01@I@Z 00000001800cc440 f i window.obj
 0002:0001d530       ??0EventMouse@FD@@IEAA@W4FD_TYPE@Event@1@@Z 00000001800cc530 f i window.obj
 0002:0001d5a0       ??0EventMouseActionButton@FD@@QEAA@W4FD_ACTION@01@I@Z 00000001800cc5a0 f i window.obj
 0002:0001d670       ??0EventMouseActionMove@FD@@QEAA@Vivec2@1@@Z 00000001800cc670 f i window.obj
 0002:0001d710       ??0EventWindow@FD@@IEAA@W4FD_TYPE@Event@1@@Z 00000001800cc710 f i window.obj
 0002:0001d780       ??0EventWindowActionMove@FD@@QEAA@Vivec2@1@@Z 00000001800cc780 f i window.obj
 0002:0001d820       ??0EventWindowActionResize@FD@@QEAA@Vivec2@1@@Z 00000001800cc820 f i window.obj
 0002:0001d8c0       ??0EventWindowState@FD@@QEAA@W4FD_ACTION@01@@Z 00000001800cc8c0 f i window.obj
 0002:0001d9c0       ??0Window@FD@@QEAA@AEBVString@1@HH@Z 00000001800cc9c0 f   window.obj
 0002:0001de00       ??1?$List@PEAUHWND__@@@FD@@QEAA@XZ 00000001800cce00 f i window.obj
 0002:0001de70       ??1?$List@PEAVWindow@FD@@@FD@@QEAA@XZ 00000001800cce70 f i window.obj
 0002:0001dee0       ??1?$Map@PEAUHWND__@@PEAVWindow@FD@@@FD@@QEAA@XZ 00000001800ccee0 f i window.obj
 0002:0001df50       ??1Window@FD@@QEAA@XZ      00000001800ccf50 f   window.obj
 0002:0001e000       ??6?$List@PEAUHWND__@@@FD@@QEAAXPEAUHWND__@@@Z 00000001800cd000 f i window.obj
 0002:0001e060       ??6?$List@PEAVWindow@FD@@@FD@@QEAAXPEAVWindow@1@@Z 00000001800cd060 f i window.obj
 0002:0001e0c0       ?Add@?$Map@PEAUHWND__@@PEAVWindow@FD@@@FD@@QEAAXPEAVWindow@2@PEAUHWND__@@@Z 00000001800cd0c0 f i window.obj
 0002:0001e150       ?Clear@Window@FD@@QEAAXXZ  00000001800cd150 f   window.obj
 0002:0001e1a0       ?Find@?$List@PEAUHWND__@@@FD@@QEBA_KPEAUHWND__@@@Z 00000001800cd1a0 f i window.obj
 0002:0001e250       ?Get@?$List@PEAVWindow@FD@@@FD@@QEBAPEAVWindow@2@_K@Z 00000001800cd250 f i window.obj
 0002:0001e2b0       ?GetMonitorDpi@Window@FD@@SA?AVivec2@2@XZ 00000001800cd2b0 f   window.obj
 0002:0001e360       ?GetSizeInBytes@?$List@PEAUHWND__@@@FD@@QEBA?B_KXZ 00000001800cd360 f i window.obj
 0002:0001e3c0       ?GetSizeInBytes@?$List@PEAVWindow@FD@@@FD@@QEBA?B_KXZ 00000001800cd3c0 f i window.obj
 0002:0001e420       ?GetWindowDpi@Window@FD@@QEAA?AVivec2@2@XZ 00000001800cd420 f   window.obj
 0002:0001e4f0       ?OnWindowActionResize@Window@FD@@UEAA_NVivec2@2@@Z 00000001800cd4f0 f   window.obj
 0002:0001e560       ?Push_back@?$List@PEAUHWND__@@@FD@@QEAAXPEAUHWND__@@@Z 00000001800cd560 f i window.obj
 0002:0001e640       ?Push_back@?$List@PEAVWindow@FD@@@FD@@QEAAXPEAVWindow@2@@Z 00000001800cd640 f i window.obj
 0002:0001e720       ?Reserve@?$List@PEAUHWND__@@@FD@@QEAAX_K@Z 00000001800cd720 f i window.obj
 0002:0001e870       ?Reserve@?$List@PEAVWindow@FD@@@FD@@QEAAX_K@Z 00000001800cd870 f i window.obj
 0002:0001e9c0       ?Retrieve@?$Map@PEAUHWND__@@PEAVWindow@FD@@@FD@@QEBAPEAVWindow@2@PEAUHWND__@@@Z 00000001800cd9c0 f i window.obj
 0002:0001ea60       ?SetVisible@Window@FD@@QEAAX_N@Z 00000001800cda60 f   window.obj
 0002:0001eb80       ?SwapBuffers@Window@FD@@QEAAXXZ 00000001800cdb80 f   window.obj
 0002:0001ec60       ?WndProc@Window@FD@@CA_JPEAUHWND__@@I_K_J@Z 00000001800cdc60 f   window.obj
 0002:0001fcc0       ?__autoclassinit2@?$Map@PEAUHWND__@@PEAVWindow@FD@@@FD@@QEAAX_K@Z 00000001800cecc0 f i window.obj
 0002:0001fd20       ??$move@AEAV?$List@PEAVAsset@FD@@@FD@@@std@@YA$$QEAV?$List@PEAVAsset@FD@@@FD@@AEAV12@@Z 00000001800ced20 f i frodo.obj
 0002:0001fd70       ??0?$List@PEAVAsset@FD@@@FD@@QEAA@$$QEAV01@@Z 00000001800ced70 f i frodo.obj
 0002:0001fe00       ??0?$List@PEAVAsset@FD@@@FD@@QEAA@AEBV01@@Z 00000001800cee00 f i frodo.obj
 0002:0001ff20       ??0?$List@PEAVAsset@FD@@@FD@@QEAA@XZ 00000001800cef20 f i frodo.obj
 0002:0001ffc0       ??0?$List@VString@FD@@@FD@@QEAA@AEBV01@@Z 00000001800cefc0 f i frodo.obj
 0002:00020190       ??0?$Map@VString@FD@@V12@@FD@@QEAA@AEBV01@@Z 00000001800cf190 f i frodo.obj
 0002:00020240       ??0Asset@FD@@QEAA@AEBV01@@Z 00000001800cf240 f i frodo.obj
 0002:00020360       ??0Asset@FD@@QEAA@XZ       00000001800cf360 f i frodo.obj
 0002:00020430       ??0FDApplication@FD@@QEAA@AEBV01@@Z 00000001800cf430 f i frodo.obj
 0002:000204f0       ??0FDApplication@FD@@QEAA@PEBDII@Z 00000001800cf4f0 f   frodo.obj
 0002:000206d0       ??0Framebuffer2D@FD@@QEAA@AEBV01@@Z 00000001800cf6d0 f i frodo.obj
 0002:000207a0       ??0MenuRenderer@FD@@QEAA@AEBV01@@Z 00000001800cf7a0 f i frodo.obj
 0002:00020840       ??0Package@FD@@QEAA@$$QEAV01@@Z 00000001800cf840 f i frodo.obj
 0002:000208f0       ??0Package@FD@@QEAA@AEBV01@@Z 00000001800cf8f0 f i frodo.obj
 0002:000209a0       ??0Package@FD@@QEAA@XZ     00000001800cf9a0 f i frodo.obj
 0002:00020a30       ??0UserCamera@FD@@QEAA@AEBV01@@Z 00000001800cfa30 f i frodo.obj
 0002:00020ba0       ??0UserCamera@FD@@QEAA@AEBVvec3@1@0@Z 00000001800cfba0 f i frodo.obj
 0002:00020c90       ??0VFS@FD@@QEAA@AEBV01@@Z  00000001800cfc90 f i frodo.obj
 0002:00020d00       ??1?$List@PEAVAsset@FD@@@FD@@QEAA@XZ 00000001800cfd00 f i frodo.obj
 0002:00020d70       ??1?$List@VString@FD@@@FD@@QEAA@XZ 00000001800cfd70 f i frodo.obj
 0002:00020e20       ??1Asset@FD@@QEAA@XZ       00000001800cfe20 f i frodo.obj
 0002:00020ed0       ??1FDApplication@FD@@UEAA@XZ 00000001800cfed0 f   frodo.obj
 0002:00021030       ??1Package@FD@@QEAA@XZ     00000001800d0030 f i frodo.obj
 0002:000210a0       ??1UserCamera@FD@@QEAA@XZ  00000001800d00a0 f i frodo.obj
 0002:00021130       ??4?$List@PEAVAsset@FD@@@FD@@QEAAAEAV01@$$QEAV01@@Z 00000001800d0130 f i frodo.obj
 0002:00021250       ??4?$List@PEAVAsset@FD@@@FD@@QEAAAEAV01@AEBV01@@Z 00000001800d0250 f i frodo.obj
 0002:00021390       ??4?$List@VString@FD@@@FD@@QEAAAEAV01@AEBV01@@Z 00000001800d0390 f i frodo.obj
 0002:000215c0       ??4?$Map@VString@FD@@V12@@FD@@QEAAAEAV01@AEBV01@@Z 00000001800d05c0 f i frodo.obj
 0002:00021660       ??4Asset@FD@@QEAAAEAV01@AEBV01@@Z 00000001800d0660 f i frodo.obj
 0002:00021770       ??4AssetManager@FD@@QEAAAEAV01@$$QEAV01@@Z 00000001800d0770 f i frodo.obj
 0002:000217c0       ??4AssetManager@FD@@QEAAAEAV01@AEBV01@@Z 00000001800d07c0 f i frodo.obj
 0002:00021810       ??4FDApplication@FD@@QEAAAEAV01@AEBV01@@Z 00000001800d0810 f i frodo.obj
 0002:000218c0       ??4Framebuffer2D@FD@@QEAAAEAV01@AEBV01@@Z 00000001800d08c0 f i frodo.obj
 0002:00021980       ??4MenuRenderer@FD@@QEAAAEAV01@AEBV01@@Z 00000001800d0980 f i frodo.obj
 0002:00021a10       ??4MeshFactory@FD@@QEAAAEAV01@$$QEAV01@@Z 00000001800d0a10 f i frodo.obj
 0002:00021a60       ??4MeshFactory@FD@@QEAAAEAV01@AEBV01@@Z 00000001800d0a60 f i frodo.obj
 0002:00021ab0       ??4Package@FD@@QEAAAEAV01@$$QEAV01@@Z 00000001800d0ab0 f i frodo.obj
 0002:00021b50       ??4Package@FD@@QEAAAEAV01@AEBV01@@Z 00000001800d0b50 f i frodo.obj
 0002:00021bf0       ??4ShaderFactory@FD@@QEAAAEAV01@$$QEAV01@@Z 00000001800d0bf0 f i frodo.obj
 0002:00021c40       ??4ShaderFactory@FD@@QEAAAEAV01@AEBV01@@Z 00000001800d0c40 f i frodo.obj
 0002:00021c90       ??4UserCamera@FD@@QEAAAEAV01@AEBV01@@Z 00000001800d0c90 f i frodo.obj
 0002:00021dd0       ??4VFS@FD@@QEAAAEAV01@AEBV01@@Z 00000001800d0dd0 f i frodo.obj
 0002:00021e40       ??_EFDApplication@FD@@UEAAPEAXI@Z 00000001800d0e40 f i frodo.obj
 0002:00021f60       ??_EFramebuffer2D@FD@@UEAAPEAXI@Z 00000001800d0f60 f i frodo.obj
 0002:00022080       ??_EMenuRenderer@FD@@UEAAPEAXI@Z 00000001800d1080 f i frodo.obj
 0002:000221b0       ??_EString@FD@@QEAAPEAXI@Z 00000001800d11b0 f i frodo.obj
 0002:000222d0       ??_GFDApplication@FD@@UEAAPEAXI@Z 00000001800d12d0 f i frodo.obj
 0002:00022360       ??_GFramebuffer2D@FD@@UEAAPEAXI@Z 00000001800d1360 f i frodo.obj
 0002:000223f0       ??_GMenuRenderer@FD@@UEAAPEAXI@Z 00000001800d13f0 f i frodo.obj
 0002:00022480       ??_GVFS@FD@@QEAAPEAXI@Z    00000001800d1480 f i frodo.obj
 0002:00022510       ??_GWindow@FD@@QEAAPEAXI@Z 00000001800d1510 f i frodo.obj
 0002:000225a0       ?CreateCube@MeshFactory@FD@@SAPEAVMesh@2@AEBVvec3@2@PEAVMaterialInstance@2@@Z 00000001800d15a0 f i frodo.obj
 0002:00022630       ?CreatePlane@MeshFactory@FD@@SAPEAVMesh@2@AEBVvec2@2@PEAVMaterialInstance@2@@Z 00000001800d1630 f i frodo.obj
 0002:000226b0       ?Dispose@VFS@FD@@SAXXZ     00000001800d16b0 f i frodo.obj
 0002:00022740       ?Get@VFS@FD@@SAPEAV12@XZ   00000001800d1740 f i frodo.obj
 0002:00022780       ?GetDepthView@Framebuffer2D@FD@@QEBAPEAUID3D11DepthStencilView@@XZ 00000001800d1780 f i frodo.obj
 0002:000227d0       ?GetRenderTargetView@Framebuffer2D@FD@@QEBAPEAUID3D11RenderTargetView@@XZ 00000001800d17d0 f i frodo.obj
 0002:00022820       ?GetResource@Framebuffer2D@FD@@QEBAPEAUID3D11Texture2D@@XZ 00000001800d1820 f i frodo.obj
 0002:00022870       ?Init@VFS@FD@@SAXXZ        00000001800d1870 f i frodo.obj
 0002:00022940       ?OnEvent@UserCamera@FD@@UEAA_NPEBVEvent@2@@Z 00000001800d1940 f i frodo.obj
 0002:00022990       ?OnExit@FDApplication@FD@@MEAAXXZ 00000001800d1990 f   frodo.obj
 0002:000229d0       ?OnInit@FDApplication@FD@@MEAAXXZ 00000001800d19d0 f   frodo.obj
 0002:00022a10       ?OnRender@FDApplication@FD@@MEAAXXZ 00000001800d1a10 f   frodo.obj
 0002:00022a50       ?OnTick@FDApplication@FD@@MEAAXXZ 00000001800d1a50 f   frodo.obj
 0002:00022a90       ?OnUpdate@FDApplication@FD@@MEAAXM@Z 00000001800d1a90 f   frodo.obj
 0002:00022ae0       ?Run@FDApplication@FD@@AEAAXXZ 00000001800d1ae0 f   frodo.obj
 0002:00022ca0       ?SetUPS@FDApplication@FD@@QEAAXM@Z 00000001800d1ca0 f i frodo.obj
 0002:00022d10       ?Start@FDApplication@FD@@QEAAXXZ 00000001800d1d10 f i frodo.obj
 0002:00022d60       ?__autoclassinit2@Asset@FD@@QEAAX_K@Z 00000001800d1d60 f i frodo.obj
 0002:00022dc0       ?__autoclassinit2@FDApplication@FD@@QEAAX_K@Z 00000001800d1dc0 f i frodo.obj
 0002:00022e20       ?__autoclassinit2@Framebuffer2D@FD@@QEAAX_K@Z 00000001800d1e20 f i frodo.obj
 0002:00022e80       ?__autoclassinit2@MenuRenderer@FD@@QEAAX_K@Z 00000001800d1e80 f i frodo.obj
 0002:00022ee0       ?__autoclassinit2@Package@FD@@QEAAX_K@Z 00000001800d1ee0 f i frodo.obj
 0002:00022f40       ?__autoclassinit2@VFS@FD@@QEAAX_K@Z 00000001800d1f40 f i frodo.obj
 0002:00022fa0       ??0BufferLayoutAttrib@BufferLayout@FD@@QEAA@$$QEAU012@@Z 00000001800d1fa0 f i bufferlayout.obj
 0002:00023070       ??0BufferLayoutAttrib@BufferLayout@FD@@QEAA@AEBU012@@Z 00000001800d2070 f i bufferlayout.obj
 0002:00023140       ??1BufferLayout@FD@@QEAA@XZ 00000001800d2140 f   bufferlayout.obj
 0002:000231a0       ??4BufferLayoutAttrib@BufferLayout@FD@@QEAAAEAU012@AEBU012@@Z 00000001800d21a0 f i bufferlayout.obj
 0002:00023270       ??A?$List@UBufferLayoutAttrib@BufferLayout@FD@@@FD@@QEAAAEAUBufferLayoutAttrib@BufferLayout@1@_K@Z 00000001800d2270 f i bufferlayout.obj
 0002:000232d0       ?CreateInputLayout@BufferLayout@FD@@QEAAXPEAVShader@2@@Z 00000001800d22d0 f   bufferlayout.obj
 0002:00023620       ?GetElementOffset@BufferLayout@FD@@QEAAIAEBVString@2@@Z 00000001800d2620 f   bufferlayout.obj
 0002:000237a0       ?GetElementOffset@BufferLayout@FD@@QEAAII@Z 00000001800d27a0 f   bufferlayout.obj
 0002:00023850       ?GetElementSize@BufferLayout@FD@@QEAAIAEBVString@2@@Z 00000001800d2850 f   bufferlayout.obj
 0002:000239d0       ?GetElementSize@BufferLayout@FD@@QEAAII@Z 00000001800d29d0 f   bufferlayout.obj
 0002:00023a80       ?GetSize@?$List@UBufferLayoutAttrib@BufferLayout@FD@@@FD@@QEBA?B_KXZ 00000001800d2a80 f i bufferlayout.obj
 0002:00023ad0       ?Push@BufferLayout@FD@@AEAAXAEBVString@2@W4DXGI_FORMAT@@I@Z 00000001800d2ad0 f   bufferlayout.obj
 0002:00023c80       ?PushElement@BufferLayout@FD@@QEAAXAEBVString@2@I@Z 00000001800d2c80 f   bufferlayout.obj
 0002:00023db0       ?Push_back@?$List@UBufferLayoutAttrib@BufferLayout@FD@@@FD@@QEAAXUBufferLayoutAttrib@BufferLayout@2@@Z 00000001800d2db0 f i bufferlayout.obj
 0002:00024050       ??0IndexBuffer@FD@@QEAA@PEAFI@Z 00000001800d3050 f   indexbuffer.obj
 0002:00024100       ??0IndexBuffer@FD@@QEAA@PEAGI@Z 00000001800d3100 f   indexbuffer.obj
 0002:000241b0       ??0IndexBuffer@FD@@QEAA@PEAHI@Z 00000001800d31b0 f   indexbuffer.obj
 0002:00024260       ??0IndexBuffer@FD@@QEAA@PEAII@Z 00000001800d3260 f   indexbuffer.obj
 0002:00024310       ??0IndexBuffer@FD@@QEAA@PEAX_KW4FD_INDEXBUFFER_FORMAT@1@@Z 00000001800d3310 f   indexbuffer.obj
 0002:00024540       ?Bind@IndexBuffer@FD@@UEAAXXZ 00000001800d3540 f   indexbuffer.obj
 0002:000246f0       ??0VertexBuffer@FD@@QEAA@II@Z 00000001800d36f0 f   vertexbuffer.obj
 0002:00024910       ??0VertexBuffer@FD@@QEAA@PEAX_KI_N@Z 00000001800d3910 f   vertexbuffer.obj
 0002:00024ba0       ?Bind@VertexBuffer@FD@@QEAAXI@Z 00000001800d3ba0 f   vertexbuffer.obj
 0002:00024cb0       ?Bind@VertexBuffer@FD@@UEAAXXZ 00000001800d3cb0 f   vertexbuffer.obj
 0002:00024db0       ?Map@VertexBuffer@FD@@QEAAPEAXW4FD_MAP_FLAG@2@@Z 00000001800d3db0 f   vertexbuffer.obj
 0002:00024f10       ?Unmap@VertexBuffer@FD@@QEAAXXZ 00000001800d3f10 f   vertexbuffer.obj
 0002:00024f90       ??0D3DContext@FD@@AEAA@XZ  00000001800d3f90 f   d3dcontext.obj
 0002:00024fe0       ??1D3DContext@FD@@AEAA@XZ  00000001800d3fe0 f   d3dcontext.obj
 0002:000251a0       ??_GD3DContext@FD@@AEAAPEAXI@Z 00000001800d41a0 f i d3dcontext.obj
 0002:00025230       ?Clear@D3DContext@FD@@SAXG@Z 00000001800d4230 f   d3dcontext.obj
 0002:00025370       ?CreateContext@D3DContext@FD@@SAXPEAVWindow@2@@Z 00000001800d4370 f   d3dcontext.obj
 0002:00025930       ?Dispose@D3DContext@FD@@SAXXZ 00000001800d4930 f   d3dcontext.obj
 0002:000259e0       ?Present@D3DContext@FD@@SAXII@Z 00000001800d49e0 f   d3dcontext.obj
 0002:00025a60       ?SetRenderTarget@D3DContext@FD@@SAXPEAUID3D11RenderTargetView@@@Z 00000001800d4a60 f   d3dcontext.obj
 0002:00025b50       ?SetRenderTargets@D3DContext@FD@@SAXGPEAPEAUID3D11RenderTargetView@@@Z 00000001800d4b50 f   d3dcontext.obj
 0002:00025bc0       ?SetRenderTargets@D3DContext@FD@@SAXGPEAPEAUID3D11RenderTargetView@@PEAUID3D11DepthStencilView@@@Z 00000001800d4bc0 f   d3dcontext.obj
 0002:00025ce0       ?SetTopology@D3DContext@FD@@SAXW4D3D_PRIMITIVE_TOPOLOGY@@@Z 00000001800d4ce0 f   d3dcontext.obj
 0002:00025d60       ?SetViewPort@D3DContext@FD@@SAXMMMM@Z 00000001800d4d60 f   d3dcontext.obj
 0002:00025e80       ??0?$List@I@FD@@QEAA@XZ    00000001800d4e80 f i font.obj
 0002:00025f20       ??0?$List@UFD_GLYPH@Font@FD@@@FD@@QEAA@XZ 00000001800d4f20 f i font.obj
 0002:00025fc0       ??0?$Map@IUFD_GLYPH@Font@FD@@@FD@@QEAA@I@Z 00000001800d4fc0 f i font.obj
 0002:00026090       ??0Font@FD@@QEAA@AEBVString@1@IVivec2@1@@Z 00000001800d5090 f   font.obj
 0002:000262a0       ??0Font@FD@@QEAA@PEAXIIVivec2@1@@Z 00000001800d52a0 f   font.obj
 0002:00026430       ??1?$List@I@FD@@QEAA@XZ    00000001800d5430 f i font.obj
 0002:000264a0       ??1?$Map@IUFD_GLYPH@Font@FD@@@FD@@QEAA@XZ 00000001800d54a0 f i font.obj
 0002:00026510       ??1Font@FD@@QEAA@XZ        00000001800d5510 f   font.obj
 0002:00026610       ??6?$List@I@FD@@QEAAXI@Z   00000001800d5610 f i font.obj
 0002:00026670       ??6?$List@UFD_GLYPH@Font@FD@@@FD@@QEAAXUFD_GLYPH@Font@1@@Z 00000001800d5670 f i font.obj
 0002:000266f0       ??A?$List@UFD_GLYPH@Font@FD@@@FD@@QEAAAEAUFD_GLYPH@Font@1@_K@Z 00000001800d56f0 f i font.obj
 0002:00026750       ??A?$Map@IUFD_GLYPH@Font@FD@@@FD@@QEAAAEAUFD_GLYPH@Font@1@I@Z 00000001800d5750 f i font.obj
 0002:00026800       ?Add@?$Map@IUFD_GLYPH@Font@FD@@@FD@@AEAAAEAUFD_GLYPH@Font@2@I@Z 00000001800d5800 f i font.obj
 0002:000268c0       ?Add@?$Map@IUFD_GLYPH@Font@FD@@@FD@@QEAAXUFD_GLYPH@Font@2@I@Z 00000001800d58c0 f i font.obj
 0002:00026970       ?GetCharFromFont@FD@@YAPEAVTexture2D@1@AEBVString@1@I@Z 00000001800d5970 f   font.obj
 0002:00026bc0       ?GetDistance@?$FD_RANGE@H@Font@FD@@QEBAHXZ 00000001800d5bc0 f i font.obj
 0002:00026c20       ?GetFontMetrics@Font@FD@@QEBA?AVvec2@2@AEBVString@2@V32@@Z 00000001800d5c20 f   font.obj
 0002:00026f40       ?GetKerning@Font@FD@@QEAA?AVivec2@2@II@Z 00000001800d5f40 f   font.obj
 0002:000270a0       ?GetScaleFromSize@Font@FD@@QEBA?AVvec2@2@I@Z 00000001800d60a0 f   font.obj
 0002:00027140       ?GetSize@?$List@I@FD@@QEBA?B_KXZ 00000001800d6140 f i font.obj
 0002:00027190       ?GetSizeInBytes@?$List@I@FD@@QEBA?B_KXZ 00000001800d6190 f i font.obj
 0002:000271f0       ?GetSizeInBytes@?$List@UFD_GLYPH@Font@FD@@@FD@@QEBA?B_KXZ 00000001800d61f0 f i font.obj
[...]
 0004:00000dc8       __memcpy_nt_iters          000000018028adc8     MSVCRTD:_cpu_disp_.obj
 0004:00000dd8       ?_RTC_ErrorLevels@@3PAHA   000000018028add8     MSVCRTD:_error_.obj
 0004:00000df0       _You_must_link_with_exactly_one_OpenMP_library 000000018028adf0     VCOMPD:unique.obj
 0004:00000df4       _You_must_link_with_Microsoft_OpenMP_library 000000018028adf4     VCOMPD:unique.obj
 0004:00000dfc       __scrt_ucrt_dll_is_in_use  000000018028adfc     MSVCRTD:ucrt_stubs.obj
 0004:00001080       ??_R0?AVEventListener@FD@@@8 000000018028b080     eventdispatcher.obj
 0004:000010b0       ??_R0?AVWindow@FD@@@8      000000018028b0b0     input.obj
 0004:000010d8       ??_R0?AVTexture@FD@@@8     000000018028b0d8     uibutton.obj
 0004:00001100       ??_R0?AVTexture2D@FD@@@8   000000018028b100     uibutton.obj
 0004:00001130       ??_R0?AVCamera@FD@@@8      000000018028b130     uibutton.obj
 0004:00001158       ??_R0?AVBuffer@FD@@@8      000000018028b158     uibutton.obj
 0004:00001180       ??_R0?AVVertexBuffer@FD@@@8 000000018028b180     uibutton.obj
 0004:000011b0       ??_R0?AVIndexBuffer@FD@@@8 000000018028b1b0     uibutton.obj
 0004:000011e0       ??_R0?AVMaterial@FD@@@8    000000018028b1e0     uibutton.obj
 0004:00001208       ??_R0?AVMaterialInstance@FD@@@8 000000018028b208     uibutton.obj
 0004:00001240       ??_R0?AVEntity@FD@@@8      000000018028b240     uibutton.obj
 0004:00001268       ??_R0?AVRenderer@FD@@@8    000000018028b268     uibutton.obj
 0004:00001290       ??_R0?AVBatchRenderer@FD@@@8 000000018028b290     uibutton.obj
 0004:000012c0       ??_R0?AVFontRenderer@FD@@@8 000000018028b2c0     uibutton.obj
 0004:000012f0       ??_R0?AVUIHandler@FD@@@8   000000018028b2f0     uibutton.obj
 0004:00001320       ??_R0?AVUIItem@FD@@@8      000000018028b320     uibutton.obj
 0004:00001348       ??_R0?AVUIText@FD@@@8      000000018028b348     uibutton.obj
 0004:00001370       ??_R0?AVUIButton@FD@@@8    000000018028b370     uibutton.obj
 0004:00001398       ??_R0?AVUITextAutoResize@FD@@@8 000000018028b398     uibutton.obj
 0004:000013d0       ??_R0?AVUITextHorizontalScroll@FD@@@8 000000018028b3d0     uibutton.obj
 0004:00001410       ??_R0?AVUIGroup@FD@@@8     000000018028b410     uigroup.obj
 0004:00001438       ??_R0?AVUISlider@FD@@@8    000000018028b438     uislider.obj
 0004:00001460       ??_R0?AVUISlider_Handle@UISlider@FD@@@8 000000018028b460     uislider_handle.obj
 0004:000014a0       ??_R0?AVUITextBox@FD@@@8   000000018028b4a0     uitextbox.obj
 0004:000014d0       ??_R0?AVUITextHorizontalScroll_Cursor@UITextHorizontalScroll@FD@@@8 000000018028b4d0     uitext_horizontal_scroll_cursor.obj
 0004:00001530       ??_R0?AVFramebuffer2D@FD@@@8 000000018028b530     frodo.obj
 0004:00001560       ??_R0?AVMenuRenderer@FD@@@8 000000018028b560     frodo.obj
 0004:00001590       ??_R0?AVUserCamera@FD@@@8  000000018028b590     frodo.obj
 0004:000015c0       ??_R0?AVFDApplication@FD@@@8 000000018028b5c0     frodo.obj
 0004:000015f0       ??_R0?AVtype_info@@@8      000000018028b5f0     MSVCRTD:std_type_info_static.obj
 0004:00001618       ??_R0?AVbad_alloc@std@@@8  000000018028b618     MSVCRTD:throw_bad_alloc.obj
 0004:00001648       ??_R0?AVexception@std@@@8  000000018028b648     MSVCRTD:throw_bad_alloc.obj
 0004:00001678       ??_R0?AVbad_array_new_length@std@@@8 000000018028b678     MSVCRTD:throw_bad_alloc.obj
 0004:000017e0       ?listeners@EventDispatcher@FD@@0V?$List@PEAVEventListener@FD@@@2@A 000000018028b7e0     eventdispatcher.obj
 0004:00001840       ?window@Input@FD@@0PEAVWindow@2@EA 000000018028b840     input.obj
 0004:00001848       ?mouseX@Input@FD@@2IA      000000018028b848     input.obj
 0004:0000184c       ?mouseY@Input@FD@@2IA      000000018028b84c     input.obj
 0004:00001850       ?prevKeys@Input@FD@@2PA_NA 000000018028b850     input.obj
 0004:0001184f       ?mouseCaptured@Input@FD@@2_NA 000000018029b84f     input.obj
 0004:00011850       ?keys@Input@FD@@2PA_NA     000000018029b850     input.obj
 0004:00027eb8       ?_OptionsStorage@?1??__local_stdio_printf_options@@9@4_KA 00000001802b1eb8     input.obj
 0004:00027f00       ?window_handels@Window@FD@@0V?$Map@PEAUHWND__@@PEAVWindow@FD@@@2@A 00000001802b1f00     window.obj
 0004:0003b290       ?pContext@D3DContext@FD@@0PEAV12@EA 00000001802c5290     d3dcontext.obj
 0004:0003b2a0       ?defaultFont@Font@FD@@0PEAV12@EA 00000001802c52a0     font.obj
 0004:0003b308       ?_OptionsStorage@?1??__local_stdio_scanf_options@@9@4_KA 00000001802c5308     meshfactory.obj
 0004:0003b4d0       ?textures@TextureManager@FD@@0V?$Map@PEADPEAVTexture@FD@@@2@A 00000001802c54d0     texturemanager.obj
 0004:0003b520       ?assets@AssetManager@FD@@2V?$List@PEAVAsset@FD@@@2@A 00000001802c5520     assetmanager.obj
 0004:0003b548       ?instance@VFS@FD@@0PEAV12@EA 00000001802c5548     vfs.obj
 0004:0003b558       __scrt_current_native_startup_state 00000001802c5558     MSVCRTD:utility.obj
 0004:0003b560       __scrt_native_startup_lock 00000001802c5560     MSVCRTD:utility.obj
 0004:0003bc3c       __favor                    00000001802c5c3c     MSVCRTD:_cpu_disp_.obj
 0004:0003bc40       __scrt_debugger_hook_flag  00000001802c5c40     MSVCRTD:utility_desktop.obj
 0004:0003bc60       ?__type_info_root_node@@3U__type_info_node@@A 00000001802c5c60     MSVCRTD:tncleanup.obj
 0004:0003bca0       ft_trace_levels            00000001802c5ca0     <common>
 0004:0003be70       ?_OptionsStorage@?1??__local_stdio_printf_options@@9@9 00000001802c5e70     <common>
 0004:0003be88       __dyn_tls_init_callback    00000001802c5e88     <common>
 0006:00000000       __imp_D3DCompile           00000001802d3000     d3dcompiler:D3DCOMPILER_47.dll
 0006:00000008       \177D3DCOMPILER_47_NULL_THUNK_DATA 00000001802d3008     d3dcompiler:D3DCOMPILER_47.dll
 0006:00000060       __imp_FreeImage_GetHeight  00000001802d3060     FreeImage:FreeImage.dll
 0006:00000068       __imp_FreeImage_FIFSupportsReading 00000001802d3068     FreeImage:FreeImage.dll
 0006:00000070       __imp_FreeImage_Unload     00000001802d3070     FreeImage:FreeImage.dll
 0006:00000078       __imp_FreeImage_LoadFromMemory 00000001802d3078     FreeImage:FreeImage.dll
 0006:00000080       __imp_FreeImage_GetFIFFromFilename 00000001802d3080     FreeImage:FreeImage.dll
 0006:00000088       __imp_FreeImage_GetFileTypeFromMemory 00000001802d3088     FreeImage:FreeImage.dll
 0006:00000090       __imp_FreeImage_GetBits    00000001802d3090     FreeImage:FreeImage.dll
 0006:00000098       __imp_FreeImage_GetBPP     00000001802d3098     FreeImage:FreeImage.dll
 0006:000000a0       __imp_FreeImage_GetWidth   00000001802d30a0     FreeImage:FreeImage.dll
 0006:000000a8       \177FreeImage_NULL_THUNK_DATA 00000001802d30a8     FreeImage:FreeImage.dll
 0006:00000108       __imp_GetDeviceCaps        00000001802d3108     gdi32:GDI32.dll
 0006:00000110       \177GDI32_NULL_THUNK_DATA  00000001802d3110     gdi32:GDI32.dll
 0006:00000168       __imp_GetStdHandle         00000001802d3168     kernel32:KERNEL32.dll
 0006:00000170       __imp_GetConsoleScreenBufferInfo 00000001802d3170     kernel32:KERNEL32.dll
 0006:00000178       __imp_SetConsoleTextAttribute 00000001802d3178     kernel32:KERNEL32.dll
 0006:00000180       __imp_RtlLookupFunctionEntry 00000001802d3180     kernel32:KERNEL32.dll
 0006:00000188       __imp_UnhandledExceptionFilter 00000001802d3188     kernel32:KERNEL32.dll
 0006:00000190       __imp_SetUnhandledExceptionFilter 00000001802d3190     kernel32:KERNEL32.dll
 0006:00000198       __imp_GetCurrentProcess    00000001802d3198     kernel32:KERNEL32.dll
 0006:000001a0       __imp_TerminateProcess     00000001802d31a0     kernel32:KERNEL32.dll
 0006:000001a8       __imp_IsProcessorFeaturePresent 00000001802d31a8     kernel32:KERNEL32.dll
 0006:000001b0       __imp_IsDebuggerPresent    00000001802d31b0     kernel32:KERNEL32.dll
 0006:000001b8       __imp_GetStartupInfoW      00000001802d31b8     kernel32:KERNEL32.dll
 0006:000001c0       __imp_GetModuleHandleW     00000001802d31c0     kernel32:KERNEL32.dll
 0006:000001c8       __imp_RaiseException       00000001802d31c8     kernel32:KERNEL32.dll
 0006:000001d0       __imp_MultiByteToWideChar  00000001802d31d0     kernel32:KERNEL32.dll
 0006:000001d8       __imp_WideCharToMultiByte  00000001802d31d8     kernel32:KERNEL32.dll
 0006:000001e0       __imp_QueryPerformanceCounter 00000001802d31e0     kernel32:KERNEL32.dll
 0006:000001e8       __imp_GetCurrentProcessId  00000001802d31e8     kernel32:KERNEL32.dll
 0006:000001f0       __imp_GetCurrentThreadId   00000001802d31f0     kernel32:KERNEL32.dll
 0006:000001f8       __imp_GetSystemTimeAsFileTime 00000001802d31f8     kernel32:KERNEL32.dll
 0006:00000200       __imp_DisableThreadLibraryCalls 00000001802d3200     kernel32:KERNEL32.dll
 0006:00000208       __imp_RtlVirtualUnwind     00000001802d3208     kernel32:KERNEL32.dll
 0006:00000210       __imp_GetProcAddress       00000001802d3210     kernel32:KERNEL32.dll
 0006:00000218       __imp_InitializeSListHead  00000001802d3218     kernel32:KERNEL32.dll
 0006:00000220       __imp_GetLastError         00000001802d3220     kernel32:KERNEL32.dll
 0006:00000228       __imp_HeapAlloc            00000001802d3228     kernel32:KERNEL32.dll
 0006:00000230       __imp_HeapFree             00000001802d3230     kernel32:KERNEL32.dll
 0006:00000238       __imp_GetProcessHeap       00000001802d3238     kernel32:KERNEL32.dll
 0006:00000240       __imp_VirtualQuery         00000001802d3240     kernel32:KERNEL32.dll
 0006:00000248       __imp_FreeLibrary          00000001802d3248     kernel32:KERNEL32.dll
 0006:00000250       __imp_RtlCaptureContext    00000001802d3250     kernel32:KERNEL32.dll
 0006:00000258       \177KERNEL32_NULL_THUNK_DATA 00000001802d3258     kernel32:KERNEL32.dll
 0006:000002e0       __imp_SetCursorPos         00000001802d32e0     user32:USER32.dll
 0006:000002e8       __imp_ClientToScreen       00000001802d32e8     user32:USER32.dll
 0006:000002f0       __imp_TranslateMessage     00000001802d32f0     user32:USER32.dll
 0006:000002f8       __imp_DispatchMessageA     00000001802d32f8     user32:USER32.dll
 0006:00000300       __imp_PeekMessageA         00000001802d3300     user32:USER32.dll
 0006:00000308       __imp_DefWindowProcA       00000001802d3308     user32:USER32.dll
 0006:00000310       __imp_RegisterClassExA     00000001802d3310     user32:USER32.dll
 0006:00000318       __imp_CreateWindowExA      00000001802d3318     user32:USER32.dll
 0006:00000320       __imp_ShowWindow           00000001802d3320     user32:USER32.dll
 0006:00000328       __imp_GetSystemMetrics     00000001802d3328     user32:USER32.dll
 0006:00000330       __imp_GetDC                00000001802d3330     user32:USER32.dll
 0006:00000338       __imp_ReleaseDC            00000001802d3338     user32:USER32.dll
 0006:00000340       __imp_AdjustWindowRect     00000001802d3340     user32:USER32.dll
 0006:00000348       __imp_ShowCursor           00000001802d3348     user32:USER32.dll
 0006:00000350       __imp_LoadCursorA          00000001802d3350     user32:USER32.dll
 0006:00000358       __imp_LoadIconA            00000001802d3358     user32:USER32.dll
 0006:00000360       \177USER32_NULL_THUNK_DATA 00000001802d3360     user32:USER32.dll
 0006:000003d0       __imp__vcomp_barrier       00000001802d33d0     VCOMPD:VCOMP140D.DLL
 0006:000003d8       __imp__vcomp_for_static_simple_init 00000001802d33d8     VCOMPD:VCOMP140D.DLL
 0006:000003e0       __imp__vcomp_for_static_end 00000001802d33e0     VCOMPD:VCOMP140D.DLL
 0006:000003e8       \177VCOMP140D_NULL_THUNK_DATA 00000001802d33e8     VCOMPD:VCOMP140D.DLL
 0006:00000440       __imp_memcmp               00000001802d3440     vcruntimed:VCRUNTIME140D.dll
 0006:00000448       __imp___CxxFrameHandler3   00000001802d3448     vcruntimed:VCRUNTIME140D.dll
 0006:00000450       __imp_memset               00000001802d3450     vcruntimed:VCRUNTIME140D.dll
 0006:00000458       __imp___vcrt_LoadLibraryExW 00000001802d3458     vcruntimed:VCRUNTIME140D.dll
 0006:00000460       __imp___vcrt_GetModuleHandleW 00000001802d3460     vcruntimed:VCRUNTIME140D.dll
 0006:00000468       __imp___vcrt_GetModuleFileNameW 00000001802d3468     vcruntimed:VCRUNTIME140D.dll
 0006:00000470       __imp___std_type_info_destroy_list 00000001802d3470     vcruntimed:VCRUNTIME140D.dll
 0006:00000478       __imp__CxxThrowException   00000001802d3478     vcruntimed:VCRUNTIME140D.dll
 0006:00000480       __imp___std_exception_destroy 00000001802d3480     vcruntimed:VCRUNTIME140D.dll
 0006:00000488       __imp___std_exception_copy 00000001802d3488     vcruntimed:VCRUNTIME140D.dll
 0006:00000490       __imp___intrinsic_setjmp   00000001802d3490     vcruntimed:VCRUNTIME140D.dll
 0006:00000498       __imp___C_specific_handler 00000001802d3498     vcruntimed:VCRUNTIME140D.dll
 0006:000004a0       __imp_memchr               00000001802d34a0     vcruntimed:VCRUNTIME140D.dll
 0006:000004a8       __imp_strstr               00000001802d34a8     vcruntimed:VCRUNTIME140D.dll
 0006:000004b0       __imp_longjmp              00000001802d34b0     vcruntimed:VCRUNTIME140D.dll
 0006:000004b8       __imp_strrchr              00000001802d34b8     vcruntimed:VCRUNTIME140D.dll
 0006:000004c0       __imp_memmove              00000001802d34c0     vcruntimed:VCRUNTIME140D.dll
 0006:000004c8       __imp_memcpy               00000001802d34c8     vcruntimed:VCRUNTIME140D.dll
 0006:000004d0       __imp__purecall            00000001802d34d0     vcruntimed:VCRUNTIME140D.dll
 0006:000004d8       \177VCRUNTIME140D_NULL_THUNK_DATA 00000001802d34d8     vcruntimed:VCRUNTIME140D.dll
 0006:00000548       __imp_D3D11CreateDeviceAndSwapChain 00000001802d3548     d3d11:d3d11.dll
 0006:00000550       \177d3d11_NULL_THUNK_DATA  00000001802d3550     d3d11:d3d11.dll
 0006:000005a8       __imp_fseek                00000001802d35a8     ucrtd:ucrtbased.dll
 0006:000005b0       __imp_ftell                00000001802d35b0     ucrtd:ucrtbased.dll
 0006:000005b8       __imp_free                 00000001802d35b8     ucrtd:ucrtbased.dll
 0006:000005c0       __imp_malloc               00000001802d35c0     ucrtd:ucrtbased.dll
 0006:000005c8       __imp_realloc              00000001802d35c8     ucrtd:ucrtbased.dll
 0006:000005d0       __imp_exit                 00000001802d35d0     ucrtd:ucrtbased.dll
 0006:000005d8       __imp__seh_filter_dll      00000001802d35d8     ucrtd:ucrtbased.dll
 0006:000005e0       __imp__configure_narrow_argv 00000001802d35e0     ucrtd:ucrtbased.dll
 0006:000005e8       __imp__initialize_narrow_environment 00000001802d35e8     ucrtd:ucrtbased.dll
 0006:000005f0       __imp__initialize_onexit_table 00000001802d35f0     ucrtd:ucrtbased.dll
 0006:000005f8       __imp__register_onexit_function 00000001802d35f8     ucrtd:ucrtbased.dll
 0006:00000600       __imp__execute_onexit_table 00000001802d3600     ucrtd:ucrtbased.dll
 0006:00000608       __imp__crt_atexit          00000001802d3608     ucrtd:ucrtbased.dll
 0006:00000610       __imp__crt_at_quick_exit   00000001802d3610     ucrtd:ucrtbased.dll
 0006:00000618       __imp__cexit               00000001802d3618     ucrtd:ucrtbased.dll
 0006:00000620       __imp__CrtDbgReport        00000001802d3620     ucrtd:ucrtbased.dll
 0006:00000628       __imp__CrtDbgReportW       00000001802d3628     ucrtd:ucrtbased.dll
 0006:00000630       __imp_terminate            00000001802d3630     ucrtd:ucrtbased.dll
 0006:00000638       __imp__callnewh            00000001802d3638     ucrtd:ucrtbased.dll
 0006:00000640       __imp__initterm            00000001802d3640     ucrtd:ucrtbased.dll
 0006:00000648       __imp__initterm_e          00000001802d3648     ucrtd:ucrtbased.dll
 0006:00000650       __imp__free_dbg            00000001802d3650     ucrtd:ucrtbased.dll
 0006:00000658       __imp___stdio_common_vsprintf_s 00000001802d3658     ucrtd:ucrtbased.dll
 0006:00000660       __imp__wmakepath_s         00000001802d3660     ucrtd:ucrtbased.dll
 0006:00000668       __imp__wsplitpath_s        00000001802d3668     ucrtd:ucrtbased.dll
 0006:00000670       __imp_wcscpy_s             00000001802d3670     ucrtd:ucrtbased.dll
 0006:00000678       __imp_strncmp              00000001802d3678     ucrtd:ucrtbased.dll
 0006:00000680       __imp_strtol               00000001802d3680     ucrtd:ucrtbased.dll
 0006:00000688       __imp_qsort                00000001802d3688     ucrtd:ucrtbased.dll
 0006:00000690       __imp_strncpy              00000001802d3690     ucrtd:ucrtbased.dll
 0006:00000698       __imp_strcmp               00000001802d3698     ucrtd:ucrtbased.dll
 0006:000006a0       __imp_strcat               00000001802d36a0     ucrtd:ucrtbased.dll
 0006:000006a8       __imp_getenv               00000001802d36a8     ucrtd:ucrtbased.dll
 0006:000006b0       __imp_strlen               00000001802d36b0     ucrtd:ucrtbased.dll
 0006:000006b8       __imp_fwrite               00000001802d36b8     ucrtd:ucrtbased.dll
 0006:000006c0       __imp__ftelli64            00000001802d36c0     ucrtd:ucrtbased.dll
 0006:000006c8       __imp__fseeki64            00000001802d36c8     ucrtd:ucrtbased.dll
 0006:000006d0       __imp_fread                00000001802d36d0     ucrtd:ucrtbased.dll
 0006:000006d8       __imp_fclose               00000001802d36d8     ucrtd:ucrtbased.dll
 0006:000006e0       __imp_fopen                00000001802d36e0     ucrtd:ucrtbased.dll
 0006:000006e8       __imp_tanhf                00000001802d36e8     ucrtd:ucrtbased.dll
 0006:000006f0       __imp_sinf                 00000001802d36f0     ucrtd:ucrtbased.dll
 0006:000006f8       __imp___stdio_common_vsprintf 00000001802d36f8     ucrtd:ucrtbased.dll
 0006:00000700       __imp_atof                 00000001802d3700     ucrtd:ucrtbased.dll
 0006:00000708       __imp___stdio_common_vsscanf 00000001802d3708     ucrtd:ucrtbased.dll
 0006:00000710       __imp_sqrtf                00000001802d3710     ucrtd:ucrtbased.dll
 0006:00000718       __imp_ceilf                00000001802d3718     ucrtd:ucrtbased.dll
 0006:00000720       __imp_clock                00000001802d3720     ucrtd:ucrtbased.dll
 0006:00000728       __imp_cosf                 00000001802d3728     ucrtd:ucrtbased.dll
 0006:00000730       __imp___stdio_common_vfprintf 00000001802d3730     ucrtd:ucrtbased.dll
 0006:00000738       __imp___acrt_iob_func      00000001802d3738     ucrtd:ucrtbased.dll
 0006:00000740       __imp___stdio_common_vswprintf_s 00000001802d3740     ucrtd:ucrtbased.dll
 0006:00000748       __imp_atoi                 00000001802d3748     ucrtd:ucrtbased.dll
 0006:00000750       \177ucrtbased_NULL_THUNK_DATA 00000001802d3750     ucrtd:ucrtbased.dll
 0006:000007f8       __IMPORT_DESCRIPTOR_d3d11  00000001802d37f8     d3d11:d3d11.dll
 0006:0000080c       __IMPORT_DESCRIPTOR_D3DCOMPILER_47 00000001802d380c     d3dcompiler:D3DCOMPILER_47.dll
 0006:00000820       __IMPORT_DESCRIPTOR_FreeImage 00000001802d3820     FreeImage:FreeImage.dll
 0006:00000834       __IMPORT_DESCRIPTOR_KERNEL32 00000001802d3834     kernel32:KERNEL32.dll
 0006:00000848       __IMPORT_DESCRIPTOR_USER32 00000001802d3848     user32:USER32.dll
 0006:0000085c       __IMPORT_DESCRIPTOR_GDI32  00000001802d385c     gdi32:GDI32.dll
 0006:00000870       __IMPORT_DESCRIPTOR_VCOMP140D 00000001802d3870     VCOMPD:VCOMP140D.DLL
 0006:00000884       __IMPORT_DESCRIPTOR_VCRUNTIME140D 00000001802d3884     vcruntimed:VCRUNTIME140D.dll
 0006:00000898       __IMPORT_DESCRIPTOR_ucrtbased 00000001802d3898     ucrtd:ucrtbased.dll
 0006:000008ac       __NULL_IMPORT_DESCRIPTOR   00000001802d38ac     d3d11:d3d11.dll
 0008:00000000       __guard_check_icall_fptr   00000001802d6000     MSVCRTD:guard_support.obj
 0008:00000010       __guard_dispatch_icall_fptr 00000001802d6010     MSVCRTD:guard_support.obj
